Archive member included to satisfy reference by file (symbol)

c:/nxp/mcuxpressoide_10.2.0_759/ide/tools/bin/../lib/gcc/arm-none-eabi/7.2.1/../../../../arm-none-eabi/lib/thumb/v7e-m/fpv4-sp/hard\libcr_semihost_nf.a(_cr__main.o)
                              ./source/startup/startup_mk64f12.o (__main)
c:/nxp/mcuxpressoide_10.2.0_759/ide/tools/bin/../lib/gcc/arm-none-eabi/7.2.1/../../../../arm-none-eabi/lib/thumb/v7e-m/fpv4-sp/hard\libcr_c.a(initio.o)
                              c:/nxp/mcuxpressoide_10.2.0_759/ide/tools/bin/../lib/gcc/arm-none-eabi/7.2.1/../../../../arm-none-eabi/lib/thumb/v7e-m/fpv4-sp/hard\libcr_semihost_nf.a(_cr__main.o) (_initio)
c:/nxp/mcuxpressoide_10.2.0_759/ide/tools/bin/../lib/gcc/arm-none-eabi/7.2.1/../../../../arm-none-eabi/lib/thumb/v7e-m/fpv4-sp/hard\libcr_c.a(setvbuf.o)
                              c:/nxp/mcuxpressoide_10.2.0_759/ide/tools/bin/../lib/gcc/arm-none-eabi/7.2.1/../../../../arm-none-eabi/lib/thumb/v7e-m/fpv4-sp/hard\libcr_c.a(initio.o) (setvbuf)
c:/nxp/mcuxpressoide_10.2.0_759/ide/tools/bin/../lib/gcc/arm-none-eabi/7.2.1/../../../../arm-none-eabi/lib/thumb/v7e-m/fpv4-sp/hard\libcr_c.a(_fdopen.o)
                              c:/nxp/mcuxpressoide_10.2.0_759/ide/tools/bin/../lib/gcc/arm-none-eabi/7.2.1/../../../../arm-none-eabi/lib/thumb/v7e-m/fpv4-sp/hard\libcr_c.a(initio.o) (_fdopen)
c:/nxp/mcuxpressoide_10.2.0_759/ide/tools/bin/../lib/gcc/arm-none-eabi/7.2.1/../../../../arm-none-eabi/lib/thumb/v7e-m/fpv4-sp/hard\libcr_c.a(fclose.o)
                              c:/nxp/mcuxpressoide_10.2.0_759/ide/tools/bin/../lib/gcc/arm-none-eabi/7.2.1/../../../../arm-none-eabi/lib/thumb/v7e-m/fpv4-sp/hard\libcr_c.a(initio.o) (fclose)
c:/nxp/mcuxpressoide_10.2.0_759/ide/tools/bin/../lib/gcc/arm-none-eabi/7.2.1/../../../../arm-none-eabi/lib/thumb/v7e-m/fpv4-sp/hard\libcr_c.a(fflush.o)
                              c:/nxp/mcuxpressoide_10.2.0_759/ide/tools/bin/../lib/gcc/arm-none-eabi/7.2.1/../../../../arm-none-eabi/lib/thumb/v7e-m/fpv4-sp/hard\libcr_c.a(fclose.o) (fflush)
c:/nxp/mcuxpressoide_10.2.0_759/ide/tools/bin/../lib/gcc/arm-none-eabi/7.2.1/../../../../arm-none-eabi/lib/thumb/v7e-m/fpv4-sp/hard\libcr_c.a(fseek.o)
                              c:/nxp/mcuxpressoide_10.2.0_759/ide/tools/bin/../lib/gcc/arm-none-eabi/7.2.1/../../../../arm-none-eabi/lib/thumb/v7e-m/fpv4-sp/hard\libcr_c.a(_fdopen.o) (fseek)
c:/nxp/mcuxpressoide_10.2.0_759/ide/tools/bin/../lib/gcc/arm-none-eabi/7.2.1/../../../../arm-none-eabi/lib/thumb/v7e-m/fpv4-sp/hard\libcr_c.a(ftell.o)
                              c:/nxp/mcuxpressoide_10.2.0_759/ide/tools/bin/../lib/gcc/arm-none-eabi/7.2.1/../../../../arm-none-eabi/lib/thumb/v7e-m/fpv4-sp/hard\libcr_c.a(fseek.o) (ftell)
c:/nxp/mcuxpressoide_10.2.0_759/ide/tools/bin/../lib/gcc/arm-none-eabi/7.2.1/../../../../arm-none-eabi/lib/thumb/v7e-m/fpv4-sp/hard\libcr_c.a(remove.o)
                              c:/nxp/mcuxpressoide_10.2.0_759/ide/tools/bin/../lib/gcc/arm-none-eabi/7.2.1/../../../../arm-none-eabi/lib/thumb/v7e-m/fpv4-sp/hard\libcr_c.a(fclose.o) (remove)
c:/nxp/mcuxpressoide_10.2.0_759/ide/tools/bin/../lib/gcc/arm-none-eabi/7.2.1/../../../../arm-none-eabi/lib/thumb/v7e-m/fpv4-sp/hard\libcr_c.a(strlen.o)
                              c:/nxp/mcuxpressoide_10.2.0_759/ide/tools/bin/../lib/gcc/arm-none-eabi/7.2.1/../../../../arm-none-eabi/lib/thumb/v7e-m/fpv4-sp/hard\libcr_c.a(remove.o) (strlen)
c:/nxp/mcuxpressoide_10.2.0_759/ide/tools/bin/../lib/gcc/arm-none-eabi/7.2.1/../../../../arm-none-eabi/lib/thumb/v7e-m/fpv4-sp/hard\libcr_c.a(memset.o)
                              c:/nxp/mcuxpressoide_10.2.0_759/ide/tools/bin/../lib/gcc/arm-none-eabi/7.2.1/../../../../arm-none-eabi/lib/thumb/v7e-m/fpv4-sp/hard\libcr_c.a(fclose.o) (memset)
c:/nxp/mcuxpressoide_10.2.0_759/ide/tools/bin/../lib/gcc/arm-none-eabi/7.2.1/../../../../arm-none-eabi/lib/thumb/v7e-m/fpv4-sp/hard\libcr_c.a(_do_fflush.o)
                              c:/nxp/mcuxpressoide_10.2.0_759/ide/tools/bin/../lib/gcc/arm-none-eabi/7.2.1/../../../../arm-none-eabi/lib/thumb/v7e-m/fpv4-sp/hard\libcr_c.a(fflush.o) (_do_fflush)
c:/nxp/mcuxpressoide_10.2.0_759/ide/tools/bin/../lib/gcc/arm-none-eabi/7.2.1/../../../../arm-none-eabi/lib/thumb/v7e-m/fpv4-sp/hard\libcr_c.a(_fflush.o)
                              c:/nxp/mcuxpressoide_10.2.0_759/ide/tools/bin/../lib/gcc/arm-none-eabi/7.2.1/../../../../arm-none-eabi/lib/thumb/v7e-m/fpv4-sp/hard\libcr_c.a(_do_fflush.o) (_fflush)
c:/nxp/mcuxpressoide_10.2.0_759/ide/tools/bin/../lib/gcc/arm-none-eabi/7.2.1/../../../../arm-none-eabi/lib/thumb/v7e-m/fpv4-sp/hard\libcr_c.a(_writebuf.o)
                              c:/nxp/mcuxpressoide_10.2.0_759/ide/tools/bin/../lib/gcc/arm-none-eabi/7.2.1/../../../../arm-none-eabi/lib/thumb/v7e-m/fpv4-sp/hard\libcr_c.a(_fflush.o) (_Cwritebuf)
c:/nxp/mcuxpressoide_10.2.0_759/ide/tools/bin/../lib/gcc/arm-none-eabi/7.2.1/../../../../arm-none-eabi/lib/thumb/v7e-m/fpv4-sp/hard\libcr_c.a(alloc.o)
[...]
Memory Configuration

Name             Origin             Length             Attributes
PROGRAM_FLASH    0x00000000         0x00100000         xr
SRAM_UPPER       0x20000000         0x00030000         xrw
SRAM_LOWER       0x1fff0000         0x00010000         xrw
FLEX_RAM         0x14000000         0x00001000         xrw
*default*        0x00000000         0xffffffff

Linker script and memory map

LOAD ./source/startup/hardware.o
LOAD ./source/startup/main.o
LOAD ./source/startup/semihost_hardfault.o
LOAD ./source/startup/startup_mk64f12.o
LOAD ./source/App.o
LOAD ./source/Led.o
LOAD ./source/SysTick.o
LOAD ./source/Timer.o
LOAD ./CMSIS/system_MK64F12.o
LOAD C:/Users/pabli/Documents/MCUXpressoIDE_10.2.0_759/workspace/MultipleSystickCallbacks/source/gpio.o
START GROUP
LOAD c:/nxp/mcuxpressoide_10.2.0_759/ide/tools/bin/../lib/gcc/arm-none-eabi/7.2.1/../../../../arm-none-eabi/lib/thumb/v7e-m/fpv4-sp/hard\libcr_semihost_nf.a
LOAD c:/nxp/mcuxpressoide_10.2.0_759/ide/tools/bin/../lib/gcc/arm-none-eabi/7.2.1/../../../../arm-none-eabi/lib/thumb/v7e-m/fpv4-sp/hard\libcr_c.a
LOAD c:/nxp/mcuxpressoide_10.2.0_759/ide/tools/bin/../lib/gcc/arm-none-eabi/7.2.1/thumb/v7e-m/fpv4-sp/hard\libcr_eabihelpers.a
END GROUP
                0x00000000                __base_PROGRAM_FLASH = 0x0
                0x00000000                __base_Flash = 0x0
                0x00100000                __top_PROGRAM_FLASH = 0x100000
                0x00100000                __top_Flash = 0x100000
                0x20000000                __base_SRAM_UPPER = 0x20000000
                0x20000000                __base_RAM = 0x20000000
                0x20030000                __top_SRAM_UPPER = 0x20030000
                0x20030000                __top_RAM = 0x20030000
                0x1fff0000                __base_SRAM_LOWER = 0x1fff0000
                0x1fff0000                __base_RAM2 = 0x1fff0000
                0x20000000                __top_SRAM_LOWER = 0x20000000
                0x20000000                __top_RAM2 = 0x20000000
                0x14000000                __base_FLEX_RAM = 0x14000000
                0x14000000                __base_RAM3 = 0x14000000
                0x14001000                __top_FLEX_RAM = 0x14001000
                0x14001000                __top_RAM3 = 0x14001000

.text           0x00000000     0x17b0
 FILL mask 0xff
                0x00000000                __vectors_start__ = ABSOLUTE (.)
 *(SORT_BY_ALIGNMENT(.isr_vector))
 .isr_vector    0x00000000      0x198 ./source/startup/startup_mk64f12.o
                0x00000000                g_pfnVectors
                0x00000000                __Vectors
                0x00000198                . = ALIGN (0x4)
                0x00000198                __section_table_start = .
                0x00000198                __data_section_table = .
                0x00000198        0x4 LONG 0x17b0 LOADADDR (.data)
                0x0000019c        0x4 LONG 0x20000000 ADDR (.data)
                0x000001a0        0x4 LONG 0x0 SIZEOF (.data)
                0x000001a4        0x4 LONG 0x17b0 LOADADDR (.data_RAM2)
                0x000001a8        0x4 LONG 0x1fff0000 ADDR (.data_RAM2)
                0x000001ac        0x4 LONG 0x0 SIZEOF (.data_RAM2)
                0x000001b0        0x4 LONG 0x17b0 LOADADDR (.data_RAM3)
                0x000001b4        0x4 LONG 0x14000000 ADDR (.data_RAM3)
                0x000001b8        0x4 LONG 0x0 SIZEOF (.data_RAM3)
                0x000001bc                __data_section_table_end = .
                0x000001bc                __bss_section_table = .
                0x000001bc        0x4 LONG 0x20000000 ADDR (.bss)
                0x000001c0        0x4 LONG 0x1cf8 SIZEOF (.bss)
                0x000001c4        0x4 LONG 0x1fff0000 ADDR (.bss_RAM2)
                0x000001c8        0x4 LONG 0x0 SIZEOF (.bss_RAM2)
                0x000001cc        0x4 LONG 0x14000000 ADDR (.bss_RAM3)
                0x000001d0        0x4 LONG 0x0 SIZEOF (.bss_RAM3)
                0x000001d4                __bss_section_table_end = .
                0x000001d4                __section_table_end = .
 *(SORT_BY_ALIGNMENT(.after_vectors*))
 .after_vectors.reset
                0x000001d4       0x4c ./source/startup/startup_mk64f12.o
                0x000001d4                ResetISR
 .after_vectors.init_data
                0x00000220       0x1e ./source/startup/startup_mk64f12.o
                0x00000220                data_init
 .after_vectors.init_bss
                0x0000023e       0x12 ./source/startup/startup_mk64f12.o
                0x0000023e                bss_init
 .after_vectors
                0x00000250       0x14 ./source/startup/startup_mk64f12.o
                0x00000250                NMI_Handler
                0x00000254                MemManage_Handler
                0x00000256                BusFault_Handler
                0x00000258                UsageFault_Handler
                0x0000025a                SVC_Handler
                0x0000025c                DebugMon_Handler
                0x0000025e                PendSV_Handler
                0x00000262                DMA_Error_DriverIRQHandler
                0x00000262                LPTMR0_DriverIRQHandler
                0x00000262                FTM1_DriverIRQHandler
                0x00000262                FTM2_DriverIRQHandler
                0x00000262                PIT2_DriverIRQHandler
                0x00000262                SDHC_DriverIRQHandler
                0x00000262                I2S0_Tx_DriverIRQHandler
                0x00000262                RTC_Seconds_DriverIRQHandler
                0x00000262                DMA6_DriverIRQHandler
                0x00000262                LLWU_DriverIRQHandler
                0x00000262                MCM_DriverIRQHandler
                0x00000262                MCG_DriverIRQHandler
                0x00000262                ENET_1588_Timer_DriverIRQHandler
                0x00000262                I2C2_DriverIRQHandler
                0x00000262                DAC1_DriverIRQHandler
                0x00000262                SPI1_DriverIRQHandler
                0x00000262                CMP1_DriverIRQHandler
                0x00000262                UART5_RX_TX_DriverIRQHandler
                0x00000262                FTM0_DriverIRQHandler
                0x00000262                IntDefaultHandler
                0x00000262                USB0_DriverIRQHandler
                0x00000262                UART5_ERR_DriverIRQHandler
                0x00000262                PORTC_DriverIRQHandler
                0x00000262                DMA11_DriverIRQHandler
                0x00000262                DAC0_DriverIRQHandler
                0x00000262                DMA10_DriverIRQHandler
                0x00000262                CMP2_DriverIRQHandler
                0x00000262                UART2_ERR_DriverIRQHandler
                0x00000262                SPI2_DriverIRQHandler
                0x00000262                LVD_LVW_DriverIRQHandler
                0x00000262                PIT0_DriverIRQHandler
                0x00000262                RNG_DriverIRQHandler
                0x00000262                DMA5_DriverIRQHandler
                0x00000262                DMA12_DriverIRQHandler
                0x00000262                UART2_RX_TX_DriverIRQHandler
                0x00000262                USBDCD_DriverIRQHandler
                0x00000262                UART3_ERR_DriverIRQHandler
                0x00000262                DMA3_DriverIRQHandler
                0x00000262                DMA8_DriverIRQHandler
                0x00000262                DMA9_DriverIRQHandler
                0x00000262                UART0_ERR_DriverIRQHandler
                0x00000262                CMT_DriverIRQHandler
                0x00000262                Reserved71_DriverIRQHandler
                0x00000262                ADC1_DriverIRQHandler
                0x00000262                PORTA_DriverIRQHandler
                0x00000262                DMA14_DriverIRQHandler
                0x00000262                PIT3_DriverIRQHandler
                0x00000262                PIT1_DriverIRQHandler
                0x00000262                WDOG_EWM_DriverIRQHandler
                0x00000262                PDB0_DriverIRQHandler
                0x00000262                RTC_DriverIRQHandler
                0x00000262                I2S0_Rx_DriverIRQHandler
                0x00000262                Read_Collision_DriverIRQHandler
                0x00000262                SWI_DriverIRQHandler
                0x00000262                UART4_RX_TX_DriverIRQHandler
                0x00000262                UART4_ERR_DriverIRQHandler
                0x00000262                PORTB_DriverIRQHandler
                0x00000262                UART0_LON_DriverIRQHandler
                0x00000262                DMA0_DriverIRQHandler
                0x00000262                DMA1_DriverIRQHandler
                0x00000262                I2C1_DriverIRQHandler
                0x00000262                UART3_RX_TX_DriverIRQHandler
                0x00000262                ENET_Receive_DriverIRQHandler
                0x00000262                DMA13_DriverIRQHandler
                0x00000262                ENET_Error_DriverIRQHandler
                0x00000262                DMA15_DriverIRQHandler
                0x00000262                UART0_RX_TX_DriverIRQHandler
                0x00000262                SPI0_DriverIRQHandler
                0x00000262                ADC0_DriverIRQHandler
                0x00000262                CMP0_DriverIRQHandler
                0x00000262                CAN0_DriverIRQHandler
                0x00000262                FTM3_DriverIRQHandler
                0x00000262                DMA4_DriverIRQHandler
                0x00000262                UART1_ERR_DriverIRQHandler
                0x00000262                DMA2_DriverIRQHandler
                0x00000262                ENET_Transmit_DriverIRQHandler
                0x00000262                PORTD_DriverIRQHandler
                0x00000262                PORTE_DriverIRQHandler
                0x00000262                FTFE_DriverIRQHandler
                0x00000262                I2C0_DriverIRQHandler
                0x00000262                DMA7_DriverIRQHandler
                0x00000262                UART1_RX_TX_DriverIRQHandler
                0x00000400                . = 0x400
 *fill*         0x00000264      0x19c ff
                0x00000400                PROVIDE (__FLASH_CONFIG_START__, .)
 *(SORT_BY_ALIGNMENT(.FlashConfig))
 .FlashConfig   0x00000400       0x10 ./source/startup/startup_mk64f12.o
                0x00000400                Flash_Config
                0x00000410                PROVIDE (__FLASH_CONFIG_END__, .)
                0x00000001                ASSERT (! ((__FLASH_CONFIG_START__ == __FLASH_CONFIG_END__)), Linker Flash Config Support Enabled, but no .FlashConfig section provided within application)
 *(SORT_BY_ALIGNMENT(.text*))
 .text.hw_Init  0x00000410      0x10c ./source/startup/hardware.o
                0x00000410                hw_Init
 .text.hw_EnableInterrupts
                0x0000051c       0x30 ./source/startup/hardware.o
                0x0000051c                hw_EnableInterrupts
 .text.hw_DisableInterrupts
                0x0000054c       0x20 ./source/startup/hardware.o
                0x0000054c                hw_DisableInterrupts
 .text.App_Init
                0x0000056c       0x70 ./source/App.o
                0x0000056c                App_Init
 .text.callback
                0x000005dc       0x54 ./source/App.o
                0x000005dc                callback
 .text.callback2
                0x00000630       0x54 ./source/App.o
                0x00000630                callback2
 .text.SysTick_Init
                0x00000684       0x3c ./source/SysTick.o
                0x00000684                SysTick_Init
 .text.SysTick_Handler
                0x000006c0       0xb0 ./source/SysTick.o
                0x000006c0                SysTick_Handler
 .text.SysTick_AddCallback
                0x00000770       0x7c ./source/SysTick.o
                0x00000770                SysTick_AddCallback
 .text.Systick_ClrCallback
                0x000007ec      0x1b8 ./source/SysTick.o
                0x000007ec                Systick_ClrCallback
 .text.Systick_ChangeCallbackTime
                0x000009a4       0xb0 ./source/SysTick.o
                0x000009a4                Systick_ChangeCallbackTime
 .text.Timer_Init
                0x00000a54       0x28 ./source/Timer.o
                0x00000a54                Timer_Init
 .text.Timer_Create
                0x00000a7c       0x54 ./source/Timer.o
                0x00000a7c                Timer_Create
 .text.Timer_Delete
                0x00000ad0      0x130 ./source/Timer.o
                0x00000ad0                Timer_Delete
 .text.Timer_ChangeTime
                0x00000c00       0x8c ./source/Timer.o
                0x00000c00                Timer_ChangeTime
 .text.SystemInit
                0x00000c8c       0x3c ./CMSIS/system_MK64F12.o
                0x00000c8c                SystemInit
 .text.gpioMode
                0x00000cc8       0x98 C:/Users/pabli/Documents/MCUXpressoIDE_10.2.0_759/workspace/MultipleSystickCallbacks/source/gpio.o
                0x00000cc8                gpioMode
 .text.gpioWrite
                0x00000d60       0x5c C:/Users/pabli/Documents/MCUXpressoIDE_10.2.0_759/workspace/MultipleSystickCallbacks/source/gpio.o
                0x00000d60                gpioWrite
 .text.gpioToggle
                0x00000dbc       0x48 C:/Users/pabli/Documents/MCUXpressoIDE_10.2.0_759/workspace/MultipleSystickCallbacks/source/gpio.o
                0x00000dbc                gpioToggle
 .text._initio  0x00000e04       0x78 c:/nxp/mcuxpressoide_10.2.0_759/ide/tools/bin/../lib/gcc/arm-none-eabi/7.2.1/../../../../arm-none-eabi/lib/thumb/v7e-m/fpv4-sp/hard\libcr_c.a(initio.o)
                0x00000e04                _initio
 .text.setvbuf  0x00000e7c       0x40 c:/nxp/mcuxpressoide_10.2.0_759/ide/tools/bin/../lib/gcc/arm-none-eabi/7.2.1/../../../../arm-none-eabi/lib/thumb/v7e-m/fpv4-sp/hard\libcr_c.a(setvbuf.o)
                0x00000e7c                setvbuf
 .text.fflush   0x00000ebc       0x44 c:/nxp/mcuxpressoide_10.2.0_759/ide/tools/bin/../lib/gcc/arm-none-eabi/7.2.1/../../../../arm-none-eabi/lib/thumb/v7e-m/fpv4-sp/hard\libcr_c.a(fflush.o)
                0x00000ebc                fflush
 .text.fseek    0x00000f00      0x100 c:/nxp/mcuxpressoide_10.2.0_759/ide/tools/bin/../lib/gcc/arm-none-eabi/7.2.1/../../../../arm-none-eabi/lib/thumb/v7e-m/fpv4-sp/hard\libcr_c.a(fseek.o)
                0x00000f00                fseek
 .text.ftell    0x00001000       0x44 c:/nxp/mcuxpressoide_10.2.0_759/ide/tools/bin/../lib/gcc/arm-none-eabi/7.2.1/../../../../arm-none-eabi/lib/thumb/v7e-m/fpv4-sp/hard\libcr_c.a(ftell.o)
                0x00001000                ftell
 .text._Cwritebuf
                0x00001044       0x6c c:/nxp/mcuxpressoide_10.2.0_759/ide/tools/bin/../lib/gcc/arm-none-eabi/7.2.1/../../../../arm-none-eabi/lib/thumb/v7e-m/fpv4-sp/hard\libcr_c.a(_writebuf.o)
                0x00001044                _Cwritebuf
 .text.main     0x000010b0       0x1a ./source/startup/main.o
                0x000010b0                main
 .text.HardFault_Handler
                0x000010ca       0x2c ./source/startup/semihost_hardfault.o
                0x000010ca                HardFault_Handler
 .text.DMA0_IRQHandler
                0x000010f6        0x8 ./source/startup/startup_mk64f12.o
                0x000010f6                DMA0_IRQHandler
 .text.DMA1_IRQHandler
                0x000010fe        0x8 ./source/startup/startup_mk64f12.o
                0x000010fe                DMA1_IRQHandler
 .text.DMA2_IRQHandler
                0x00001106        0x8 ./source/startup/startup_mk64f12.o
                0x00001106                DMA2_IRQHandler
 .text.DMA3_IRQHandler
                0x0000110e        0x8 ./source/startup/startup_mk64f12.o
                0x0000110e                DMA3_IRQHandler
 .text.DMA4_IRQHandler
                0x00001116        0x8 ./source/startup/startup_mk64f12.o
                0x00001116                DMA4_IRQHandler
 .text.DMA5_IRQHandler
                0x0000111e        0x8 ./source/startup/startup_mk64f12.o
                0x0000111e                DMA5_IRQHandler
 .text.DMA6_IRQHandler
                0x00001126        0x8 ./source/startup/startup_mk64f12.o
                0x00001126                DMA6_IRQHandler
 .text.DMA7_IRQHandler
                0x0000112e        0x8 ./source/startup/startup_mk64f12.o
                0x0000112e                DMA7_IRQHandler
 .text.DMA8_IRQHandler
                0x00001136        0x8 ./source/startup/startup_mk64f12.o
                0x00001136                DMA8_IRQHandler
 .text.DMA9_IRQHandler
                0x0000113e        0x8 ./source/startup/startup_mk64f12.o
                0x0000113e                DMA9_IRQHandler
 .text.DMA10_IRQHandler
                0x00001146        0x8 ./source/startup/startup_mk64f12.o
                0x00001146                DMA10_IRQHandler
 .text.DMA11_IRQHandler
                0x0000114e        0x8 ./source/startup/startup_mk64f12.o
                0x0000114e                DMA11_IRQHandler
 .text.DMA12_IRQHandler
                0x00001156        0x8 ./source/startup/startup_mk64f12.o
                0x00001156                DMA12_IRQHandler
 .text.DMA13_IRQHandler
                0x0000115e        0x8 ./source/startup/startup_mk64f12.o
                0x0000115e                DMA13_IRQHandler
 .text.DMA14_IRQHandler
                0x00001166        0x8 ./source/startup/startup_mk64f12.o
                0x00001166                DMA14_IRQHandler
 .text.DMA15_IRQHandler
                0x0000116e        0x8 ./source/startup/startup_mk64f12.o
                0x0000116e                DMA15_IRQHandler
 .text.DMA_Error_IRQHandler
                0x00001176        0x8 ./source/startup/startup_mk64f12.o
                0x00001176                DMA_Error_IRQHandler
 .text.MCM_IRQHandler
                0x0000117e        0x8 ./source/startup/startup_mk64f12.o
                0x0000117e                MCM_IRQHandler
 .text.FTFE_IRQHandler
                0x00001186        0x8 ./source/startup/startup_mk64f12.o
                0x00001186                FTFE_IRQHandler
 .text.Read_Collision_IRQHandler
                0x0000118e        0x8 ./source/startup/startup_mk64f12.o
                0x0000118e                Read_Collision_IRQHandler
 .text.LVD_LVW_IRQHandler
                0x00001196        0x8 ./source/startup/startup_mk64f12.o
                0x00001196                LVD_LVW_IRQHandler
 .text.LLWU_IRQHandler
                0x0000119e        0x8 ./source/startup/startup_mk64f12.o
                0x0000119e                LLWU_IRQHandler
 .text.WDOG_EWM_IRQHandler
                0x000011a6        0x8 ./source/startup/startup_mk64f12.o
                0x000011a6                WDOG_EWM_IRQHandler
 .text.RNG_IRQHandler
                0x000011ae        0x8 ./source/startup/startup_mk64f12.o
                0x000011ae                RNG_IRQHandler
 .text.I2C0_IRQHandler
                0x000011b6        0x8 ./source/startup/startup_mk64f12.o
                0x000011b6                I2C0_IRQHandler
 .text.I2C1_IRQHandler
                0x000011be        0x8 ./source/startup/startup_mk64f12.o
                0x000011be                I2C1_IRQHandler
 .text.SPI0_IRQHandler
                0x000011c6        0x8 ./source/startup/startup_mk64f12.o
                0x000011c6                SPI0_IRQHandler
 .text.SPI1_IRQHandler
                0x000011ce        0x8 ./source/startup/startup_mk64f12.o
                0x000011ce                SPI1_IRQHandler
 .text.I2S0_Tx_IRQHandler
                0x000011d6        0x8 ./source/startup/startup_mk64f12.o
                0x000011d6                I2S0_Tx_IRQHandler
 .text.I2S0_Rx_IRQHandler
                0x000011de        0x8 ./source/startup/startup_mk64f12.o
                0x000011de                I2S0_Rx_IRQHandler
 .text.UART0_LON_IRQHandler
                0x000011e6        0x8 ./source/startup/startup_mk64f12.o
                0x000011e6                UART0_LON_IRQHandler
 .text.UART0_RX_TX_IRQHandler
                0x000011ee        0x8 ./source/startup/startup_mk64f12.o
                0x000011ee                UART0_RX_TX_IRQHandler
 .text.UART0_ERR_IRQHandler
                0x000011f6        0x8 ./source/startup/startup_mk64f12.o
                0x000011f6                UART0_ERR_IRQHandler
 .text.UART1_RX_TX_IRQHandler
                0x000011fe        0x8 ./source/startup/startup_mk64f12.o
                0x000011fe                UART1_RX_TX_IRQHandler
 .text.UART1_ERR_IRQHandler
                0x00001206        0x8 ./source/startup/startup_mk64f12.o
                0x00001206                UART1_ERR_IRQHandler
 .text.UART2_RX_TX_IRQHandler
                0x0000120e        0x8 ./source/startup/startup_mk64f12.o
                0x0000120e                UART2_RX_TX_IRQHandler
 .text.UART2_ERR_IRQHandler
                0x00001216        0x8 ./source/startup/startup_mk64f12.o
                0x00001216                UART2_ERR_IRQHandler
 .text.UART3_RX_TX_IRQHandler
                0x0000121e        0x8 ./source/startup/startup_mk64f12.o
                0x0000121e                UART3_RX_TX_IRQHandler
 .text.UART3_ERR_IRQHandler
                0x00001226        0x8 ./source/startup/startup_mk64f12.o
                0x00001226                UART3_ERR_IRQHandler
 .text.ADC0_IRQHandler
                0x0000122e        0x8 ./source/startup/startup_mk64f12.o
                0x0000122e                ADC0_IRQHandler
 .text.CMP0_IRQHandler
                0x00001236        0x8 ./source/startup/startup_mk64f12.o
                0x00001236                CMP0_IRQHandler
 .text.CMP1_IRQHandler
                0x0000123e        0x8 ./source/startup/startup_mk64f12.o
                0x0000123e                CMP1_IRQHandler
 .text.FTM0_IRQHandler
                0x00001246        0x8 ./source/startup/startup_mk64f12.o
                0x00001246                FTM0_IRQHandler
 .text.FTM1_IRQHandler
                0x0000124e        0x8 ./source/startup/startup_mk64f12.o
                0x0000124e                FTM1_IRQHandler
 .text.FTM2_IRQHandler
                0x00001256        0x8 ./source/startup/startup_mk64f12.o
                0x00001256                FTM2_IRQHandler
 .text.CMT_IRQHandler
                0x0000125e        0x8 ./source/startup/startup_mk64f12.o
                0x0000125e                CMT_IRQHandler
 .text.RTC_IRQHandler
                0x00001266        0x8 ./source/startup/startup_mk64f12.o
                0x00001266                RTC_IRQHandler
 .text.RTC_Seconds_IRQHandler
                0x0000126e        0x8 ./source/startup/startup_mk64f12.o
                0x0000126e                RTC_Seconds_IRQHandler
 .text.PIT0_IRQHandler
                0x00001276        0x8 ./source/startup/startup_mk64f12.o
                0x00001276                PIT0_IRQHandler
 .text.PIT1_IRQHandler
                0x0000127e        0x8 ./source/startup/startup_mk64f12.o
                0x0000127e                PIT1_IRQHandler
 .text.PIT2_IRQHandler
                0x00001286        0x8 ./source/startup/startup_mk64f12.o
                0x00001286                PIT2_IRQHandler
 .text.PIT3_IRQHandler
                0x0000128e        0x8 ./source/startup/startup_mk64f12.o
                0x0000128e                PIT3_IRQHandler
 .text.PDB0_IRQHandler
                0x00001296        0x8 ./source/startup/startup_mk64f12.o
                0x00001296                PDB0_IRQHandler
 .text.USB0_IRQHandler
                0x0000129e        0x8 ./source/startup/startup_mk64f12.o
                0x0000129e                USB0_IRQHandler
 .text.USBDCD_IRQHandler
                0x000012a6        0x8 ./source/startup/startup_mk64f12.o
                0x000012a6                USBDCD_IRQHandler
 .text.Reserved71_IRQHandler
                0x000012ae        0x8 ./source/startup/startup_mk64f12.o
                0x000012ae                Reserved71_IRQHandler
 .text.DAC0_IRQHandler
                0x000012b6        0x8 ./source/startup/startup_mk64f12.o
                0x000012b6                DAC0_IRQHandler
 .text.MCG_IRQHandler
                0x000012be        0x8 ./source/startup/startup_mk64f12.o
                0x000012be                MCG_IRQHandler
 .text.LPTMR0_IRQHandler
                0x000012c6        0x8 ./source/startup/startup_mk64f12.o
                0x000012c6                LPTMR0_IRQHandler
 .text.PORTA_IRQHandler
                0x000012ce        0x8 ./source/startup/startup_mk64f12.o
                0x000012ce                PORTA_IRQHandler
 .text.PORTB_IRQHandler
                0x000012d6        0x8 ./source/startup/startup_mk64f12.o
                0x000012d6                PORTB_IRQHandler
 .text.PORTC_IRQHandler
                0x000012de        0x8 ./source/startup/startup_mk64f12.o
                0x000012de                PORTC_IRQHandler
 .text.PORTD_IRQHandler
                0x000012e6        0x8 ./source/startup/startup_mk64f12.o
                0x000012e6                PORTD_IRQHandler
 .text.PORTE_IRQHandler
                0x000012ee        0x8 ./source/startup/startup_mk64f12.o
                0x000012ee                PORTE_IRQHandler
 .text.SWI_IRQHandler
                0x000012f6        0x8 ./source/startup/startup_mk64f12.o
                0x000012f6                SWI_IRQHandler
 .text.SPI2_IRQHandler
                0x000012fe        0x8 ./source/startup/startup_mk64f12.o
                0x000012fe                SPI2_IRQHandler
 .text.UART4_RX_TX_IRQHandler
                0x00001306        0x8 ./source/startup/startup_mk64f12.o
                0x00001306                UART4_RX_TX_IRQHandler
 .text.UART4_ERR_IRQHandler
                0x0000130e        0x8 ./source/startup/startup_mk64f12.o
                0x0000130e                UART4_ERR_IRQHandler
 .text.UART5_RX_TX_IRQHandler
                0x00001316        0x8 ./source/startup/startup_mk64f12.o
                0x00001316                UART5_RX_TX_IRQHandler
 .text.UART5_ERR_IRQHandler
                0x0000131e        0x8 ./source/startup/startup_mk64f12.o
                0x0000131e                UART5_ERR_IRQHandler
 .text.CMP2_IRQHandler
                0x00001326        0x8 ./source/startup/startup_mk64f12.o
                0x00001326                CMP2_IRQHandler
 .text.FTM3_IRQHandler
                0x0000132e        0x8 ./source/startup/startup_mk64f12.o
                0x0000132e                FTM3_IRQHandler
 .text.DAC1_IRQHandler
                0x00001336        0x8 ./source/startup/startup_mk64f12.o
                0x00001336                DAC1_IRQHandler
 .text.ADC1_IRQHandler
                0x0000133e        0x8 ./source/startup/startup_mk64f12.o
                0x0000133e                ADC1_IRQHandler
 .text.I2C2_IRQHandler
                0x00001346        0x8 ./source/startup/startup_mk64f12.o
                0x00001346                I2C2_IRQHandler
 .text.CAN0_ORed_Message_buffer_IRQHandler
                0x0000134e        0x8 ./source/startup/startup_mk64f12.o
                0x0000134e                CAN0_ORed_Message_buffer_IRQHandler
 .text.CAN0_Bus_Off_IRQHandler
                0x00001356        0x8 ./source/startup/startup_mk64f12.o
                0x00001356                CAN0_Bus_Off_IRQHandler
 .text.CAN0_Error_IRQHandler
                0x0000135e        0x8 ./source/startup/startup_mk64f12.o
                0x0000135e                CAN0_Error_IRQHandler
 .text.CAN0_Tx_Warning_IRQHandler
                0x00001366        0x8 ./source/startup/startup_mk64f12.o
                0x00001366                CAN0_Tx_Warning_IRQHandler
 .text.CAN0_Rx_Warning_IRQHandler
                0x0000136e        0x8 ./source/startup/startup_mk64f12.o
                0x0000136e                CAN0_Rx_Warning_IRQHandler
 .text.CAN0_Wake_Up_IRQHandler
                0x00001376        0x8 ./source/startup/startup_mk64f12.o
                0x00001376                CAN0_Wake_Up_IRQHandler
 .text.SDHC_IRQHandler
                0x0000137e        0x8 ./source/startup/startup_mk64f12.o
                0x0000137e                SDHC_IRQHandler
 .text.ENET_1588_Timer_IRQHandler
                0x00001386        0x8 ./source/startup/startup_mk64f12.o
                0x00001386                ENET_1588_Timer_IRQHandler
 .text.ENET_Transmit_IRQHandler
                0x0000138e        0x8 ./source/startup/startup_mk64f12.o
                0x0000138e                ENET_Transmit_IRQHandler
 .text.ENET_Receive_IRQHandler
                0x00001396        0x8 ./source/startup/startup_mk64f12.o
                0x00001396                ENET_Receive_IRQHandler
 .text.ENET_Error_IRQHandler
                0x0000139e        0x8 ./source/startup/startup_mk64f12.o
                0x0000139e                ENET_Error_IRQHandler
 .text.App_Run  0x000013a6        0xe ./source/App.o
                0x000013a6                App_Run
 .text.getArrayEffectiveLength
                0x000013b4       0x54 ./source/SysTick.o
 .text.Timer_PISR
                0x00001408        0xe ./source/Timer.o
                0x00001408                Timer_PISR
 .text.getArrayEffectiveLength
                0x00001416       0x4c ./source/Timer.o
 .text.SystemInitHook
                0x00001462        0xe ./CMSIS/system_MK64F12.o
                0x00001462                SystemInitHook
 .text.parsePin
                0x00001470       0x42 C:/Users/pabli/Documents/MCUXpressoIDE_10.2.0_759/workspace/MultipleSystickCallbacks/source/gpio.o
 .text.__main   0x000014b2        0xe c:/nxp/mcuxpressoide_10.2.0_759/ide/tools/bin/../lib/gcc/arm-none-eabi/7.2.1/../../../../arm-none-eabi/lib/thumb/v7e-m/fpv4-sp/hard\libcr_semihost_nf.a(_cr__main.o)
                0x000014b2                __CR_SEMIHOST
                0x000014b2                __main
 .text._fdopen  0x000014c0       0x68 c:/nxp/mcuxpressoide_10.2.0_759/ide/tools/bin/../lib/gcc/arm-none-eabi/7.2.1/../../../../arm-none-eabi/lib/thumb/v7e-m/fpv4-sp/hard\libcr_c.a(_fdopen.o)
                0x000014c0                _fdopen
 .text.fclose   0x00001528       0x58 c:/nxp/mcuxpressoide_10.2.0_759/ide/tools/bin/../lib/gcc/arm-none-eabi/7.2.1/../../../../arm-none-eabi/lib/thumb/v7e-m/fpv4-sp/hard\libcr_c.a(fclose.o)
                0x00001528                fclose
 .text.remove   0x00001580       0x14 c:/nxp/mcuxpressoide_10.2.0_759/ide/tools/bin/../lib/gcc/arm-none-eabi/7.2.1/../../../../arm-none-eabi/lib/thumb/v7e-m/fpv4-sp/hard\libcr_c.a(remove.o)
                0x00001580                remove
 .text.strlen   0x00001594       0x4a c:/nxp/mcuxpressoide_10.2.0_759/ide/tools/bin/../lib/gcc/arm-none-eabi/7.2.1/../../../../arm-none-eabi/lib/thumb/v7e-m/fpv4-sp/hard\libcr_c.a(strlen.o)
                0x00001594                strlen
 .text.memset   0x000015de        0x4 c:/nxp/mcuxpressoide_10.2.0_759/ide/tools/bin/../lib/gcc/arm-none-eabi/7.2.1/../../../../arm-none-eabi/lib/thumb/v7e-m/fpv4-sp/hard\libcr_c.a(memset.o)
                0x000015de                memset
 .text._do_fflush
                0x000015e2       0x40 c:/nxp/mcuxpressoide_10.2.0_759/ide/tools/bin/../lib/gcc/arm-none-eabi/7.2.1/../../../../arm-none-eabi/lib/thumb/v7e-m/fpv4-sp/hard\libcr_c.a(_do_fflush.o)
                0x000015e2                _do_fflush
 .text._fflush  0x00001622       0x52 c:/nxp/mcuxpressoide_10.2.0_759/ide/tools/bin/../lib/gcc/arm-none-eabi/7.2.1/../../../../arm-none-eabi/lib/thumb/v7e-m/fpv4-sp/hard\libcr_c.a(_fflush.o)
                0x00001622                _fflush
 .text.free     0x00001674       0x30 c:/nxp/mcuxpressoide_10.2.0_759/ide/tools/bin/../lib/gcc/arm-none-eabi/7.2.1/../../../../arm-none-eabi/lib/thumb/v7e-m/fpv4-sp/hard\libcr_c.a(alloc.o)
                0x00001674                free
 .text._deferredlazyseek
                0x000016a4       0x40 c:/nxp/mcuxpressoide_10.2.0_759/ide/tools/bin/../lib/gcc/arm-none-eabi/7.2.1/../../../../arm-none-eabi/lib/thumb/v7e-m/fpv4-sp/hard\libcr_c.a(_deferredlazyseek.o)
                0x000016a4                _deferredlazyseek
 .text.__aeabi_memset_lowlevel
                0x000016e4       0x32 c:/nxp/mcuxpressoide_10.2.0_759/ide/tools/bin/../lib/gcc/arm-none-eabi/7.2.1/thumb/v7e-m/fpv4-sp/hard\libcr_eabihelpers.a(memcpy.o)
                0x000016e4                __aeabi_lowlevel_memset
 .text.__sys_close
                0x00001716        0xc c:/nxp/mcuxpressoide_10.2.0_759/ide/tools/bin/../lib/gcc/arm-none-eabi/7.2.1/../../../../arm-none-eabi/lib/thumb/v7e-m/fpv4-sp/hard\libcr_semihost_nf.a(__sys_close.o)
                0x00001716                __sys_close
 .text.__sys_flen
                0x00001722        0xc c:/nxp/mcuxpressoide_10.2.0_759/ide/tools/bin/../lib/gcc/arm-none-eabi/7.2.1/../../../../arm-none-eabi/lib/thumb/v7e-m/fpv4-sp/hard\libcr_semihost_nf.a(__sys_flen.o)
                0x00001722                __sys_flen
 .text.__sys_istty
                0x0000172e        0xc c:/nxp/mcuxpressoide_10.2.0_759/ide/tools/bin/../lib/gcc/arm-none-eabi/7.2.1/../../../../arm-none-eabi/lib/thumb/v7e-m/fpv4-sp/hard\libcr_semihost_nf.a(__sys_istty.o)
                0x0000172e                __sys_istty
 .text.__sys_remove
                0x0000173a        0xc c:/nxp/mcuxpressoide_10.2.0_759/ide/tools/bin/../lib/gcc/arm-none-eabi/7.2.1/../../../../arm-none-eabi/lib/thumb/v7e-m/fpv4-sp/hard\libcr_semihost_nf.a(__sys_remove.o)
                0x0000173a                __sys_remove
 .text.__sys_seek
                0x00001746        0xc c:/nxp/mcuxpressoide_10.2.0_759/ide/tools/bin/../lib/gcc/arm-none-eabi/7.2.1/../../../../arm-none-eabi/lib/thumb/v7e-m/fpv4-sp/hard\libcr_semihost_nf.a(__sys_seek.o)
                0x00001746                __sys_seek
 .text.__sys_tmpnam
                0x00001752        0xc c:/nxp/mcuxpressoide_10.2.0_759/ide/tools/bin/../lib/gcc/arm-none-eabi/7.2.1/../../../../arm-none-eabi/lib/thumb/v7e-m/fpv4-sp/hard\libcr_semihost_nf.a(__sys_tmpnam.o)
                0x00001752                __sys_tmpnam
 .text.__sys_write
                0x0000175e        0xc c:/nxp/mcuxpressoide_10.2.0_759/ide/tools/bin/../lib/gcc/arm-none-eabi/7.2.1/../../../../arm-none-eabi/lib/thumb/v7e-m/fpv4-sp/hard\libcr_semihost_nf.a(__sys_write.o)
                0x0000175e                __sys_write
 *(SORT_BY_ALIGNMENT(.rodata) SORT_BY_ALIGNMENT(.rodata.*) SORT_BY_ALIGNMENT(.constdata) SORT_BY_ALIGNMENT(.constdata.*))
 *fill*         0x0000176a        0x2 ff
 .rodata.portPtrList
                0x0000176c       0x14 C:/Users/pabli/Documents/MCUXpressoIDE_10.2.0_759/workspace/MultipleSystickCallbacks/source/gpio.o
 .rodata.gpioPtrList
                0x00001780       0x14 C:/Users/pabli/Documents/MCUXpressoIDE_10.2.0_759/workspace/MultipleSystickCallbacks/source/gpio.o
 .rodata.mode2pcr
                0x00001794       0x10 C:/Users/pabli/Documents/MCUXpressoIDE_10.2.0_759/workspace/MultipleSystickCallbacks/source/gpio.o
 .rodata.__num_Ciob_streams
                0x000017a4        0x4 c:/nxp/mcuxpressoide_10.2.0_759/ide/tools/bin/../lib/gcc/arm-none-eabi/7.2.1/../../../../arm-none-eabi/lib/thumb/v7e-m/fpv4-sp/hard\libcr_semihost_nf.a(__ciob.o)
                0x000017a4                __num_Ciob_streams
 .rodata._initio.str1.1
                0x000017a8        0x4 c:/nxp/mcuxpressoide_10.2.0_759/ide/tools/bin/../lib/gcc/arm-none-eabi/7.2.1/../../../../arm-none-eabi/lib/thumb/v7e-m/fpv4-sp/hard\libcr_c.a(initio.o)
                0x000017b0                . = ALIGN (0x8)
 *fill*         0x000017ac        0x4 ff

.glue_7         0x000017b0        0x0
 .glue_7        0x000017b0        0x0 linker stubs

.glue_7t        0x000017b0        0x0
 .glue_7t       0x000017b0        0x0 linker stubs

.vfp11_veneer   0x000017b0        0x0
 .vfp11_veneer  0x000017b0        0x0 linker stubs

.v4_bx          0x000017b0        0x0
 .v4_bx         0x000017b0        0x0 linker stubs

.iplt           0x000017b0        0x0
 .iplt          0x000017b0        0x0 ./source/startup/hardware.o

.rel.dyn        0x000017b0        0x0
 .rel.iplt      0x000017b0        0x0 ./source/startup/hardware.o

.ARM.extab
 *(SORT_BY_ALIGNMENT(.ARM.extab*) SORT_BY_ALIGNMENT(.gnu.linkonce.armextab.*))
                0x000017b0                __exidx_start = .

.ARM.exidx
 *(SORT_BY_ALIGNMENT(.ARM.exidx*) SORT_BY_ALIGNMENT(.gnu.linkonce.armexidx.*))
                0x000017b0                __exidx_end = .
                0x000017b0                _etext = .

.m_usb_data
 *(SORT_BY_ALIGNMENT(m_usb_bdt))

.data_RAM2      0x1fff0000        0x0 load address 0x000017b0
 FILL mask 0xff
                [!provide]                PROVIDE (__start_data_RAM2, .)
 *(SORT_BY_ALIGNMENT(.ramfunc.$RAM2))
 *(SORT_BY_ALIGNMENT(.ramfunc.$SRAM_LOWER))
 *(SORT_BY_ALIGNMENT(.data.$RAM2*))
 *(SORT_BY_ALIGNMENT(.data.$SRAM_LOWER*))
                0x1fff0000                . = ALIGN (0x8)
                [!provide]                PROVIDE (__end_data_RAM2, .)

.data_RAM3      0x14000000        0x0 load address 0x000017b0
 FILL mask 0xff
                [!provide]                PROVIDE (__start_data_RAM3, .)
 *(SORT_BY_ALIGNMENT(.ramfunc.$RAM3))
 *(SORT_BY_ALIGNMENT(.ramfunc.$FLEX_RAM))
 *(SORT_BY_ALIGNMENT(.data.$RAM3*))
 *(SORT_BY_ALIGNMENT(.data.$FLEX_RAM*))
                0x14000000                . = ALIGN (0x8)
                [!provide]                PROVIDE (__end_data_RAM3, .)

.uninit_RESERVED
                0x20000000        0x0
 *(SORT_BY_ALIGNMENT(.bss.$RESERVED*))
                0x20000000                . = ALIGN (0x4)
                0x20000000                _end_uninit_RESERVED = .

.data           0x20000000        0x0 load address 0x000017b0
 FILL mask 0xff
                0x20000000                _data = .
 *(SORT_BY_ALIGNMENT(vtable))
 *(SORT_BY_ALIGNMENT(.ramfunc*))
 *(SORT_BY_ALIGNMENT(.data*))
                0x20000000                . = ALIGN (0x8)
                0x20000000                _edata = .

.igot.plt       0x20000000        0x0 load address 0x000017b0
 .igot.plt      0x20000000        0x0 ./source/startup/hardware.o

.bss_RAM2       0x1fff0000        0x0
                [!provide]                PROVIDE (__start_bss_RAM2, .)
 *(SORT_BY_ALIGNMENT(.bss.$RAM2*))
 *(SORT_BY_ALIGNMENT(.bss.$SRAM_LOWER*))
                0x1fff0000                . = ALIGN ((. != 0x0)?0x8:0x1)
                [!provide]                PROVIDE (__end_bss_RAM2, .)

.bss_RAM3       0x14000000        0x0
                [!provide]                PROVIDE (__start_bss_RAM3, .)
 *(SORT_BY_ALIGNMENT(.bss.$RAM3*))
 *(SORT_BY_ALIGNMENT(.bss.$FLEX_RAM*))
                0x14000000                . = ALIGN ((. != 0x0)?0x8:0x1)
                [!provide]                PROVIDE (__end_bss_RAM3, .)

.bss            0x20000000     0x1cf8
                0x20000000                _bss = .
 *(SORT_BY_ALIGNMENT(.bss*))
 .bss.__LDM_interruptDisableCount
                0x20000000        0x4 ./source/startup/hardware.o
 .bss.id1       0x20000004        0x4 ./source/App.o
                0x20000004                id1
 .bss.id2       0x20000008        0x4 ./source/App.o
                0x20000008                id2
 .bss.i.5445    0x2000000c        0x4 ./source/App.o
 .bss.i.5449    0x20000010        0x4 ./source/App.o
 .bss.sysTickElements
                0x20000014      0xfa0 ./source/SysTick.o
 .bss.idCounter
                0x20000fb4        0x4 ./source/SysTick.o
 .bss.timerElements
                0x20000fb8      0xc80 ./source/Timer.o
 .bss.idCounter
                0x20001c38        0x4 ./source/Timer.o
 .bss.errno     0x20001c3c        0x4 c:/nxp/mcuxpressoide_10.2.0_759/ide/tools/bin/../lib/gcc/arm-none-eabi/7.2.1/../../../../arm-none-eabi/lib/thumb/v7e-m/fpv4-sp/hard\libcr_c.a(errno.o)
                0x20001c3c                errno
 .bss.__Ciob    0x20001c40       0xb4 c:/nxp/mcuxpressoide_10.2.0_759/ide/tools/bin/../lib/gcc/arm-none-eabi/7.2.1/../../../../arm-none-eabi/lib/thumb/v7e-m/fpv4-sp/hard\libcr_semihost_nf.a(__ciob.o)
                0x20001c40                __Ciob
 *(SORT_BY_ALIGNMENT(COMMON))
                0x20001cf8                . = ALIGN (0x8)
 *fill*         0x20001cf4        0x4 
                0x20001cf8                _ebss = .
                [!provide]                PROVIDE (end, .)

.noinit_RAM2    0x1fff0000        0x0
 *(SORT_BY_ALIGNMENT(.noinit.$RAM2*))
 *(SORT_BY_ALIGNMENT(.noinit.$SRAM_LOWER*))
                0x1fff0000                . = ALIGN (0x8)

.noinit_RAM3    0x14000000        0x0
 *(SORT_BY_ALIGNMENT(.noinit.$RAM3*))
 *(SORT_BY_ALIGNMENT(.noinit.$FLEX_RAM*))
                0x14000000                . = ALIGN (0x8)

.noinit         0x20001cf8        0x0
                0x20001cf8                _noinit = .
 *(SORT_BY_ALIGNMENT(.noinit*))
                0x20001cf8                . = ALIGN (0x8)
                0x20001cf8                _end_noinit = .
                0x00001000                _HeapSize = 0x1000

.heap           0x20001cf8     0x1000
                0x20001cf8                _pvHeapStart = .
                0x20002cf8                . = (. + _HeapSize)
 *fill*         0x20001cf8     0x1000 
                0x20002cf8                . = ALIGN (0x8)
                0x20002cf8                _pvHeapLimit = .
                0x00001000                _StackSize = 0x1000

.heap2stackfill
                0x20002cf8     0x1000
                0x20003cf8                . = (. + _StackSize)
 *fill*         0x20002cf8     0x1000 

.stack          0x2002f000        0x0
                0x2002f000                _vStackBase = .
                0x2002f000                . = ALIGN (0x8)
                0x20030000                _vStackTop = (. + _StackSize)
                0x00000000                _image_start = LOADADDR (.text)
                0x000017b0                _image_end = (LOADADDR (.data) + SIZEOF (.data))
                0x000017b0                _image_size = (_image_end - _image_start)
OUTPUT(MultipleSystickCallbacks.axf elf32-littlearm)

.debug_info     0x00000000     0x276b
 .debug_info    0x00000000      0x6aa ./source/startup/hardware.o
 .debug_info    0x000006aa       0xec ./source/startup/main.o
 .debug_info    0x00000796       0x3b ./source/startup/semihost_hardfault.o
 .debug_info    0x000007d1      0x8b0 ./source/startup/startup_mk64f12.o
 .debug_info    0x00001081      0x284 ./source/App.o
 .debug_info    0x00001305      0x519 ./source/SysTick.o
 .debug_info    0x0000181e      0x490 ./source/Timer.o
 .debug_info    0x00001cae      0x631 ./CMSIS/system_MK64F12.o
 .debug_info    0x000022df      0x48c C:/Users/pabli/Documents/MCUXpressoIDE_10.2.0_759/workspace/MultipleSystickCallbacks/source/gpio.o

.debug_abbrev   0x00000000      0xa92
 .debug_abbrev  0x00000000      0x14d ./source/startup/hardware.o
 .debug_abbrev  0x0000014d       0x9b ./source/startup/main.o
 .debug_abbrev  0x000001e8       0x2f ./source/startup/semihost_hardfault.o
 .debug_abbrev  0x00000217      0x15c ./source/startup/startup_mk64f12.o
 .debug_abbrev  0x00000373      0x14a ./source/App.o
 .debug_abbrev  0x000004bd      0x1bb ./source/SysTick.o
 .debug_abbrev  0x00000678      0x164 ./source/Timer.o
 .debug_abbrev  0x000007dc      0x154 ./CMSIS/system_MK64F12.o
 .debug_abbrev  0x00000930      0x162 C:/Users/pabli/Documents/MCUXpressoIDE_10.2.0_759/workspace/MultipleSystickCallbacks/source/gpio.o

.debug_aranges  0x00000000      0x4f8
 .debug_aranges
                0x00000000       0x30 ./source/startup/hardware.o
 .debug_aranges
                0x00000030       0x20 ./source/startup/main.o
 .debug_aranges
                0x00000050       0x20 ./source/startup/semihost_hardfault.o
 .debug_aranges
                0x00000070      0x330 ./source/startup/startup_mk64f12.o
 .debug_aranges
                0x000003a0       0x38 ./source/App.o
 .debug_aranges
                0x000003d8       0x58 ./source/SysTick.o
 .debug_aranges
                0x00000430       0x58 ./source/Timer.o
 .debug_aranges
                0x00000488       0x30 ./CMSIS/system_MK64F12.o
 .debug_aranges
                0x000004b8       0x40 C:/Users/pabli/Documents/MCUXpressoIDE_10.2.0_759/workspace/MultipleSystickCallbacks/source/gpio.o

.debug_ranges   0x00000000      0x498
 .debug_ranges  0x00000000       0x20 ./source/startup/hardware.o
 .debug_ranges  0x00000020       0x10 ./source/startup/main.o
 .debug_ranges  0x00000030       0x10 ./source/startup/semihost_hardfault.o
 .debug_ranges  0x00000040      0x320 ./source/startup/startup_mk64f12.o
 .debug_ranges  0x00000360       0x28 ./source/App.o
 .debug_ranges  0x00000388       0x48 ./source/SysTick.o
 .debug_ranges  0x000003d0       0x48 ./source/Timer.o
 .debug_ranges  0x00000418       0x20 ./CMSIS/system_MK64F12.o
 .debug_ranges  0x00000438       0x60 C:/Users/pabli/Documents/MCUXpressoIDE_10.2.0_759/workspace/MultipleSystickCallbacks/source/gpio.o

.debug_macro    0x00000000    0x129c9
 .debug_macro   0x00000000       0xb4 ./source/startup/hardware.o
 .debug_macro   0x000000b4      0xa90 ./source/startup/hardware.o
 .debug_macro   0x00000b44       0x10 ./source/startup/hardware.o
 .debug_macro   0x00000b54      0x12d ./source/startup/hardware.o
 .debug_macro   0x00000c81      0x5b2 ./source/startup/hardware.o
 .debug_macro   0x00001233       0x22 ./source/startup/hardware.o
 .debug_macro   0x00001255       0x10 ./source/startup/hardware.o
 .debug_macro   0x00001265       0x5c ./source/startup/hardware.o
 .debug_macro   0x000012c1       0x1c ./source/startup/hardware.o
 .debug_macro   0x000012dd       0x22 ./source/startup/hardware.o
 .debug_macro   0x000012ff       0xdf ./source/startup/hardware.o
 .debug_macro   0x000013de      0xecf ./source/startup/hardware.o
 .debug_macro   0x000022ad       0x48 ./source/startup/hardware.o
 .debug_macro   0x000022f5     0xe07b ./source/startup/hardware.o
 .debug_macro   0x00010370     0x122b ./source/startup/hardware.o
 .debug_macro   0x0001159b       0x16 ./source/startup/hardware.o
 .debug_macro   0x000115b1       0xb4 ./source/startup/main.o
 .debug_macro   0x00011665       0x11 ./source/startup/semihost_hardfault.o
 .debug_macro   0x00011676       0x29 ./source/startup/startup_mk64f12.o
 .debug_macro   0x0001169f       0xc0 ./source/App.o
 .debug_macro   0x0001175f       0x16 ./source/App.o
 .debug_macro   0x00011775       0x1c ./source/App.o
 .debug_macro   0x00011791       0xd2 ./source/App.o
 .debug_macro   0x00011863       0x3a ./source/App.o
 .debug_macro   0x0001189d       0x34 ./source/App.o
 .debug_macro   0x000118d1       0x10 ./source/App.o
 .debug_macro   0x000118e1       0x1c ./source/App.o
 .debug_macro   0x000118fd       0xfc ./source/SysTick.o
 .debug_macro   0x000119f9       0x16 ./source/SysTick.o
 .debug_macro   0x00011a0f       0x83 ./source/Timer.o
 .debug_macro   0x00011a92       0x98 ./CMSIS/system_MK64F12.o
 .debug_macro   0x00011b2a       0xd5 C:/Users/pabli/Documents/MCUXpressoIDE_10.2.0_759/workspace/MultipleSystickCallbacks/source/gpio.o
 .debug_macro   0x00011bff      0xa5a C:/Users/pabli/Documents/MCUXpressoIDE_10.2.0_759/workspace/MultipleSystickCallbacks/source/gpio.o
 .debug_macro   0x00012659      0x34e C:/Users/pabli/Documents/MCUXpressoIDE_10.2.0_759/workspace/MultipleSystickCallbacks/source/gpio.o
 .debug_macro   0x000129a7       0x22 C:/Users/pabli/Documents/MCUXpressoIDE_10.2.0_759/workspace/MultipleSystickCallbacks/source/gpio.o

.debug_line     0x00000000     0x1608
 .debug_line    0x00000000      0x221 ./source/startup/hardware.o
 .debug_line    0x00000221      0x1c2 ./source/startup/main.o
 .debug_line    0x000003e3       0x5c ./source/startup/semihost_hardfault.o
 .debug_line    0x0000043f      0x6db ./source/startup/startup_mk64f12.o
 .debug_line    0x00000b1a      0x19e ./source/App.o
 .debug_line    0x00000cb8      0x31c ./source/SysTick.o
 .debug_line    0x00000fd4      0x237 ./source/Timer.o
 .debug_line    0x0000120b      0x211 ./CMSIS/system_MK64F12.o
 .debug_line    0x0000141c      0x1ec C:/Users/pabli/Documents/MCUXpressoIDE_10.2.0_759/workspace/MultipleSystickCallbacks/source/gpio.o

.debug_str      0x00000000    0x79d07
 .debug_str     0x00000000    0x77e48 ./source/startup/hardware.o
                              0x77ed6 (size before relaxing)
 .debug_str     0x00077e48       0x1e ./source/startup/main.o
                              0x77caa (size before relaxing)
 .debug_str     0x00077e66       0x39 ./source/startup/semihost_hardfault.o
                               0x2dcf (size before relaxing)
 .debug_str     0x00077e9f      0x83d ./source/startup/startup_mk64f12.o
                               0x363d (size before relaxing)
 .debug_str     0x000786dc      0x788 ./source/App.o
                               0x4c25 (size before relaxing)
 .debug_str     0x00078e64      0x185 ./source/SysTick.o
                              0x78367 (size before relaxing)
 .debug_str     0x00078fe9       0xf1 ./source/Timer.o
                               0x3a78 (size before relaxing)
 .debug_str     0x000790da       0x5e ./CMSIS/system_MK64F12.o
                              0x77dde (size before relaxing)
 .debug_str     0x00079138      0xbcf C:/Users/pabli/Documents/MCUXpressoIDE_10.2.0_759/workspace/MultipleSystickCallbacks/source/gpio.o
                              0x772d6 (size before relaxing)

.comment        0x00000000       0x7e
 .comment       0x00000000       0x7e ./source/startup/hardware.o
                                 0x7f (size before relaxing)
 .comment       0x0000007e       0x7f ./source/startup/main.o
 .comment       0x0000007e       0x7f ./source/startup/semihost_hardfault.o
 .comment       0x0000007e       0x7f ./source/startup/startup_mk64f12.o
 .comment       0x0000007e       0x7f ./source/App.o
 .comment       0x0000007e       0x7f ./source/SysTick.o
 .comment       0x0000007e       0x7f ./source/Timer.o
 .comment       0x0000007e       0x7f ./CMSIS/system_MK64F12.o
 .comment       0x0000007e       0x7f C:/Users/pabli/Documents/MCUXpressoIDE_10.2.0_759/workspace/MultipleSystickCallbacks/source/gpio.o
 .comment       0x0000007e       0x7f c:/nxp/mcuxpressoide_10.2.0_759/ide/tools/bin/../lib/gcc/arm-none-eabi/7.2.1/../../../../arm-none-eabi/lib/thumb/v7e-m/fpv4-sp/hard\libcr_semihost_nf.a(_cr__main.o)
 .comment       0x0000007e       0x7f c:/nxp/mcuxpressoide_10.2.0_759/ide/tools/bin/../lib/gcc/arm-none-eabi/7.2.1/../../../../arm-none-eabi/lib/thumb/v7e-m/fpv4-sp/hard\libcr_c.a(initio.o)
 .comment       0x0000007e       0x7f c:/nxp/mcuxpressoide_10.2.0_759/ide/tools/bin/../lib/gcc/arm-none-eabi/7.2.1/../../../../arm-none-eabi/lib/thumb/v7e-m/fpv4-sp/hard\libcr_c.a(setvbuf.o)
 .comment       0x0000007e       0x7f c:/nxp/mcuxpressoide_10.2.0_759/ide/tools/bin/../lib/gcc/arm-none-eabi/7.2.1/../../../../arm-none-eabi/lib/thumb/v7e-m/fpv4-sp/hard\libcr_c.a(_fdopen.o)
 .comment       0x0000007e       0x7f c:/nxp/mcuxpressoide_10.2.0_759/ide/tools/bin/../lib/gcc/arm-none-eabi/7.2.1/../../../../arm-none-eabi/lib/thumb/v7e-m/fpv4-sp/hard\libcr_c.a(fclose.o)
 .comment       0x0000007e       0x7f c:/nxp/mcuxpressoide_10.2.0_759/ide/tools/bin/../lib/gcc/arm-none-eabi/7.2.1/../../../../arm-none-eabi/lib/thumb/v7e-m/fpv4-sp/hard\libcr_c.a(fflush.o)
 .comment       0x0000007e       0x7f c:/nxp/mcuxpressoide_10.2.0_759/ide/tools/bin/../lib/gcc/arm-none-eabi/7.2.1/../../../../arm-none-eabi/lib/thumb/v7e-m/fpv4-sp/hard\libcr_c.a(fseek.o)
 .comment       0x0000007e       0x7f c:/nxp/mcuxpressoide_10.2.0_759/ide/tools/bin/../lib/gcc/arm-none-eabi/7.2.1/../../../../arm-none-eabi/lib/thumb/v7e-m/fpv4-sp/hard\libcr_c.a(ftell.o)
 .comment       0x0000007e       0x7f c:/nxp/mcuxpressoide_10.2.0_759/ide/tools/bin/../lib/gcc/arm-none-eabi/7.2.1/../../../../arm-none-eabi/lib/thumb/v7e-m/fpv4-sp/hard\libcr_c.a(remove.o)
 .comment       0x0000007e       0x7f c:/nxp/mcuxpressoide_10.2.0_759/ide/tools/bin/../lib/gcc/arm-none-eabi/7.2.1/../../../../arm-none-eabi/lib/thumb/v7e-m/fpv4-sp/hard\libcr_c.a(strlen.o)
 .comment       0x0000007e       0x7f c:/nxp/mcuxpressoide_10.2.0_759/ide/tools/bin/../lib/gcc/arm-none-eabi/7.2.1/../../../../arm-none-eabi/lib/thumb/v7e-m/fpv4-sp/hard\libcr_c.a(memset.o)
 .comment       0x0000007e       0x7f c:/nxp/mcuxpressoide_10.2.0_759/ide/tools/bin/../lib/gcc/arm-none-eabi/7.2.1/../../../../arm-none-eabi/lib/thumb/v7e-m/fpv4-sp/hard\libcr_c.a(_do_fflush.o)
 .comment       0x0000007e       0x7f c:/nxp/mcuxpressoide_10.2.0_759/ide/tools/bin/../lib/gcc/arm-none-eabi/7.2.1/../../../../arm-none-eabi/lib/thumb/v7e-m/fpv4-sp/hard\libcr_c.a(_fflush.o)
 .comment       0x0000007e       0x7f c:/nxp/mcuxpressoide_10.2.0_759/ide/tools/bin/../lib/gcc/arm-none-eabi/7.2.1/../../../../arm-none-eabi/lib/thumb/v7e-m/fpv4-sp/hard\libcr_c.a(_writebuf.o)
 .comment       0x0000007e       0x7f c:/nxp/mcuxpressoide_10.2.0_759/ide/tools/bin/../lib/gcc/arm-none-eabi/7.2.1/../../../../arm-none-eabi/lib/thumb/v7e-m/fpv4-sp/hard\libcr_c.a(alloc.o)
 .comment       0x0000007e       0x7f c:/nxp/mcuxpressoide_10.2.0_759/ide/tools/bin/../lib/gcc/arm-none-eabi/7.2.1/../../../../arm-none-eabi/lib/thumb/v7e-m/fpv4-sp/hard\libcr_c.a(errno.o)
 .comment       0x0000007e       0x7f c:/nxp/mcuxpressoide_10.2.0_759/ide/tools/bin/../lib/gcc/arm-none-eabi/7.2.1/../../../../arm-none-eabi/lib/thumb/v7e-m/fpv4-sp/hard\libcr_c.a(_deferredlazyseek.o)
 .comment       0x0000007e       0x7f c:/nxp/mcuxpressoide_10.2.0_759/ide/tools/bin/../lib/gcc/arm-none-eabi/7.2.1/../../../../arm-none-eabi/lib/thumb/v7e-m/fpv4-sp/hard\libcr_semihost_nf.a(__ciob.o)

.ARM.attributes
                0x00000000       0x37
 .ARM.attributes
                0x00000000       0x39 ./source/startup/hardware.o
 .ARM.attributes
                0x00000039       0x39 ./source/startup/main.o
 .ARM.attributes
                0x00000072       0x39 ./source/startup/semihost_hardfault.o
 .ARM.attributes
                0x000000ab       0x39 ./source/startup/startup_mk64f12.o
 .ARM.attributes
                0x000000e4       0x39 ./source/App.o
 .ARM.attributes
                0x0000011d       0x39 ./source/SysTick.o
 .ARM.attributes
                0x00000156       0x39 ./source/Timer.o
 .ARM.attributes
                0x0000018f       0x39 ./CMSIS/system_MK64F12.o
 .ARM.attributes
                0x000001c8       0x39 C:/Users/pabli/Documents/MCUXpressoIDE_10.2.0_759/workspace/MultipleSystickCallbacks/source/gpio.o
 .ARM.attributes
                0x00000201       0x39 c:/nxp/mcuxpressoide_10.2.0_759/ide/tools/bin/../lib/gcc/arm-none-eabi/7.2.1/../../../../arm-none-eabi/lib/thumb/v7e-m/fpv4-sp/hard\libcr_semihost_nf.a(_cr__main.o)
 .ARM.attributes
                0x0000023a       0x39 c:/nxp/mcuxpressoide_10.2.0_759/ide/tools/bin/../lib/gcc/arm-none-eabi/7.2.1/../../../../arm-none-eabi/lib/thumb/v7e-m/fpv4-sp/hard\libcr_c.a(initio.o)
 .ARM.attributes
                0x00000273       0x39 c:/nxp/mcuxpressoide_10.2.0_759/ide/tools/bin/../lib/gcc/arm-none-eabi/7.2.1/../../../../arm-none-eabi/lib/thumb/v7e-m/fpv4-sp/hard\libcr_c.a(setvbuf.o)
 .ARM.attributes
                0x000002ac       0x39 c:/nxp/mcuxpressoide_10.2.0_759/ide/tools/bin/../lib/gcc/arm-none-eabi/7.2.1/../../../../arm-none-eabi/lib/thumb/v7e-m/fpv4-sp/hard\libcr_c.a(_fdopen.o)
 .ARM.attributes
                0x000002e5       0x39 c:/nxp/mcuxpressoide_10.2.0_759/ide/tools/bin/../lib/gcc/arm-none-eabi/7.2.1/../../../../arm-none-eabi/lib/thumb/v7e-m/fpv4-sp/hard\libcr_c.a(fclose.o)
 .ARM.attributes
                0x0000031e       0x39 c:/nxp/mcuxpressoide_10.2.0_759/ide/tools/bin/../lib/gcc/arm-none-eabi/7.2.1/../../../../arm-none-eabi/lib/thumb/v7e-m/fpv4-sp/hard\libcr_c.a(fflush.o)
 .ARM.attributes
                0x00000357       0x39 c:/nxp/mcuxpressoide_10.2.0_759/ide/tools/bin/../lib/gcc/arm-none-eabi/7.2.1/../../../../arm-none-eabi/lib/thumb/v7e-m/fpv4-sp/hard\libcr_c.a(fseek.o)
 .ARM.attributes
                0x00000390       0x39 c:/nxp/mcuxpressoide_10.2.0_759/ide/tools/bin/../lib/gcc/arm-none-eabi/7.2.1/../../../../arm-none-eabi/lib/thumb/v7e-m/fpv4-sp/hard\libcr_c.a(ftell.o)
 .ARM.attributes
                0x000003c9       0x39 c:/nxp/mcuxpressoide_10.2.0_759/ide/tools/bin/../lib/gcc/arm-none-eabi/7.2.1/../../../../arm-none-eabi/lib/thumb/v7e-m/fpv4-sp/hard\libcr_c.a(remove.o)
 .ARM.attributes
                0x00000402       0x39 c:/nxp/mcuxpressoide_10.2.0_759/ide/tools/bin/../lib/gcc/arm-none-eabi/7.2.1/../../../../arm-none-eabi/lib/thumb/v7e-m/fpv4-sp/hard\libcr_c.a(strlen.o)
 .ARM.attributes
                0x0000043b       0x39 c:/nxp/mcuxpressoide_10.2.0_759/ide/tools/bin/../lib/gcc/arm-none-eabi/7.2.1/../../../../arm-none-eabi/lib/thumb/v7e-m/fpv4-sp/hard\libcr_c.a(memset.o)
 .ARM.attributes
                0x00000474       0x39 c:/nxp/mcuxpressoide_10.2.0_759/ide/tools/bin/../lib/gcc/arm-none-eabi/7.2.1/../../../../arm-none-eabi/lib/thumb/v7e-m/fpv4-sp/hard\libcr_c.a(_do_fflush.o)
 .ARM.attributes
                0x000004ad       0x39 c:/nxp/mcuxpressoide_10.2.0_759/ide/tools/bin/../lib/gcc/arm-none-eabi/7.2.1/../../../../arm-none-eabi/lib/thumb/v7e-m/fpv4-sp/hard\libcr_c.a(_fflush.o)
 .ARM.attributes
                0x000004e6       0x39 c:/nxp/mcuxpressoide_10.2.0_759/ide/tools/bin/../lib/gcc/arm-none-eabi/7.2.1/../../../../arm-none-eabi/lib/thumb/v7e-m/fpv4-sp/hard\libcr_c.a(_writebuf.o)
 .ARM.attributes
                0x0000051f       0x39 c:/nxp/mcuxpressoide_10.2.0_759/ide/tools/bin/../lib/gcc/arm-none-eabi/7.2.1/../../../../arm-none-eabi/lib/thumb/v7e-m/fpv4-sp/hard\libcr_c.a(alloc.o)
 .ARM.attributes
                0x00000558       0x39 c:/nxp/mcuxpressoide_10.2.0_759/ide/tools/bin/../lib/gcc/arm-none-eabi/7.2.1/../../../../arm-none-eabi/lib/thumb/v7e-m/fpv4-sp/hard\libcr_c.a(errno.o)
 .ARM.attributes
                0x00000591       0x39 c:/nxp/mcuxpressoide_10.2.0_759/ide/tools/bin/../lib/gcc/arm-none-eabi/7.2.1/../../../../arm-none-eabi/lib/thumb/v7e-m/fpv4-sp/hard\libcr_c.a(_deferredlazyseek.o)
 .ARM.attributes
                0x000005ca       0x25 c:/nxp/mcuxpressoide_10.2.0_759/ide/tools/bin/../lib/gcc/arm-none-eabi/7.2.1/thumb/v7e-m/fpv4-sp/hard\libcr_eabihelpers.a(memcpy.o)
 .ARM.attributes
                0x000005ef       0x39 c:/nxp/mcuxpressoide_10.2.0_759/ide/tools/bin/../lib/gcc/arm-none-eabi/7.2.1/../../../../arm-none-eabi/lib/thumb/v7e-m/fpv4-sp/hard\libcr_semihost_nf.a(__ciob.o)
 .ARM.attributes
                0x00000628       0x25 c:/nxp/mcuxpressoide_10.2.0_759/ide/tools/bin/../lib/gcc/arm-none-eabi/7.2.1/../../../../arm-none-eabi/lib/thumb/v7e-m/fpv4-sp/hard\libcr_semihost_nf.a(__sys_close.o)
 .ARM.attributes
                0x0000064d       0x25 c:/nxp/mcuxpressoide_10.2.0_759/ide/tools/bin/../lib/gcc/arm-none-eabi/7.2.1/../../../../arm-none-eabi/lib/thumb/v7e-m/fpv4-sp/hard\libcr_semihost_nf.a(__sys_flen.o)
 .ARM.attributes
                0x00000672       0x25 c:/nxp/mcuxpressoide_10.2.0_759/ide/tools/bin/../lib/gcc/arm-none-eabi/7.2.1/../../../../arm-none-eabi/lib/thumb/v7e-m/fpv4-sp/hard\libcr_semihost_nf.a(__sys_istty.o)
 .ARM.attributes
                0x00000697       0x25 c:/nxp/mcuxpressoide_10.2.0_759/ide/tools/bin/../lib/gcc/arm-none-eabi/7.2.1/../../../../arm-none-eabi/lib/thumb/v7e-m/fpv4-sp/hard\libcr_semihost_nf.a(__sys_remove.o)
 .ARM.attributes
                0x000006bc       0x25 c:/nxp/mcuxpressoide_10.2.0_759/ide/tools/bin/../lib/gcc/arm-none-eabi/7.2.1/../../../../arm-none-eabi/lib/thumb/v7e-m/fpv4-sp/hard\libcr_semihost_nf.a(__sys_seek.o)
 .ARM.attributes
                0x000006e1       0x25 c:/nxp/mcuxpressoide_10.2.0_759/ide/tools/bin/../lib/gcc/arm-none-eabi/7.2.1/../../../../arm-none-eabi/lib/thumb/v7e-m/fpv4-sp/hard\libcr_semihost_nf.a(__sys_tmpnam.o)
 .ARM.attributes
                0x00000706       0x25 c:/nxp/mcuxpressoide_10.2.0_759/ide/tools/bin/../lib/gcc/arm-none-eabi/7.2.1/../../../../arm-none-eabi/lib/thumb/v7e-m/fpv4-sp/hard\libcr_semihost_nf.a(__sys_write.o)

.debug_frame    0x00000000      0xdec
 .debug_frame   0x00000000       0x70 ./source/startup/hardware.o
 .debug_frame   0x00000070       0x2c ./source/startup/main.o
 .debug_frame   0x0000009c       0x20 ./source/startup/semihost_hardfault.o
 .debug_frame   0x000000bc      0x904 ./source/startup/startup_mk64f12.o
 .debug_frame   0x000009c0       0x84 ./source/App.o
 .debug_frame   0x00000a44      0x140 ./source/SysTick.o
 .debug_frame   0x00000b84      0x12c ./source/Timer.o
 .debug_frame   0x00000cb0       0x74 ./CMSIS/system_MK64F12.o
 .debug_frame   0x00000d24       0xc8 C:/Users/pabli/Documents/MCUXpressoIDE_10.2.0_759/workspace/MultipleSystickCallbacks/source/gpio.o
