Archive member included to satisfy reference by file (symbol)

c:/nxp/mcuxpressoide_10.2.0_759/ide/tools/bin/../lib/gcc/arm-none-eabi/7.2.1/../../../../arm-none-eabi/lib/thumb/v7e-m/fpv4-sp/hard\libcr_semihost_nf.a(_cr__main.o)
                              ./source/startup/startup_mk64f12.o (__main)
c:/nxp/mcuxpressoide_10.2.0_759/ide/tools/bin/../lib/gcc/arm-none-eabi/7.2.1/../../../../arm-none-eabi/lib/thumb/v7e-m/fpv4-sp/hard\libcr_c.a(memcpy.o)
                              ./source/Led.o (memcpy)
c:/nxp/mcuxpressoide_10.2.0_759/ide/tools/bin/../lib/gcc/arm-none-eabi/7.2.1/../../../../arm-none-eabi/lib/thumb/v7e-m/fpv4-sp/hard\libcr_c.a(initio.o)
                              c:/nxp/mcuxpressoide_10.2.0_759/ide/tools/bin/../lib/gcc/arm-none-eabi/7.2.1/../../../../arm-none-eabi/lib/thumb/v7e-m/fpv4-sp/hard\libcr_semihost_nf.a(_cr__main.o) (_initio)
c:/nxp/mcuxpressoide_10.2.0_759/ide/tools/bin/../lib/gcc/arm-none-eabi/7.2.1/../../../../arm-none-eabi/lib/thumb/v7e-m/fpv4-sp/hard\libcr_c.a(printf.o)
                              ./source/test/LedTimerTestBench.o (_printf)
c:/nxp/mcuxpressoide_10.2.0_759/ide/tools/bin/../lib/gcc/arm-none-eabi/7.2.1/../../../../arm-none-eabi/lib/thumb/v7e-m/fpv4-sp/hard\libcr_c.a(setvbuf.o)
                              c:/nxp/mcuxpressoide_10.2.0_759/ide/tools/bin/../lib/gcc/arm-none-eabi/7.2.1/../../../../arm-none-eabi/lib/thumb/v7e-m/fpv4-sp/hard\libcr_c.a(initio.o) (setvbuf)
c:/nxp/mcuxpressoide_10.2.0_759/ide/tools/bin/../lib/gcc/arm-none-eabi/7.2.1/../../../../arm-none-eabi/lib/thumb/v7e-m/fpv4-sp/hard\libcr_c.a(strlen.o)
                              c:/nxp/mcuxpressoide_10.2.0_759/ide/tools/bin/../lib/gcc/arm-none-eabi/7.2.1/../../../../arm-none-eabi/lib/thumb/v7e-m/fpv4-sp/hard\libcr_c.a(printf.o) (strlen)
c:/nxp/mcuxpressoide_10.2.0_759/ide/tools/bin/../lib/gcc/arm-none-eabi/7.2.1/../../../../arm-none-eabi/lib/thumb/v7e-m/fpv4-sp/hard\libcr_c.a(memset.o)
                              c:/nxp/mcuxpressoide_10.2.0_759/ide/tools/bin/../lib/gcc/arm-none-eabi/7.2.1/../../../../arm-none-eabi/lib/thumb/v7e-m/fpv4-sp/hard\libcr_c.a(printf.o) (memset)
c:/nxp/mcuxpressoide_10.2.0_759/ide/tools/bin/../lib/gcc/arm-none-eabi/7.2.1/../../../../arm-none-eabi/lib/thumb/v7e-m/fpv4-sp/hard\libcr_c.a(_deferredlazyseek.o)
                              c:/nxp/mcuxpressoide_10.2.0_759/ide/tools/bin/../lib/gcc/arm-none-eabi/7.2.1/../../../../arm-none-eabi/lib/thumb/v7e-m/fpv4-sp/hard\libcr_c.a(printf.o) (__flsbuf)
c:/nxp/mcuxpressoide_10.2.0_759/ide/tools/bin/../lib/gcc/arm-none-eabi/7.2.1/../../../../arm-none-eabi/lib/thumb/v7e-m/fpv4-sp/hard\libcr_c.a(_fdopen.o)
                              c:/nxp/mcuxpressoide_10.2.0_759/ide/tools/bin/../lib/gcc/arm-none-eabi/7.2.1/../../../../arm-none-eabi/lib/thumb/v7e-m/fpv4-sp/hard\libcr_c.a(initio.o) (_fdopen)
c:/nxp/mcuxpressoide_10.2.0_759/ide/tools/bin/../lib/gcc/arm-none-eabi/7.2.1/../../../../arm-none-eabi/lib/thumb/v7e-m/fpv4-sp/hard\libcr_c.a(_fflush.o)
                              c:/nxp/mcuxpressoide_10.2.0_759/ide/tools/bin/../lib/gcc/arm-none-eabi/7.2.1/../../../../arm-none-eabi/lib/thumb/v7e-m/fpv4-sp/hard\libcr_c.a(_deferredlazyseek.o) (_fflush)
c:/nxp/mcuxpressoide_10.2.0_759/ide/tools/bin/../lib/gcc/arm-none-eabi/7.2.1/../../../../arm-none-eabi/lib/thumb/v7e-m/fpv4-sp/hard\libcr_c.a(_writebuf.o)
                              c:/nxp/mcuxpressoide_10.2.0_759/ide/tools/bin/../lib/gcc/arm-none-eabi/7.2.1/../../../../arm-none-eabi/lib/thumb/v7e-m/fpv4-sp/hard\libcr_c.a(_deferredlazyseek.o) (_Cwritebuf)
c:/nxp/mcuxpressoide_10.2.0_759/ide/tools/bin/../lib/gcc/arm-none-eabi/7.2.1/../../../../arm-none-eabi/lib/thumb/v7e-m/fpv4-sp/hard\libcr_c.a(alloc.o)
                              c:/nxp/mcuxpressoide_10.2.0_759/ide/tools/bin/../lib/gcc/arm-none-eabi/7.2.1/../../../../arm-none-eabi/lib/thumb/v7e-m/fpv4-sp/hard\libcr_c.a(printf.o) (malloc)
c:/nxp/mcuxpressoide_10.2.0_759/ide/tools/bin/../lib/gcc/arm-none-eabi/7.2.1/../../../../arm-none-eabi/lib/thumb/v7e-m/fpv4-sp/hard\libcr_c.a(fclose.o)
                              c:/nxp/mcuxpressoide_10.2.0_759/ide/tools/bin/../lib/gcc/arm-none-eabi/7.2.1/../../../../arm-none-eabi/lib/thumb/v7e-m/fpv4-sp/hard\libcr_c.a(initio.o) (fclose)
c:/nxp/mcuxpressoide_10.2.0_759/ide/tools/bin/../lib/gcc/arm-none-eabi/7.2.1/../../../../arm-none-eabi/lib/thumb/v7e-m/fpv4-sp/hard\libcr_c.a(fflush.o)
                              c:/nxp/mcuxpressoide_10.2.0_759/ide/tools/bin/../lib/gcc/arm-none-eabi/7.2.1/../../../../arm-none-eabi/lib/thumb/v7e-m/fpv4-sp/hard\libcr_c.a(fclose.o) (fflush)
c:/nxp/mcuxpressoide_10.2.0_759/ide/tools/bin/../lib/gcc/arm-none-eabi/7.2.1/../../../../arm-none-eabi/lib/thumb/v7e-m/fpv4-sp/hard\libcr_c.a(fseek.o)
                              c:/nxp/mcuxpressoide_10.2.0_759/ide/tools/bin/../lib/gcc/arm-none-eabi/7.2.1/../../../../arm-none-eabi/lib/thumb/v7e-m/fpv4-sp/hard\libcr_c.a(_deferredlazyseek.o) (fseek)
[...]
Memory Configuration

Name             Origin             Length             Attributes
PROGRAM_FLASH    0x00000000         0x00100000         xr
SRAM_UPPER       0x20000000         0x00030000         xrw
SRAM_LOWER       0x1fff0000         0x00010000         xrw
FLEX_RAM         0x14000000         0x00001000         xrw
*default*        0x00000000         0xffffffff

Linker script and memory map

LOAD ./source/test/LedTimerTestBench.o
LOAD ./source/startup/hardware.o
LOAD ./source/startup/main.o
LOAD ./source/startup/semihost_hardfault.o
LOAD ./source/startup/startup_mk64f12.o
LOAD ./source/App.o
LOAD ./source/Led.o
LOAD ./source/SysTick.o
LOAD ./source/Timer.o
LOAD ./CMSIS/system_MK64F12.o
LOAD C:/Users/pabli/Documents/MCUXpressoIDE_10.2.0_759/workspace/MultipleSystickCallbacks/source/gpio.o
START GROUP
LOAD c:/nxp/mcuxpressoide_10.2.0_759/ide/tools/bin/../lib/gcc/arm-none-eabi/7.2.1/../../../../arm-none-eabi/lib/thumb/v7e-m/fpv4-sp/hard\libcr_semihost_nf.a
LOAD c:/nxp/mcuxpressoide_10.2.0_759/ide/tools/bin/../lib/gcc/arm-none-eabi/7.2.1/../../../../arm-none-eabi/lib/thumb/v7e-m/fpv4-sp/hard\libcr_c.a
LOAD c:/nxp/mcuxpressoide_10.2.0_759/ide/tools/bin/../lib/gcc/arm-none-eabi/7.2.1/thumb/v7e-m/fpv4-sp/hard\libcr_eabihelpers.a
END GROUP
                0x00000000                __base_PROGRAM_FLASH = 0x0
                0x00000000                __base_Flash = 0x0
                0x00100000                __top_PROGRAM_FLASH = 0x100000
                0x00100000                __top_Flash = 0x100000
                0x20000000                __base_SRAM_UPPER = 0x20000000
                0x20000000                __base_RAM = 0x20000000
                0x20030000                __top_SRAM_UPPER = 0x20030000
                0x20030000                __top_RAM = 0x20030000
                0x1fff0000                __base_SRAM_LOWER = 0x1fff0000
                0x1fff0000                __base_RAM2 = 0x1fff0000
                0x20000000                __top_SRAM_LOWER = 0x20000000
                0x20000000                __top_RAM2 = 0x20000000
                0x14000000                __base_FLEX_RAM = 0x14000000
                0x14000000                __base_RAM3 = 0x14000000
                0x14001000                __top_FLEX_RAM = 0x14001000
                0x14001000                __top_RAM3 = 0x14001000

.text           0x00000000     0x1c70
 FILL mask 0xff
                0x00000000                __vectors_start__ = ABSOLUTE (.)
 *(SORT_BY_ALIGNMENT(.isr_vector))
 .isr_vector    0x00000000      0x198 ./source/startup/startup_mk64f12.o
                0x00000000                g_pfnVectors
                0x00000000                __Vectors
                0x00000198                . = ALIGN (0x4)
                0x00000198                __section_table_start = .
                0x00000198                __data_section_table = .
                0x00000198        0x4 LONG 0x1c70 LOADADDR (.data)
                0x0000019c        0x4 LONG 0x20000000 ADDR (.data)
                0x000001a0        0x4 LONG 0x0 SIZEOF (.data)
                0x000001a4        0x4 LONG 0x1c70 LOADADDR (.data_RAM2)
                0x000001a8        0x4 LONG 0x1fff0000 ADDR (.data_RAM2)
                0x000001ac        0x4 LONG 0x0 SIZEOF (.data_RAM2)
                0x000001b0        0x4 LONG 0x1c70 LOADADDR (.data_RAM3)
                0x000001b4        0x4 LONG 0x14000000 ADDR (.data_RAM3)
                0x000001b8        0x4 LONG 0x0 SIZEOF (.data_RAM3)
                0x000001bc                __data_section_table_end = .
                0x000001bc                __bss_section_table = .
                0x000001bc        0x4 LONG 0x20000000 ADDR (.bss)
                0x000001c0        0x4 LONG 0x508 SIZEOF (.bss)
                0x000001c4        0x4 LONG 0x1fff0000 ADDR (.bss_RAM2)
                0x000001c8        0x4 LONG 0x0 SIZEOF (.bss_RAM2)
                0x000001cc        0x4 LONG 0x14000000 ADDR (.bss_RAM3)
                0x000001d0        0x4 LONG 0x0 SIZEOF (.bss_RAM3)
                0x000001d4                __bss_section_table_end = .
                0x000001d4                __section_table_end = .
 *(SORT_BY_ALIGNMENT(.after_vectors*))
 .after_vectors.reset
                0x000001d4       0x4c ./source/startup/startup_mk64f12.o
                0x000001d4                ResetISR
 .after_vectors.init_data
                0x00000220       0x1e ./source/startup/startup_mk64f12.o
                0x00000220                data_init
 .after_vectors.init_bss
                0x0000023e       0x12 ./source/startup/startup_mk64f12.o
                0x0000023e                bss_init
 .after_vectors
                0x00000250       0x14 ./source/startup/startup_mk64f12.o
                0x00000250                NMI_Handler
                0x00000254                MemManage_Handler
                0x00000256                BusFault_Handler
                0x00000258                UsageFault_Handler
                0x0000025a                SVC_Handler
                0x0000025c                DebugMon_Handler
                0x0000025e                PendSV_Handler
                0x00000262                DMA_Error_DriverIRQHandler
                0x00000262                LPTMR0_DriverIRQHandler
                0x00000262                FTM1_DriverIRQHandler
                0x00000262                FTM2_DriverIRQHandler
                0x00000262                PIT2_DriverIRQHandler
                0x00000262                SDHC_DriverIRQHandler
                0x00000262                I2S0_Tx_DriverIRQHandler
                0x00000262                RTC_Seconds_DriverIRQHandler
                0x00000262                DMA6_DriverIRQHandler
                0x00000262                LLWU_DriverIRQHandler
                0x00000262                MCM_DriverIRQHandler
                0x00000262                MCG_DriverIRQHandler
                0x00000262                ENET_1588_Timer_DriverIRQHandler
                0x00000262                I2C2_DriverIRQHandler
                0x00000262                DAC1_DriverIRQHandler
                0x00000262                SPI1_DriverIRQHandler
                0x00000262                CMP1_DriverIRQHandler
                0x00000262                UART5_RX_TX_DriverIRQHandler
                0x00000262                FTM0_DriverIRQHandler
                0x00000262                IntDefaultHandler
                0x00000262                USB0_DriverIRQHandler
                0x00000262                UART5_ERR_DriverIRQHandler
                0x00000262                PORTC_DriverIRQHandler
                0x00000262                DMA11_DriverIRQHandler
                0x00000262                DAC0_DriverIRQHandler
                0x00000262                DMA10_DriverIRQHandler
                0x00000262                CMP2_DriverIRQHandler
                0x00000262                UART2_ERR_DriverIRQHandler
                0x00000262                SPI2_DriverIRQHandler
                0x00000262                LVD_LVW_DriverIRQHandler
                0x00000262                PIT0_DriverIRQHandler
                0x00000262                RNG_DriverIRQHandler
                0x00000262                DMA5_DriverIRQHandler
                0x00000262                DMA12_DriverIRQHandler
                0x00000262                UART2_RX_TX_DriverIRQHandler
                0x00000262                USBDCD_DriverIRQHandler
                0x00000262                UART3_ERR_DriverIRQHandler
                0x00000262                DMA3_DriverIRQHandler
                0x00000262                DMA8_DriverIRQHandler
                0x00000262                DMA9_DriverIRQHandler
                0x00000262                UART0_ERR_DriverIRQHandler
                0x00000262                CMT_DriverIRQHandler
                0x00000262                Reserved71_DriverIRQHandler
                0x00000262                ADC1_DriverIRQHandler
                0x00000262                PORTA_DriverIRQHandler
                0x00000262                DMA14_DriverIRQHandler
                0x00000262                PIT3_DriverIRQHandler
                0x00000262                PIT1_DriverIRQHandler
                0x00000262                WDOG_EWM_DriverIRQHandler
                0x00000262                PDB0_DriverIRQHandler
                0x00000262                RTC_DriverIRQHandler
                0x00000262                I2S0_Rx_DriverIRQHandler
                0x00000262                Read_Collision_DriverIRQHandler
                0x00000262                SWI_DriverIRQHandler
                0x00000262                UART4_RX_TX_DriverIRQHandler
                0x00000262                UART4_ERR_DriverIRQHandler
                0x00000262                PORTB_DriverIRQHandler
                0x00000262                UART0_LON_DriverIRQHandler
                0x00000262                DMA0_DriverIRQHandler
                0x00000262                DMA1_DriverIRQHandler
                0x00000262                I2C1_DriverIRQHandler
                0x00000262                UART3_RX_TX_DriverIRQHandler
                0x00000262                ENET_Receive_DriverIRQHandler
                0x00000262                DMA13_DriverIRQHandler
                0x00000262                ENET_Error_DriverIRQHandler
                0x00000262                DMA15_DriverIRQHandler
                0x00000262                UART0_RX_TX_DriverIRQHandler
                0x00000262                SPI0_DriverIRQHandler
                0x00000262                ADC0_DriverIRQHandler
                0x00000262                CMP0_DriverIRQHandler
                0x00000262                CAN0_DriverIRQHandler
                0x00000262                FTM3_DriverIRQHandler
                0x00000262                DMA4_DriverIRQHandler
                0x00000262                UART1_ERR_DriverIRQHandler
                0x00000262                DMA2_DriverIRQHandler
                0x00000262                ENET_Transmit_DriverIRQHandler
                0x00000262                PORTD_DriverIRQHandler
                0x00000262                PORTE_DriverIRQHandler
                0x00000262                FTFE_DriverIRQHandler
                0x00000262                I2C0_DriverIRQHandler
                0x00000262                DMA7_DriverIRQHandler
                0x00000262                UART1_RX_TX_DriverIRQHandler
                0x00000400                . = 0x400
 *fill*         0x00000264      0x19c ff
                0x00000400                PROVIDE (__FLASH_CONFIG_START__, .)
 *(SORT_BY_ALIGNMENT(.FlashConfig))
 .FlashConfig   0x00000400       0x10 ./source/startup/startup_mk64f12.o
                0x00000400                Flash_Config
                0x00000410                PROVIDE (__FLASH_CONFIG_END__, .)
                0x00000001                ASSERT (! ((__FLASH_CONFIG_START__ == __FLASH_CONFIG_END__)), Linker Flash Config Support Enabled, but no .FlashConfig section provided within application)
 *(SORT_BY_ALIGNMENT(.text*))
 .text.TestLedAndTimer
                0x00000410       0x24 ./source/test/LedTimerTestBench.o
                0x00000410                TestLedAndTimer
 .text.OnForDefinedTimeTest
                0x00000434       0x78 ./source/test/LedTimerTestBench.o
 .text.hw_Init  0x000004ac      0x10c ./source/startup/hardware.o
                0x000004ac                hw_Init
 .text.hw_EnableInterrupts
                0x000005b8       0x30 ./source/startup/hardware.o
                0x000005b8                hw_EnableInterrupts
 .text.hw_DisableInterrupts
                0x000005e8       0x20 ./source/startup/hardware.o
                0x000005e8                hw_DisableInterrupts
 .text.Led_Init
                0x00000608      0x188 ./source/Led.o
                0x00000608                Led_Init
 .text.Led_OnForDefinedTime
                0x00000790       0xa4 ./source/Led.o
                0x00000790                Led_OnForDefinedTime
 .text.Led_CustomBlink
                0x00000834       0xf0 ./source/Led.o
                0x00000834                Led_CustomBlink
 .text.findLedIndexByID
                0x00000924       0x4c ./source/Led.o
 .text.Led_PISR
                0x00000970       0xcc ./source/Led.o
 .text.SysTick_Init
                0x00000a3c       0x3c ./source/SysTick.o
                0x00000a3c                SysTick_Init
 .text.SysTick_AddCallback
                0x00000a78       0x88 ./source/SysTick.o
                0x00000a78                SysTick_AddCallback
 .text.SysTick_Handler
                0x00000b00       0xcc ./source/SysTick.o
                0x00000b00                SysTick_Handler
 .text.Timer_Init
                0x00000bcc       0x2c ./source/Timer.o
                0x00000bcc                Timer_Init
 .text.Timer_AddCallback
                0x00000bf8       0x88 ./source/Timer.o
                0x00000bf8                Timer_AddCallback
 .text.Timer_Delete
                0x00000c80      0x1b8 ./source/Timer.o
                0x00000c80                Timer_Delete
 .text.Timer_PISR
                0x00000e38       0xec ./source/Timer.o
 .text.SystemInit
                0x00000f24       0x3c ./CMSIS/system_MK64F12.o
                0x00000f24                SystemInit
 .text.gpioMode
                0x00000f60       0x98 C:/Users/pabli/Documents/MCUXpressoIDE_10.2.0_759/workspace/MultipleSystickCallbacks/source/gpio.o
                0x00000f60                gpioMode
 .text.gpioWrite
                0x00000ff8       0x5c C:/Users/pabli/Documents/MCUXpressoIDE_10.2.0_759/workspace/MultipleSystickCallbacks/source/gpio.o
                0x00000ff8                gpioWrite
 .text.gpioToggle
                0x00001054       0x48 C:/Users/pabli/Documents/MCUXpressoIDE_10.2.0_759/workspace/MultipleSystickCallbacks/source/gpio.o
                0x00001054                gpioToggle
 .text._initio  0x0000109c       0x78 c:/nxp/mcuxpressoide_10.2.0_759/ide/tools/bin/../lib/gcc/arm-none-eabi/7.2.1/../../../../arm-none-eabi/lib/thumb/v7e-m/fpv4-sp/hard\libcr_c.a(initio.o)
                0x0000109c                _initio
 .text.setvbuf  0x00001114       0x40 c:/nxp/mcuxpressoide_10.2.0_759/ide/tools/bin/../lib/gcc/arm-none-eabi/7.2.1/../../../../arm-none-eabi/lib/thumb/v7e-m/fpv4-sp/hard\libcr_c.a(setvbuf.o)
                0x00001114                setvbuf
 .text._Cwritebuf
                0x00001154       0x6c c:/nxp/mcuxpressoide_10.2.0_759/ide/tools/bin/../lib/gcc/arm-none-eabi/7.2.1/../../../../arm-none-eabi/lib/thumb/v7e-m/fpv4-sp/hard\libcr_c.a(_writebuf.o)
                0x00001154                _Cwritebuf
 .text.fflush   0x000011c0       0x44 c:/nxp/mcuxpressoide_10.2.0_759/ide/tools/bin/../lib/gcc/arm-none-eabi/7.2.1/../../../../arm-none-eabi/lib/thumb/v7e-m/fpv4-sp/hard\libcr_c.a(fflush.o)
                0x000011c0                fflush
 .text.fseek    0x00001204      0x100 c:/nxp/mcuxpressoide_10.2.0_759/ide/tools/bin/../lib/gcc/arm-none-eabi/7.2.1/../../../../arm-none-eabi/lib/thumb/v7e-m/fpv4-sp/hard\libcr_c.a(fseek.o)
                0x00001204                fseek
 .text.ftell    0x00001304       0x44 c:/nxp/mcuxpressoide_10.2.0_759/ide/tools/bin/../lib/gcc/arm-none-eabi/7.2.1/../../../../arm-none-eabi/lib/thumb/v7e-m/fpv4-sp/hard\libcr_c.a(ftell.o)
                0x00001304                ftell
 .text.main     0x00001348       0x1a ./source/startup/main.o
                0x00001348                main
 .text.HardFault_Handler
                0x00001362       0x2c ./source/startup/semihost_hardfault.o
                0x00001362                HardFault_Handler
 .text.DMA0_IRQHandler
                0x0000138e        0x8 ./source/startup/startup_mk64f12.o
                0x0000138e                DMA0_IRQHandler
 .text.DMA1_IRQHandler
                0x00001396        0x8 ./source/startup/startup_mk64f12.o
                0x00001396                DMA1_IRQHandler
 .text.DMA2_IRQHandler
                0x0000139e        0x8 ./source/startup/startup_mk64f12.o
                0x0000139e                DMA2_IRQHandler
 .text.DMA3_IRQHandler
                0x000013a6        0x8 ./source/startup/startup_mk64f12.o
                0x000013a6                DMA3_IRQHandler
 .text.DMA4_IRQHandler
                0x000013ae        0x8 ./source/startup/startup_mk64f12.o
                0x000013ae                DMA4_IRQHandler
 .text.DMA5_IRQHandler
                0x000013b6        0x8 ./source/startup/startup_mk64f12.o
                0x000013b6                DMA5_IRQHandler
 .text.DMA6_IRQHandler
                0x000013be        0x8 ./source/startup/startup_mk64f12.o
                0x000013be                DMA6_IRQHandler
 .text.DMA7_IRQHandler
                0x000013c6        0x8 ./source/startup/startup_mk64f12.o
                0x000013c6                DMA7_IRQHandler
 .text.DMA8_IRQHandler
                0x000013ce        0x8 ./source/startup/startup_mk64f12.o
                0x000013ce                DMA8_IRQHandler
 .text.DMA9_IRQHandler
                0x000013d6        0x8 ./source/startup/startup_mk64f12.o
                0x000013d6                DMA9_IRQHandler
 .text.DMA10_IRQHandler
                0x000013de        0x8 ./source/startup/startup_mk64f12.o
                0x000013de                DMA10_IRQHandler
 .text.DMA11_IRQHandler
                0x000013e6        0x8 ./source/startup/startup_mk64f12.o
                0x000013e6                DMA11_IRQHandler
 .text.DMA12_IRQHandler
                0x000013ee        0x8 ./source/startup/startup_mk64f12.o
                0x000013ee                DMA12_IRQHandler
 .text.DMA13_IRQHandler
                0x000013f6        0x8 ./source/startup/startup_mk64f12.o
                0x000013f6                DMA13_IRQHandler
 .text.DMA14_IRQHandler
                0x000013fe        0x8 ./source/startup/startup_mk64f12.o
                0x000013fe                DMA14_IRQHandler
 .text.DMA15_IRQHandler
                0x00001406        0x8 ./source/startup/startup_mk64f12.o
                0x00001406                DMA15_IRQHandler
 .text.DMA_Error_IRQHandler
                0x0000140e        0x8 ./source/startup/startup_mk64f12.o
                0x0000140e                DMA_Error_IRQHandler
 .text.MCM_IRQHandler
                0x00001416        0x8 ./source/startup/startup_mk64f12.o
                0x00001416                MCM_IRQHandler
 .text.FTFE_IRQHandler
                0x0000141e        0x8 ./source/startup/startup_mk64f12.o
                0x0000141e                FTFE_IRQHandler
 .text.Read_Collision_IRQHandler
                0x00001426        0x8 ./source/startup/startup_mk64f12.o
                0x00001426                Read_Collision_IRQHandler
 .text.LVD_LVW_IRQHandler
                0x0000142e        0x8 ./source/startup/startup_mk64f12.o
                0x0000142e                LVD_LVW_IRQHandler
 .text.LLWU_IRQHandler
                0x00001436        0x8 ./source/startup/startup_mk64f12.o
                0x00001436                LLWU_IRQHandler
 .text.WDOG_EWM_IRQHandler
                0x0000143e        0x8 ./source/startup/startup_mk64f12.o
                0x0000143e                WDOG_EWM_IRQHandler
 .text.RNG_IRQHandler
                0x00001446        0x8 ./source/startup/startup_mk64f12.o
                0x00001446                RNG_IRQHandler
 .text.I2C0_IRQHandler
                0x0000144e        0x8 ./source/startup/startup_mk64f12.o
                0x0000144e                I2C0_IRQHandler
 .text.I2C1_IRQHandler
                0x00001456        0x8 ./source/startup/startup_mk64f12.o
                0x00001456                I2C1_IRQHandler
 .text.SPI0_IRQHandler
                0x0000145e        0x8 ./source/startup/startup_mk64f12.o
                0x0000145e                SPI0_IRQHandler
 .text.SPI1_IRQHandler
                0x00001466        0x8 ./source/startup/startup_mk64f12.o
                0x00001466                SPI1_IRQHandler
 .text.I2S0_Tx_IRQHandler
                0x0000146e        0x8 ./source/startup/startup_mk64f12.o
                0x0000146e                I2S0_Tx_IRQHandler
 .text.I2S0_Rx_IRQHandler
                0x00001476        0x8 ./source/startup/startup_mk64f12.o
                0x00001476                I2S0_Rx_IRQHandler
 .text.UART0_LON_IRQHandler
                0x0000147e        0x8 ./source/startup/startup_mk64f12.o
                0x0000147e                UART0_LON_IRQHandler
 .text.UART0_RX_TX_IRQHandler
                0x00001486        0x8 ./source/startup/startup_mk64f12.o
                0x00001486                UART0_RX_TX_IRQHandler
 .text.UART0_ERR_IRQHandler
                0x0000148e        0x8 ./source/startup/startup_mk64f12.o
                0x0000148e                UART0_ERR_IRQHandler
 .text.UART1_RX_TX_IRQHandler
                0x00001496        0x8 ./source/startup/startup_mk64f12.o
                0x00001496                UART1_RX_TX_IRQHandler
 .text.UART1_ERR_IRQHandler
                0x0000149e        0x8 ./source/startup/startup_mk64f12.o
                0x0000149e                UART1_ERR_IRQHandler
 .text.UART2_RX_TX_IRQHandler
                0x000014a6        0x8 ./source/startup/startup_mk64f12.o
                0x000014a6                UART2_RX_TX_IRQHandler
 .text.UART2_ERR_IRQHandler
                0x000014ae        0x8 ./source/startup/startup_mk64f12.o
                0x000014ae                UART2_ERR_IRQHandler
 .text.UART3_RX_TX_IRQHandler
                0x000014b6        0x8 ./source/startup/startup_mk64f12.o
                0x000014b6                UART3_RX_TX_IRQHandler
 .text.UART3_ERR_IRQHandler
                0x000014be        0x8 ./source/startup/startup_mk64f12.o
                0x000014be                UART3_ERR_IRQHandler
 .text.ADC0_IRQHandler
                0x000014c6        0x8 ./source/startup/startup_mk64f12.o
                0x000014c6                ADC0_IRQHandler
 .text.CMP0_IRQHandler
                0x000014ce        0x8 ./source/startup/startup_mk64f12.o
                0x000014ce                CMP0_IRQHandler
 .text.CMP1_IRQHandler
                0x000014d6        0x8 ./source/startup/startup_mk64f12.o
                0x000014d6                CMP1_IRQHandler
 .text.FTM0_IRQHandler
                0x000014de        0x8 ./source/startup/startup_mk64f12.o
                0x000014de                FTM0_IRQHandler
 .text.FTM1_IRQHandler
                0x000014e6        0x8 ./source/startup/startup_mk64f12.o
                0x000014e6                FTM1_IRQHandler
 .text.FTM2_IRQHandler
                0x000014ee        0x8 ./source/startup/startup_mk64f12.o
                0x000014ee                FTM2_IRQHandler
 .text.CMT_IRQHandler
                0x000014f6        0x8 ./source/startup/startup_mk64f12.o
                0x000014f6                CMT_IRQHandler
 .text.RTC_IRQHandler
                0x000014fe        0x8 ./source/startup/startup_mk64f12.o
                0x000014fe                RTC_IRQHandler
 .text.RTC_Seconds_IRQHandler
                0x00001506        0x8 ./source/startup/startup_mk64f12.o
                0x00001506                RTC_Seconds_IRQHandler
 .text.PIT0_IRQHandler
                0x0000150e        0x8 ./source/startup/startup_mk64f12.o
                0x0000150e                PIT0_IRQHandler
 .text.PIT1_IRQHandler
                0x00001516        0x8 ./source/startup/startup_mk64f12.o
                0x00001516                PIT1_IRQHandler
 .text.PIT2_IRQHandler
                0x0000151e        0x8 ./source/startup/startup_mk64f12.o
                0x0000151e                PIT2_IRQHandler
 .text.PIT3_IRQHandler
                0x00001526        0x8 ./source/startup/startup_mk64f12.o
                0x00001526                PIT3_IRQHandler
 .text.PDB0_IRQHandler
                0x0000152e        0x8 ./source/startup/startup_mk64f12.o
                0x0000152e                PDB0_IRQHandler
 .text.USB0_IRQHandler
                0x00001536        0x8 ./source/startup/startup_mk64f12.o
                0x00001536                USB0_IRQHandler
 .text.USBDCD_IRQHandler
                0x0000153e        0x8 ./source/startup/startup_mk64f12.o
                0x0000153e                USBDCD_IRQHandler
 .text.Reserved71_IRQHandler
                0x00001546        0x8 ./source/startup/startup_mk64f12.o
                0x00001546                Reserved71_IRQHandler
 .text.DAC0_IRQHandler
                0x0000154e        0x8 ./source/startup/startup_mk64f12.o
                0x0000154e                DAC0_IRQHandler
 .text.MCG_IRQHandler
                0x00001556        0x8 ./source/startup/startup_mk64f12.o
                0x00001556                MCG_IRQHandler
 .text.LPTMR0_IRQHandler
                0x0000155e        0x8 ./source/startup/startup_mk64f12.o
                0x0000155e                LPTMR0_IRQHandler
 .text.PORTA_IRQHandler
                0x00001566        0x8 ./source/startup/startup_mk64f12.o
                0x00001566                PORTA_IRQHandler
 .text.PORTB_IRQHandler
                0x0000156e        0x8 ./source/startup/startup_mk64f12.o
                0x0000156e                PORTB_IRQHandler
 .text.PORTC_IRQHandler
                0x00001576        0x8 ./source/startup/startup_mk64f12.o
                0x00001576                PORTC_IRQHandler
 .text.PORTD_IRQHandler
                0x0000157e        0x8 ./source/startup/startup_mk64f12.o
                0x0000157e                PORTD_IRQHandler
 .text.PORTE_IRQHandler
                0x00001586        0x8 ./source/startup/startup_mk64f12.o
                0x00001586                PORTE_IRQHandler
 .text.SWI_IRQHandler
                0x0000158e        0x8 ./source/startup/startup_mk64f12.o
                0x0000158e                SWI_IRQHandler
 .text.SPI2_IRQHandler
                0x00001596        0x8 ./source/startup/startup_mk64f12.o
                0x00001596                SPI2_IRQHandler
 .text.UART4_RX_TX_IRQHandler
                0x0000159e        0x8 ./source/startup/startup_mk64f12.o
                0x0000159e                UART4_RX_TX_IRQHandler
 .text.UART4_ERR_IRQHandler
                0x000015a6        0x8 ./source/startup/startup_mk64f12.o
                0x000015a6                UART4_ERR_IRQHandler
 .text.UART5_RX_TX_IRQHandler
                0x000015ae        0x8 ./source/startup/startup_mk64f12.o
                0x000015ae                UART5_RX_TX_IRQHandler
 .text.UART5_ERR_IRQHandler
                0x000015b6        0x8 ./source/startup/startup_mk64f12.o
                0x000015b6                UART5_ERR_IRQHandler
 .text.CMP2_IRQHandler
                0x000015be        0x8 ./source/startup/startup_mk64f12.o
                0x000015be                CMP2_IRQHandler
 .text.FTM3_IRQHandler
                0x000015c6        0x8 ./source/startup/startup_mk64f12.o
                0x000015c6                FTM3_IRQHandler
 .text.DAC1_IRQHandler
                0x000015ce        0x8 ./source/startup/startup_mk64f12.o
                0x000015ce                DAC1_IRQHandler
 .text.ADC1_IRQHandler
                0x000015d6        0x8 ./source/startup/startup_mk64f12.o
                0x000015d6                ADC1_IRQHandler
 .text.I2C2_IRQHandler
                0x000015de        0x8 ./source/startup/startup_mk64f12.o
                0x000015de                I2C2_IRQHandler
 .text.CAN0_ORed_Message_buffer_IRQHandler
                0x000015e6        0x8 ./source/startup/startup_mk64f12.o
                0x000015e6                CAN0_ORed_Message_buffer_IRQHandler
 .text.CAN0_Bus_Off_IRQHandler
                0x000015ee        0x8 ./source/startup/startup_mk64f12.o
                0x000015ee                CAN0_Bus_Off_IRQHandler
 .text.CAN0_Error_IRQHandler
                0x000015f6        0x8 ./source/startup/startup_mk64f12.o
                0x000015f6                CAN0_Error_IRQHandler
 .text.CAN0_Tx_Warning_IRQHandler
                0x000015fe        0x8 ./source/startup/startup_mk64f12.o
                0x000015fe                CAN0_Tx_Warning_IRQHandler
 .text.CAN0_Rx_Warning_IRQHandler
                0x00001606        0x8 ./source/startup/startup_mk64f12.o
                0x00001606                CAN0_Rx_Warning_IRQHandler
 .text.CAN0_Wake_Up_IRQHandler
                0x0000160e        0x8 ./source/startup/startup_mk64f12.o
                0x0000160e                CAN0_Wake_Up_IRQHandler
 .text.SDHC_IRQHandler
                0x00001616        0x8 ./source/startup/startup_mk64f12.o
                0x00001616                SDHC_IRQHandler
 .text.ENET_1588_Timer_IRQHandler
                0x0000161e        0x8 ./source/startup/startup_mk64f12.o
                0x0000161e                ENET_1588_Timer_IRQHandler
 .text.ENET_Transmit_IRQHandler
                0x00001626        0x8 ./source/startup/startup_mk64f12.o
                0x00001626                ENET_Transmit_IRQHandler
 .text.ENET_Receive_IRQHandler
                0x0000162e        0x8 ./source/startup/startup_mk64f12.o
                0x0000162e                ENET_Receive_IRQHandler
 .text.ENET_Error_IRQHandler
                0x00001636        0x8 ./source/startup/startup_mk64f12.o
                0x00001636                ENET_Error_IRQHandler
 .text.App_Init
                0x0000163e       0x1c ./source/App.o
                0x0000163e                App_Init
 .text.App_Run  0x0000165a        0xe ./source/App.o
                0x0000165a                App_Run
 .text.Led_On   0x00001668       0x1c ./source/Led.o
                0x00001668                Led_On
 .text.Led_Off  0x00001684       0x1c ./source/Led.o
                0x00001684                Led_Off
 .text.Led_Toggle
                0x000016a0       0x1a ./source/Led.o
                0x000016a0                Led_Toggle
 .text.OnForDefinedTimeCalledFromPISR
                0x000016ba       0x4e ./source/Led.o
 .text.BlinkCalledFromPISR
                0x00001708       0x74 ./source/Led.o
 .text.RepetitionBlinkCalledFromPISR
                0x0000177c       0x7c ./source/Led.o
 .text.InfiniteBlinkCalledFromPISR
                0x000017f8       0x4a ./source/Led.o
 .text.getArrayEffectiveLength
                0x00001842       0x54 ./source/SysTick.o
 .text.getArrayEffectiveLength
                0x00001896       0x54 ./source/Timer.o
 .text.SystemInitHook
                0x000018ea        0xe ./CMSIS/system_MK64F12.o
                0x000018ea                SystemInitHook
 .text.parsePin
                0x000018f8       0x42 C:/Users/pabli/Documents/MCUXpressoIDE_10.2.0_759/workspace/MultipleSystickCallbacks/source/gpio.o
 .text.__main   0x0000193a        0xe c:/nxp/mcuxpressoide_10.2.0_759/ide/tools/bin/../lib/gcc/arm-none-eabi/7.2.1/../../../../arm-none-eabi/lib/thumb/v7e-m/fpv4-sp/hard\libcr_semihost_nf.a(_cr__main.o)
                0x0000193a                __CR_SEMIHOST
                0x0000193a                __main
 .text.memcpy   0x00001948        0x4 c:/nxp/mcuxpressoide_10.2.0_759/ide/tools/bin/../lib/gcc/arm-none-eabi/7.2.1/../../../../arm-none-eabi/lib/thumb/v7e-m/fpv4-sp/hard\libcr_c.a(memcpy.o)
                0x00001948                memcpy
 .text.strlen   0x0000194c       0x4a c:/nxp/mcuxpressoide_10.2.0_759/ide/tools/bin/../lib/gcc/arm-none-eabi/7.2.1/../../../../arm-none-eabi/lib/thumb/v7e-m/fpv4-sp/hard\libcr_c.a(strlen.o)
                0x0000194c                strlen
 .text.memset   0x00001996        0x4 c:/nxp/mcuxpressoide_10.2.0_759/ide/tools/bin/../lib/gcc/arm-none-eabi/7.2.1/../../../../arm-none-eabi/lib/thumb/v7e-m/fpv4-sp/hard\libcr_c.a(memset.o)
                0x00001996                memset
 .text._deferredlazyseek
                0x0000199a       0x40 c:/nxp/mcuxpressoide_10.2.0_759/ide/tools/bin/../lib/gcc/arm-none-eabi/7.2.1/../../../../arm-none-eabi/lib/thumb/v7e-m/fpv4-sp/hard\libcr_c.a(_deferredlazyseek.o)
                0x0000199a                _deferredlazyseek
 .text._fdopen  0x000019da       0x68 c:/nxp/mcuxpressoide_10.2.0_759/ide/tools/bin/../lib/gcc/arm-none-eabi/7.2.1/../../../../arm-none-eabi/lib/thumb/v7e-m/fpv4-sp/hard\libcr_c.a(_fdopen.o)
                0x000019da                _fdopen
 .text._fflush  0x00001a42       0x52 c:/nxp/mcuxpressoide_10.2.0_759/ide/tools/bin/../lib/gcc/arm-none-eabi/7.2.1/../../../../arm-none-eabi/lib/thumb/v7e-m/fpv4-sp/hard\libcr_c.a(_fflush.o)
                0x00001a42                _fflush
 .text.free     0x00001a94       0x30 c:/nxp/mcuxpressoide_10.2.0_759/ide/tools/bin/../lib/gcc/arm-none-eabi/7.2.1/../../../../arm-none-eabi/lib/thumb/v7e-m/fpv4-sp/hard\libcr_c.a(alloc.o)
                0x00001a94                free
 .text.fclose   0x00001ac4       0x58 c:/nxp/mcuxpressoide_10.2.0_759/ide/tools/bin/../lib/gcc/arm-none-eabi/7.2.1/../../../../arm-none-eabi/lib/thumb/v7e-m/fpv4-sp/hard\libcr_c.a(fclose.o)
                0x00001ac4                fclose
 .text.remove   0x00001b1c       0x14 c:/nxp/mcuxpressoide_10.2.0_759/ide/tools/bin/../lib/gcc/arm-none-eabi/7.2.1/../../../../arm-none-eabi/lib/thumb/v7e-m/fpv4-sp/hard\libcr_c.a(remove.o)
                0x00001b1c                remove
 .text._do_fflush
                0x00001b30       0x40 c:/nxp/mcuxpressoide_10.2.0_759/ide/tools/bin/../lib/gcc/arm-none-eabi/7.2.1/../../../../arm-none-eabi/lib/thumb/v7e-m/fpv4-sp/hard\libcr_c.a(_do_fflush.o)
                0x00001b30                _do_fflush
 .text.__aeabi_memcpy
                0x00001b70       0x34 c:/nxp/mcuxpressoide_10.2.0_759/ide/tools/bin/../lib/gcc/arm-none-eabi/7.2.1/thumb/v7e-m/fpv4-sp/hard\libcr_eabihelpers.a(memcpy.o)
                0x00001b70                __aeabi_memcpy
                0x00001b7a                __aeabi_memcpy8
                0x00001b7a                __aeabi_memcpy4
 .text.__aeabi_memset_lowlevel
                0x00001ba4       0x32 c:/nxp/mcuxpressoide_10.2.0_759/ide/tools/bin/../lib/gcc/arm-none-eabi/7.2.1/thumb/v7e-m/fpv4-sp/hard\libcr_eabihelpers.a(memcpy.o)
                0x00001ba4                __aeabi_lowlevel_memset
 .text.__sys_close
                0x00001bd6        0xc c:/nxp/mcuxpressoide_10.2.0_759/ide/tools/bin/../lib/gcc/arm-none-eabi/7.2.1/../../../../arm-none-eabi/lib/thumb/v7e-m/fpv4-sp/hard\libcr_semihost_nf.a(__sys_close.o)
                0x00001bd6                __sys_close
 .text.__sys_flen
                0x00001be2        0xc c:/nxp/mcuxpressoide_10.2.0_759/ide/tools/bin/../lib/gcc/arm-none-eabi/7.2.1/../../../../arm-none-eabi/lib/thumb/v7e-m/fpv4-sp/hard\libcr_semihost_nf.a(__sys_flen.o)
                0x00001be2                __sys_flen
 .text.__sys_istty
                0x00001bee        0xc c:/nxp/mcuxpressoide_10.2.0_759/ide/tools/bin/../lib/gcc/arm-none-eabi/7.2.1/../../../../arm-none-eabi/lib/thumb/v7e-m/fpv4-sp/hard\libcr_semihost_nf.a(__sys_istty.o)
                0x00001bee                __sys_istty
 .text.__sys_remove
                0x00001bfa        0xc c:/nxp/mcuxpressoide_10.2.0_759/ide/tools/bin/../lib/gcc/arm-none-eabi/7.2.1/../../../../arm-none-eabi/lib/thumb/v7e-m/fpv4-sp/hard\libcr_semihost_nf.a(__sys_remove.o)
                0x00001bfa                __sys_remove
 .text.__sys_seek
                0x00001c06        0xc c:/nxp/mcuxpressoide_10.2.0_759/ide/tools/bin/../lib/gcc/arm-none-eabi/7.2.1/../../../../arm-none-eabi/lib/thumb/v7e-m/fpv4-sp/hard\libcr_semihost_nf.a(__sys_seek.o)
                0x00001c06                __sys_seek
 .text.__sys_tmpnam
                0x00001c12        0xc c:/nxp/mcuxpressoide_10.2.0_759/ide/tools/bin/../lib/gcc/arm-none-eabi/7.2.1/../../../../arm-none-eabi/lib/thumb/v7e-m/fpv4-sp/hard\libcr_semihost_nf.a(__sys_tmpnam.o)
                0x00001c12                __sys_tmpnam
 .text.__sys_write
                0x00001c1e        0xc c:/nxp/mcuxpressoide_10.2.0_759/ide/tools/bin/../lib/gcc/arm-none-eabi/7.2.1/../../../../arm-none-eabi/lib/thumb/v7e-m/fpv4-sp/hard\libcr_semihost_nf.a(__sys_write.o)
                0x00001c1e                __sys_write
 *(SORT_BY_ALIGNMENT(.rodata) SORT_BY_ALIGNMENT(.rodata.*) SORT_BY_ALIGNMENT(.constdata) SORT_BY_ALIGNMENT(.constdata.*))
 *fill*         0x00001c2a        0x2 ff
 .rodata.portPtrList
                0x00001c2c       0x14 C:/Users/pabli/Documents/MCUXpressoIDE_10.2.0_759/workspace/MultipleSystickCallbacks/source/gpio.o
 .rodata.gpioPtrList
                0x00001c40       0x14 C:/Users/pabli/Documents/MCUXpressoIDE_10.2.0_759/workspace/MultipleSystickCallbacks/source/gpio.o
 .rodata.mode2pcr
                0x00001c54       0x10 C:/Users/pabli/Documents/MCUXpressoIDE_10.2.0_759/workspace/MultipleSystickCallbacks/source/gpio.o
 .rodata.__num_Ciob_streams
                0x00001c64        0x4 c:/nxp/mcuxpressoide_10.2.0_759/ide/tools/bin/../lib/gcc/arm-none-eabi/7.2.1/../../../../arm-none-eabi/lib/thumb/v7e-m/fpv4-sp/hard\libcr_semihost_nf.a(__ciob.o)
                0x00001c64                __num_Ciob_streams
 .rodata._initio.str1.1
                0x00001c68        0x4 c:/nxp/mcuxpressoide_10.2.0_759/ide/tools/bin/../lib/gcc/arm-none-eabi/7.2.1/../../../../arm-none-eabi/lib/thumb/v7e-m/fpv4-sp/hard\libcr_c.a(initio.o)
                0x00001c70                . = ALIGN (0x8)
 *fill*         0x00001c6c        0x4 ff

.glue_7         0x00001c70        0x0
 .glue_7        0x00001c70        0x0 linker stubs

.glue_7t        0x00001c70        0x0
 .glue_7t       0x00001c70        0x0 linker stubs

.vfp11_veneer   0x00001c70        0x0
 .vfp11_veneer  0x00001c70        0x0 linker stubs

.v4_bx          0x00001c70        0x0
 .v4_bx         0x00001c70        0x0 linker stubs

.iplt           0x00001c70        0x0
 .iplt          0x00001c70        0x0 ./source/test/LedTimerTestBench.o

.rel.dyn        0x00001c70        0x0
 .rel.iplt      0x00001c70        0x0 ./source/test/LedTimerTestBench.o

.ARM.extab
 *(SORT_BY_ALIGNMENT(.ARM.extab*) SORT_BY_ALIGNMENT(.gnu.linkonce.armextab.*))
                0x00001c70                __exidx_start = .

.ARM.exidx
 *(SORT_BY_ALIGNMENT(.ARM.exidx*) SORT_BY_ALIGNMENT(.gnu.linkonce.armexidx.*))
                0x00001c70                __exidx_end = .
                0x00001c70                _etext = .

.m_usb_data
 *(SORT_BY_ALIGNMENT(m_usb_bdt))

.data_RAM2      0x1fff0000        0x0 load address 0x00001c70
 FILL mask 0xff
                [!provide]                PROVIDE (__start_data_RAM2, .)
 *(SORT_BY_ALIGNMENT(.ramfunc.$RAM2))
 *(SORT_BY_ALIGNMENT(.ramfunc.$SRAM_LOWER))
 *(SORT_BY_ALIGNMENT(.data.$RAM2*))
 *(SORT_BY_ALIGNMENT(.data.$SRAM_LOWER*))
                0x1fff0000                . = ALIGN (0x8)
                [!provide]                PROVIDE (__end_data_RAM2, .)

.data_RAM3      0x14000000        0x0 load address 0x00001c70
 FILL mask 0xff
                [!provide]                PROVIDE (__start_data_RAM3, .)
 *(SORT_BY_ALIGNMENT(.ramfunc.$RAM3))
 *(SORT_BY_ALIGNMENT(.ramfunc.$FLEX_RAM))
 *(SORT_BY_ALIGNMENT(.data.$RAM3*))
 *(SORT_BY_ALIGNMENT(.data.$FLEX_RAM*))
                0x14000000                . = ALIGN (0x8)
                [!provide]                PROVIDE (__end_data_RAM3, .)

.uninit_RESERVED
                0x20000000        0x0
 *(SORT_BY_ALIGNMENT(.bss.$RESERVED*))
                0x20000000                . = ALIGN (0x4)
                0x20000000                _end_uninit_RESERVED = .

.data           0x20000000        0x0 load address 0x00001c70
 FILL mask 0xff
                0x20000000                _data = .
 *(SORT_BY_ALIGNMENT(vtable))
 *(SORT_BY_ALIGNMENT(.ramfunc*))
 *(SORT_BY_ALIGNMENT(.data*))
                0x20000000                . = ALIGN (0x8)
                0x20000000                _edata = .

.igot.plt       0x20000000        0x0 load address 0x00001c70
 .igot.plt      0x20000000        0x0 ./source/test/LedTimerTestBench.o

.bss_RAM2       0x1fff0000        0x0
                [!provide]                PROVIDE (__start_bss_RAM2, .)
 *(SORT_BY_ALIGNMENT(.bss.$RAM2*))
 *(SORT_BY_ALIGNMENT(.bss.$SRAM_LOWER*))
                0x1fff0000                . = ALIGN ((. != 0x0)?0x8:0x1)
                [!provide]                PROVIDE (__end_bss_RAM2, .)

.bss_RAM3       0x14000000        0x0
                [!provide]                PROVIDE (__start_bss_RAM3, .)
 *(SORT_BY_ALIGNMENT(.bss.$RAM3*))
 *(SORT_BY_ALIGNMENT(.bss.$FLEX_RAM*))
                0x14000000                . = ALIGN ((. != 0x0)?0x8:0x1)
                [!provide]                PROVIDE (__end_bss_RAM3, .)

.bss            0x20000000      0x508
                0x20000000                _bss = .
 *(SORT_BY_ALIGNMENT(.bss*))
 .bss.onForDefinedTimeTestID
                0x20000000        0x4 ./source/test/LedTimerTestBench.o
                0x20000000                onForDefinedTimeTestID
 .bss.i.5528    0x20000004        0x4 ./source/test/LedTimerTestBench.o
 .bss.__LDM_interruptDisableCount
                0x20000008        0x4 ./source/startup/hardware.o
 .bss.ledElements
                0x2000000c       0xd8 ./source/Led.o
 .bss.defaultOnForDefinedTimeProperties
                0x200000e4        0xc ./source/Led.o
 .bss.defaultBlinkProperties
                0x200000f0       0x14 ./source/Led.o
 .bss.defaultInfiniteBlinkProperties
                0x20000104        0xc ./source/Led.o
 .bss.defaultRepetitionBlinkProperties
                0x20000110       0x14 ./source/Led.o
 .bss.sysTickElements
                0x20000124      0x190 ./source/SysTick.o
 .bss.idCounter
                0x200002b4        0x4 ./source/SysTick.o
 .bss.timerElements
                0x200002b8      0x190 ./source/Timer.o
 .bss.idCounter
                0x20000448        0x4 ./source/Timer.o
 .bss.errno     0x2000044c        0x4 c:/nxp/mcuxpressoide_10.2.0_759/ide/tools/bin/../lib/gcc/arm-none-eabi/7.2.1/../../../../arm-none-eabi/lib/thumb/v7e-m/fpv4-sp/hard\libcr_c.a(errno.o)
                0x2000044c                errno
 .bss.__Ciob    0x20000450       0xb4 c:/nxp/mcuxpressoide_10.2.0_759/ide/tools/bin/../lib/gcc/arm-none-eabi/7.2.1/../../../../arm-none-eabi/lib/thumb/v7e-m/fpv4-sp/hard\libcr_semihost_nf.a(__ciob.o)
                0x20000450                __Ciob
 *(SORT_BY_ALIGNMENT(COMMON))
                0x20000508                . = ALIGN (0x8)
 *fill*         0x20000504        0x4 
                0x20000508                _ebss = .
                [!provide]                PROVIDE (end, .)

.noinit_RAM2    0x1fff0000        0x0
 *(SORT_BY_ALIGNMENT(.noinit.$RAM2*))
 *(SORT_BY_ALIGNMENT(.noinit.$SRAM_LOWER*))
                0x1fff0000                . = ALIGN (0x8)

.noinit_RAM3    0x14000000        0x0
 *(SORT_BY_ALIGNMENT(.noinit.$RAM3*))
 *(SORT_BY_ALIGNMENT(.noinit.$FLEX_RAM*))
                0x14000000                . = ALIGN (0x8)

.noinit         0x20000508        0x0
                0x20000508                _noinit = .
 *(SORT_BY_ALIGNMENT(.noinit*))
                0x20000508                . = ALIGN (0x8)
                0x20000508                _end_noinit = .
                0x00001000                _HeapSize = 0x1000

.heap           0x20000508     0x1000
                0x20000508                _pvHeapStart = .
                0x20001508                . = (. + _HeapSize)
 *fill*         0x20000508     0x1000 
                0x20001508                . = ALIGN (0x8)
                0x20001508                _pvHeapLimit = .
                0x00001000                _StackSize = 0x1000

.heap2stackfill
                0x20001508     0x1000
                0x20002508                . = (. + _StackSize)
 *fill*         0x20001508     0x1000 

.stack          0x2002f000        0x0
                0x2002f000                _vStackBase = .
                0x2002f000                . = ALIGN (0x8)
                0x20030000                _vStackTop = (. + _StackSize)
                0x00000000                _image_start = LOADADDR (.text)
                0x00001c70                _image_end = (LOADADDR (.data) + SIZEOF (.data))
                0x00001c70                _image_size = (_image_end - _image_start)
OUTPUT(MultipleSystickCallbacks.axf elf32-littlearm)

.debug_info     0x00000000     0x336d
 .debug_info    0x00000000      0x334 ./source/test/LedTimerTestBench.o
 .debug_info    0x00000334      0x6aa ./source/startup/hardware.o
 .debug_info    0x000009de       0xec ./source/startup/main.o
 .debug_info    0x00000aca       0x3b ./source/startup/semihost_hardfault.o
 .debug_info    0x00000b05      0x8b0 ./source/startup/startup_mk64f12.o
 .debug_info    0x000013b5      0x216 ./source/App.o
 .debug_info    0x000015cb      0x880 ./source/Led.o
 .debug_info    0x00001e4b      0x52b ./source/SysTick.o
 .debug_info    0x00002376      0x53a ./source/Timer.o
 .debug_info    0x000028b0      0x631 ./CMSIS/system_MK64F12.o
 .debug_info    0x00002ee1      0x48c C:/Users/pabli/Documents/MCUXpressoIDE_10.2.0_759/workspace/MultipleSystickCallbacks/source/gpio.o

.debug_abbrev   0x00000000      0xd6b
 .debug_abbrev  0x00000000      0x14a ./source/test/LedTimerTestBench.o
 .debug_abbrev  0x0000014a      0x14d ./source/startup/hardware.o
 .debug_abbrev  0x00000297       0x9b ./source/startup/main.o
 .debug_abbrev  0x00000332       0x2f ./source/startup/semihost_hardfault.o
 .debug_abbrev  0x00000361      0x15c ./source/startup/startup_mk64f12.o
 .debug_abbrev  0x000004bd       0xfc ./source/App.o
 .debug_abbrev  0x000005b9      0x1dd ./source/Led.o
 .debug_abbrev  0x00000796      0x1bb ./source/SysTick.o
 .debug_abbrev  0x00000951      0x164 ./source/Timer.o
 .debug_abbrev  0x00000ab5      0x154 ./CMSIS/system_MK64F12.o
 .debug_abbrev  0x00000c09      0x162 C:/Users/pabli/Documents/MCUXpressoIDE_10.2.0_759/workspace/MultipleSystickCallbacks/source/gpio.o

.debug_aranges  0x00000000      0x610
 .debug_aranges
                0x00000000       0x78 ./source/test/LedTimerTestBench.o
 .debug_aranges
                0x00000078       0x30 ./source/startup/hardware.o
 .debug_aranges
                0x000000a8       0x20 ./source/startup/main.o
 .debug_aranges
                0x000000c8       0x20 ./source/startup/semihost_hardfault.o
 .debug_aranges
                0x000000e8      0x330 ./source/startup/startup_mk64f12.o
 .debug_aranges
                0x00000418       0x28 ./source/App.o
 .debug_aranges
                0x00000440       0xa0 ./source/Led.o
 .debug_aranges
                0x000004e0       0x58 ./source/SysTick.o
 .debug_aranges
                0x00000538       0x68 ./source/Timer.o
 .debug_aranges
                0x000005a0       0x30 ./CMSIS/system_MK64F12.o
 .debug_aranges
                0x000005d0       0x40 C:/Users/pabli/Documents/MCUXpressoIDE_10.2.0_759/workspace/MultipleSystickCallbacks/source/gpio.o

.debug_ranges   0x00000000      0x590
 .debug_ranges  0x00000000       0x68 ./source/test/LedTimerTestBench.o
 .debug_ranges  0x00000068       0x20 ./source/startup/hardware.o
 .debug_ranges  0x00000088       0x10 ./source/startup/main.o
 .debug_ranges  0x00000098       0x10 ./source/startup/semihost_hardfault.o
 .debug_ranges  0x000000a8      0x320 ./source/startup/startup_mk64f12.o
 .debug_ranges  0x000003c8       0x18 ./source/App.o
 .debug_ranges  0x000003e0       0x90 ./source/Led.o
 .debug_ranges  0x00000470       0x48 ./source/SysTick.o
 .debug_ranges  0x000004b8       0x58 ./source/Timer.o
 .debug_ranges  0x00000510       0x20 ./CMSIS/system_MK64F12.o
 .debug_ranges  0x00000530       0x60 C:/Users/pabli/Documents/MCUXpressoIDE_10.2.0_759/workspace/MultipleSystickCallbacks/source/gpio.o

.debug_macro    0x00000000    0x13619
 .debug_macro   0x00000000       0xbe ./source/test/LedTimerTestBench.o
 .debug_macro   0x000000be      0xa9c ./source/test/LedTimerTestBench.o
 .debug_macro   0x00000b5a       0x10 ./source/test/LedTimerTestBench.o
 .debug_macro   0x00000b6a      0x12d ./source/test/LedTimerTestBench.o
 .debug_macro   0x00000c97       0x16 ./source/test/LedTimerTestBench.o
 .debug_macro   0x00000cad       0x1c ./source/test/LedTimerTestBench.o
 .debug_macro   0x00000cc9       0xd2 ./source/test/LedTimerTestBench.o
 .debug_macro   0x00000d9b       0x22 ./source/test/LedTimerTestBench.o
 .debug_macro   0x00000dbd       0x16 ./source/test/LedTimerTestBench.o
 .debug_macro   0x00000dd3      0x5b2 ./source/test/LedTimerTestBench.o
 .debug_macro   0x00001385       0x3a ./source/test/LedTimerTestBench.o
 .debug_macro   0x000013bf       0x34 ./source/test/LedTimerTestBench.o
 .debug_macro   0x000013f3       0x10 ./source/test/LedTimerTestBench.o
 .debug_macro   0x00001403       0xb4 ./source/startup/hardware.o
 .debug_macro   0x000014b7      0xa90 ./source/startup/hardware.o
 .debug_macro   0x00001f47       0x10 ./source/startup/hardware.o
 .debug_macro   0x00001f57       0x5c ./source/startup/hardware.o
 .debug_macro   0x00001fb3       0x1c ./source/startup/hardware.o
 .debug_macro   0x00001fcf       0x22 ./source/startup/hardware.o
 .debug_macro   0x00001ff1       0xdf ./source/startup/hardware.o
 .debug_macro   0x000020d0      0xecf ./source/startup/hardware.o
 .debug_macro   0x00002f9f       0x48 ./source/startup/hardware.o
 .debug_macro   0x00002fe7     0xe07b ./source/startup/hardware.o
 .debug_macro   0x00011062     0x122b ./source/startup/hardware.o
 .debug_macro   0x0001228d       0x16 ./source/startup/hardware.o
 .debug_macro   0x000122a3       0xb4 ./source/startup/main.o
 .debug_macro   0x00012357       0x11 ./source/startup/semihost_hardfault.o
 .debug_macro   0x00012368       0x29 ./source/startup/startup_mk64f12.o
 .debug_macro   0x00012391       0xc4 ./source/App.o
 .debug_macro   0x00012455       0x16 ./source/App.o
 .debug_macro   0x0001246b       0xae ./source/Led.o
 .debug_macro   0x00012519       0x3a ./source/Led.o
 .debug_macro   0x00012553       0xf6 ./source/SysTick.o
 .debug_macro   0x00012649       0x1c ./source/SysTick.o
 .debug_macro   0x00012665       0x7d ./source/Timer.o
 .debug_macro   0x000126e2       0x98 ./CMSIS/system_MK64F12.o
 .debug_macro   0x0001277a       0xd5 C:/Users/pabli/Documents/MCUXpressoIDE_10.2.0_759/workspace/MultipleSystickCallbacks/source/gpio.o
 .debug_macro   0x0001284f      0xa5a C:/Users/pabli/Documents/MCUXpressoIDE_10.2.0_759/workspace/MultipleSystickCallbacks/source/gpio.o
 .debug_macro   0x000132a9      0x34e C:/Users/pabli/Documents/MCUXpressoIDE_10.2.0_759/workspace/MultipleSystickCallbacks/source/gpio.o
 .debug_macro   0x000135f7       0x22 C:/Users/pabli/Documents/MCUXpressoIDE_10.2.0_759/workspace/MultipleSystickCallbacks/source/gpio.o

.debug_line     0x00000000     0x1c2c
 .debug_line    0x00000000      0x267 ./source/test/LedTimerTestBench.o
 .debug_line    0x00000267      0x221 ./source/startup/hardware.o
 .debug_line    0x00000488      0x1c2 ./source/startup/main.o
 .debug_line    0x0000064a       0x5c ./source/startup/semihost_hardfault.o
 .debug_line    0x000006a6      0x6db ./source/startup/startup_mk64f12.o
 .debug_line    0x00000d81      0x18b ./source/App.o
 .debug_line    0x00000f0c      0x327 ./source/Led.o
 .debug_line    0x00001233      0x337 ./source/SysTick.o
 .debug_line    0x0000156a      0x2c5 ./source/Timer.o
 .debug_line    0x0000182f      0x211 ./CMSIS/system_MK64F12.o
 .debug_line    0x00001a40      0x1ec C:/Users/pabli/Documents/MCUXpressoIDE_10.2.0_759/workspace/MultipleSystickCallbacks/source/gpio.o

.debug_str      0x00000000    0x7a437
 .debug_str     0x00000000     0x4c6a ./source/test/LedTimerTestBench.o
                               0x4d0f (size before relaxing)
 .debug_str     0x00004c6a    0x73af8 ./source/startup/hardware.o
                              0x77ee2 (size before relaxing)
 .debug_str     0x00078762       0x1e ./source/startup/main.o
                              0x77cb6 (size before relaxing)
 .debug_str     0x00078780       0x39 ./source/startup/semihost_hardfault.o
                               0x2ddb (size before relaxing)
 .debug_str     0x000787b9      0x83d ./source/startup/startup_mk64f12.o
                               0x3649 (size before relaxing)
 .debug_str     0x00078ff6       0x3e ./source/App.o
                               0x4b97 (size before relaxing)
 .debug_str     0x00079034      0x495 ./source/Led.o
                               0x5065 (size before relaxing)
 .debug_str     0x000794c9      0x21e ./source/SysTick.o
                              0x78343 (size before relaxing)
 .debug_str     0x000796e7      0x123 ./source/Timer.o
                               0x3aa1 (size before relaxing)
 .debug_str     0x0007980a       0x5e ./CMSIS/system_MK64F12.o
                              0x77dea (size before relaxing)
 .debug_str     0x00079868      0xbcf C:/Users/pabli/Documents/MCUXpressoIDE_10.2.0_759/workspace/MultipleSystickCallbacks/source/gpio.o
                              0x772d6 (size before relaxing)

.comment        0x00000000       0x7e
 .comment       0x00000000       0x7e ./source/test/LedTimerTestBench.o
                                 0x7f (size before relaxing)
 .comment       0x0000007e       0x7f ./source/startup/hardware.o
 .comment       0x0000007e       0x7f ./source/startup/main.o
 .comment       0x0000007e       0x7f ./source/startup/semihost_hardfault.o
 .comment       0x0000007e       0x7f ./source/startup/startup_mk64f12.o
 .comment       0x0000007e       0x7f ./source/App.o
 .comment       0x0000007e       0x7f ./source/Led.o
 .comment       0x0000007e       0x7f ./source/SysTick.o
 .comment       0x0000007e       0x7f ./source/Timer.o
 .comment       0x0000007e       0x7f ./CMSIS/system_MK64F12.o
 .comment       0x0000007e       0x7f C:/Users/pabli/Documents/MCUXpressoIDE_10.2.0_759/workspace/MultipleSystickCallbacks/source/gpio.o
 .comment       0x0000007e       0x7f c:/nxp/mcuxpressoide_10.2.0_759/ide/tools/bin/../lib/gcc/arm-none-eabi/7.2.1/../../../../arm-none-eabi/lib/thumb/v7e-m/fpv4-sp/hard\libcr_semihost_nf.a(_cr__main.o)
 .comment       0x0000007e       0x7f c:/nxp/mcuxpressoide_10.2.0_759/ide/tools/bin/../lib/gcc/arm-none-eabi/7.2.1/../../../../arm-none-eabi/lib/thumb/v7e-m/fpv4-sp/hard\libcr_c.a(memcpy.o)
 .comment       0x0000007e       0x7f c:/nxp/mcuxpressoide_10.2.0_759/ide/tools/bin/../lib/gcc/arm-none-eabi/7.2.1/../../../../arm-none-eabi/lib/thumb/v7e-m/fpv4-sp/hard\libcr_c.a(initio.o)
 .comment       0x0000007e       0x7f c:/nxp/mcuxpressoide_10.2.0_759/ide/tools/bin/../lib/gcc/arm-none-eabi/7.2.1/../../../../arm-none-eabi/lib/thumb/v7e-m/fpv4-sp/hard\libcr_c.a(setvbuf.o)
 .comment       0x0000007e       0x7f c:/nxp/mcuxpressoide_10.2.0_759/ide/tools/bin/../lib/gcc/arm-none-eabi/7.2.1/../../../../arm-none-eabi/lib/thumb/v7e-m/fpv4-sp/hard\libcr_c.a(strlen.o)
 .comment       0x0000007e       0x7f c:/nxp/mcuxpressoide_10.2.0_759/ide/tools/bin/../lib/gcc/arm-none-eabi/7.2.1/../../../../arm-none-eabi/lib/thumb/v7e-m/fpv4-sp/hard\libcr_c.a(memset.o)
 .comment       0x0000007e       0x7f c:/nxp/mcuxpressoide_10.2.0_759/ide/tools/bin/../lib/gcc/arm-none-eabi/7.2.1/../../../../arm-none-eabi/lib/thumb/v7e-m/fpv4-sp/hard\libcr_c.a(_deferredlazyseek.o)
 .comment       0x0000007e       0x7f c:/nxp/mcuxpressoide_10.2.0_759/ide/tools/bin/../lib/gcc/arm-none-eabi/7.2.1/../../../../arm-none-eabi/lib/thumb/v7e-m/fpv4-sp/hard\libcr_c.a(_fdopen.o)
 .comment       0x0000007e       0x7f c:/nxp/mcuxpressoide_10.2.0_759/ide/tools/bin/../lib/gcc/arm-none-eabi/7.2.1/../../../../arm-none-eabi/lib/thumb/v7e-m/fpv4-sp/hard\libcr_c.a(_fflush.o)
 .comment       0x0000007e       0x7f c:/nxp/mcuxpressoide_10.2.0_759/ide/tools/bin/../lib/gcc/arm-none-eabi/7.2.1/../../../../arm-none-eabi/lib/thumb/v7e-m/fpv4-sp/hard\libcr_c.a(_writebuf.o)
 .comment       0x0000007e       0x7f c:/nxp/mcuxpressoide_10.2.0_759/ide/tools/bin/../lib/gcc/arm-none-eabi/7.2.1/../../../../arm-none-eabi/lib/thumb/v7e-m/fpv4-sp/hard\libcr_c.a(alloc.o)
 .comment       0x0000007e       0x7f c:/nxp/mcuxpressoide_10.2.0_759/ide/tools/bin/../lib/gcc/arm-none-eabi/7.2.1/../../../../arm-none-eabi/lib/thumb/v7e-m/fpv4-sp/hard\libcr_c.a(fclose.o)
 .comment       0x0000007e       0x7f c:/nxp/mcuxpressoide_10.2.0_759/ide/tools/bin/../lib/gcc/arm-none-eabi/7.2.1/../../../../arm-none-eabi/lib/thumb/v7e-m/fpv4-sp/hard\libcr_c.a(fflush.o)
 .comment       0x0000007e       0x7f c:/nxp/mcuxpressoide_10.2.0_759/ide/tools/bin/../lib/gcc/arm-none-eabi/7.2.1/../../../../arm-none-eabi/lib/thumb/v7e-m/fpv4-sp/hard\libcr_c.a(fseek.o)
 .comment       0x0000007e       0x7f c:/nxp/mcuxpressoide_10.2.0_759/ide/tools/bin/../lib/gcc/arm-none-eabi/7.2.1/../../../../arm-none-eabi/lib/thumb/v7e-m/fpv4-sp/hard\libcr_c.a(ftell.o)
 .comment       0x0000007e       0x7f c:/nxp/mcuxpressoide_10.2.0_759/ide/tools/bin/../lib/gcc/arm-none-eabi/7.2.1/../../../../arm-none-eabi/lib/thumb/v7e-m/fpv4-sp/hard\libcr_c.a(remove.o)
 .comment       0x0000007e       0x7f c:/nxp/mcuxpressoide_10.2.0_759/ide/tools/bin/../lib/gcc/arm-none-eabi/7.2.1/../../../../arm-none-eabi/lib/thumb/v7e-m/fpv4-sp/hard\libcr_c.a(_do_fflush.o)
 .comment       0x0000007e       0x7f c:/nxp/mcuxpressoide_10.2.0_759/ide/tools/bin/../lib/gcc/arm-none-eabi/7.2.1/../../../../arm-none-eabi/lib/thumb/v7e-m/fpv4-sp/hard\libcr_c.a(errno.o)
 .comment       0x0000007e       0x7f c:/nxp/mcuxpressoide_10.2.0_759/ide/tools/bin/../lib/gcc/arm-none-eabi/7.2.1/../../../../arm-none-eabi/lib/thumb/v7e-m/fpv4-sp/hard\libcr_semihost_nf.a(__ciob.o)

.ARM.attributes
                0x00000000       0x35
 .ARM.attributes
                0x00000000       0x37 ./source/test/LedTimerTestBench.o
 .ARM.attributes
                0x00000037       0x39 ./source/startup/hardware.o
 .ARM.attributes
                0x00000070       0x39 ./source/startup/main.o
 .ARM.attributes
                0x000000a9       0x39 ./source/startup/semihost_hardfault.o
 .ARM.attributes
                0x000000e2       0x39 ./source/startup/startup_mk64f12.o
 .ARM.attributes
                0x0000011b       0x39 ./source/App.o
 .ARM.attributes
                0x00000154       0x39 ./source/Led.o
 .ARM.attributes
                0x0000018d       0x39 ./source/SysTick.o
 .ARM.attributes
                0x000001c6       0x39 ./source/Timer.o
 .ARM.attributes
                0x000001ff       0x39 ./CMSIS/system_MK64F12.o
 .ARM.attributes
                0x00000238       0x39 C:/Users/pabli/Documents/MCUXpressoIDE_10.2.0_759/workspace/MultipleSystickCallbacks/source/gpio.o
 .ARM.attributes
                0x00000271       0x39 c:/nxp/mcuxpressoide_10.2.0_759/ide/tools/bin/../lib/gcc/arm-none-eabi/7.2.1/../../../../arm-none-eabi/lib/thumb/v7e-m/fpv4-sp/hard\libcr_semihost_nf.a(_cr__main.o)
 .ARM.attributes
                0x000002aa       0x39 c:/nxp/mcuxpressoide_10.2.0_759/ide/tools/bin/../lib/gcc/arm-none-eabi/7.2.1/../../../../arm-none-eabi/lib/thumb/v7e-m/fpv4-sp/hard\libcr_c.a(memcpy.o)
 .ARM.attributes
                0x000002e3       0x39 c:/nxp/mcuxpressoide_10.2.0_759/ide/tools/bin/../lib/gcc/arm-none-eabi/7.2.1/../../../../arm-none-eabi/lib/thumb/v7e-m/fpv4-sp/hard\libcr_c.a(initio.o)
 .ARM.attributes
                0x0000031c       0x39 c:/nxp/mcuxpressoide_10.2.0_759/ide/tools/bin/../lib/gcc/arm-none-eabi/7.2.1/../../../../arm-none-eabi/lib/thumb/v7e-m/fpv4-sp/hard\libcr_c.a(setvbuf.o)
 .ARM.attributes
                0x00000355       0x39 c:/nxp/mcuxpressoide_10.2.0_759/ide/tools/bin/../lib/gcc/arm-none-eabi/7.2.1/../../../../arm-none-eabi/lib/thumb/v7e-m/fpv4-sp/hard\libcr_c.a(strlen.o)
 .ARM.attributes
                0x0000038e       0x39 c:/nxp/mcuxpressoide_10.2.0_759/ide/tools/bin/../lib/gcc/arm-none-eabi/7.2.1/../../../../arm-none-eabi/lib/thumb/v7e-m/fpv4-sp/hard\libcr_c.a(memset.o)
 .ARM.attributes
                0x000003c7       0x39 c:/nxp/mcuxpressoide_10.2.0_759/ide/tools/bin/../lib/gcc/arm-none-eabi/7.2.1/../../../../arm-none-eabi/lib/thumb/v7e-m/fpv4-sp/hard\libcr_c.a(_deferredlazyseek.o)
 .ARM.attributes
                0x00000400       0x39 c:/nxp/mcuxpressoide_10.2.0_759/ide/tools/bin/../lib/gcc/arm-none-eabi/7.2.1/../../../../arm-none-eabi/lib/thumb/v7e-m/fpv4-sp/hard\libcr_c.a(_fdopen.o)
 .ARM.attributes
                0x00000439       0x39 c:/nxp/mcuxpressoide_10.2.0_759/ide/tools/bin/../lib/gcc/arm-none-eabi/7.2.1/../../../../arm-none-eabi/lib/thumb/v7e-m/fpv4-sp/hard\libcr_c.a(_fflush.o)
 .ARM.attributes
                0x00000472       0x39 c:/nxp/mcuxpressoide_10.2.0_759/ide/tools/bin/../lib/gcc/arm-none-eabi/7.2.1/../../../../arm-none-eabi/lib/thumb/v7e-m/fpv4-sp/hard\libcr_c.a(_writebuf.o)
 .ARM.attributes
                0x000004ab       0x39 c:/nxp/mcuxpressoide_10.2.0_759/ide/tools/bin/../lib/gcc/arm-none-eabi/7.2.1/../../../../arm-none-eabi/lib/thumb/v7e-m/fpv4-sp/hard\libcr_c.a(alloc.o)
 .ARM.attributes
                0x000004e4       0x39 c:/nxp/mcuxpressoide_10.2.0_759/ide/tools/bin/../lib/gcc/arm-none-eabi/7.2.1/../../../../arm-none-eabi/lib/thumb/v7e-m/fpv4-sp/hard\libcr_c.a(fclose.o)
 .ARM.attributes
                0x0000051d       0x39 c:/nxp/mcuxpressoide_10.2.0_759/ide/tools/bin/../lib/gcc/arm-none-eabi/7.2.1/../../../../arm-none-eabi/lib/thumb/v7e-m/fpv4-sp/hard\libcr_c.a(fflush.o)
 .ARM.attributes
                0x00000556       0x39 c:/nxp/mcuxpressoide_10.2.0_759/ide/tools/bin/../lib/gcc/arm-none-eabi/7.2.1/../../../../arm-none-eabi/lib/thumb/v7e-m/fpv4-sp/hard\libcr_c.a(fseek.o)
 .ARM.attributes
                0x0000058f       0x39 c:/nxp/mcuxpressoide_10.2.0_759/ide/tools/bin/../lib/gcc/arm-none-eabi/7.2.1/../../../../arm-none-eabi/lib/thumb/v7e-m/fpv4-sp/hard\libcr_c.a(ftell.o)
 .ARM.attributes
                0x000005c8       0x39 c:/nxp/mcuxpressoide_10.2.0_759/ide/tools/bin/../lib/gcc/arm-none-eabi/7.2.1/../../../../arm-none-eabi/lib/thumb/v7e-m/fpv4-sp/hard\libcr_c.a(remove.o)
 .ARM.attributes
                0x00000601       0x39 c:/nxp/mcuxpressoide_10.2.0_759/ide/tools/bin/../lib/gcc/arm-none-eabi/7.2.1/../../../../arm-none-eabi/lib/thumb/v7e-m/fpv4-sp/hard\libcr_c.a(_do_fflush.o)
 .ARM.attributes
                0x0000063a       0x39 c:/nxp/mcuxpressoide_10.2.0_759/ide/tools/bin/../lib/gcc/arm-none-eabi/7.2.1/../../../../arm-none-eabi/lib/thumb/v7e-m/fpv4-sp/hard\libcr_c.a(errno.o)
 .ARM.attributes
                0x00000673       0x25 c:/nxp/mcuxpressoide_10.2.0_759/ide/tools/bin/../lib/gcc/arm-none-eabi/7.2.1/thumb/v7e-m/fpv4-sp/hard\libcr_eabihelpers.a(memcpy.o)
 .ARM.attributes
                0x00000698       0x39 c:/nxp/mcuxpressoide_10.2.0_759/ide/tools/bin/../lib/gcc/arm-none-eabi/7.2.1/../../../../arm-none-eabi/lib/thumb/v7e-m/fpv4-sp/hard\libcr_semihost_nf.a(__ciob.o)
 .ARM.attributes
                0x000006d1       0x25 c:/nxp/mcuxpressoide_10.2.0_759/ide/tools/bin/../lib/gcc/arm-none-eabi/7.2.1/../../../../arm-none-eabi/lib/thumb/v7e-m/fpv4-sp/hard\libcr_semihost_nf.a(__sys_close.o)
 .ARM.attributes
                0x000006f6       0x25 c:/nxp/mcuxpressoide_10.2.0_759/ide/tools/bin/../lib/gcc/arm-none-eabi/7.2.1/../../../../arm-none-eabi/lib/thumb/v7e-m/fpv4-sp/hard\libcr_semihost_nf.a(__sys_flen.o)
 .ARM.attributes
                0x0000071b       0x25 c:/nxp/mcuxpressoide_10.2.0_759/ide/tools/bin/../lib/gcc/arm-none-eabi/7.2.1/../../../../arm-none-eabi/lib/thumb/v7e-m/fpv4-sp/hard\libcr_semihost_nf.a(__sys_istty.o)
 .ARM.attributes
                0x00000740       0x25 c:/nxp/mcuxpressoide_10.2.0_759/ide/tools/bin/../lib/gcc/arm-none-eabi/7.2.1/../../../../arm-none-eabi/lib/thumb/v7e-m/fpv4-sp/hard\libcr_semihost_nf.a(__sys_remove.o)
 .ARM.attributes
                0x00000765       0x25 c:/nxp/mcuxpressoide_10.2.0_759/ide/tools/bin/../lib/gcc/arm-none-eabi/7.2.1/../../../../arm-none-eabi/lib/thumb/v7e-m/fpv4-sp/hard\libcr_semihost_nf.a(__sys_seek.o)
 .ARM.attributes
                0x0000078a       0x25 c:/nxp/mcuxpressoide_10.2.0_759/ide/tools/bin/../lib/gcc/arm-none-eabi/7.2.1/../../../../arm-none-eabi/lib/thumb/v7e-m/fpv4-sp/hard\libcr_semihost_nf.a(__sys_tmpnam.o)
 .ARM.attributes
                0x000007af       0x25 c:/nxp/mcuxpressoide_10.2.0_759/ide/tools/bin/../lib/gcc/arm-none-eabi/7.2.1/../../../../arm-none-eabi/lib/thumb/v7e-m/fpv4-sp/hard\libcr_semihost_nf.a(__sys_write.o)

.debug_frame    0x00000000     0x11f8
 .debug_frame   0x00000000      0x168 ./source/test/LedTimerTestBench.o
 .debug_frame   0x00000168       0x70 ./source/startup/hardware.o
 .debug_frame   0x000001d8       0x2c ./source/startup/main.o
 .debug_frame   0x00000204       0x20 ./source/startup/semihost_hardfault.o
 .debug_frame   0x00000224      0x904 ./source/startup/startup_mk64f12.o
 .debug_frame   0x00000b28       0x4c ./source/App.o
 .debug_frame   0x00000b74      0x288 ./source/Led.o
 .debug_frame   0x00000dfc      0x140 ./source/SysTick.o
 .debug_frame   0x00000f3c      0x180 ./source/Timer.o
 .debug_frame   0x000010bc       0x74 ./CMSIS/system_MK64F12.o
 .debug_frame   0x00001130       0xc8 C:/Users/pabli/Documents/MCUXpressoIDE_10.2.0_759/workspace/MultipleSystickCallbacks/source/gpio.o
