Archive member included to satisfy reference by file (symbol)

c:/nxp/mcuxpressoide_10.2.0_759/ide/tools/bin/../lib/gcc/arm-none-eabi/7.2.1/../../../../arm-none-eabi/lib/thumb/v7e-m/fpv4-sp/hard\libcr_semihost_nf.a(_cr__main.o)
                              ./source/startup/startup_mk64f12.o (__main)
c:/nxp/mcuxpressoide_10.2.0_759/ide/tools/bin/../lib/gcc/arm-none-eabi/7.2.1/../../../../arm-none-eabi/lib/thumb/v7e-m/fpv4-sp/hard\libcr_c.a(memcpy.o)
                              ./source/Led.o (memcpy)
c:/nxp/mcuxpressoide_10.2.0_759/ide/tools/bin/../lib/gcc/arm-none-eabi/7.2.1/../../../../arm-none-eabi/lib/thumb/v7e-m/fpv4-sp/hard\libcr_c.a(initio.o)
                              c:/nxp/mcuxpressoide_10.2.0_759/ide/tools/bin/../lib/gcc/arm-none-eabi/7.2.1/../../../../arm-none-eabi/lib/thumb/v7e-m/fpv4-sp/hard\libcr_semihost_nf.a(_cr__main.o) (_initio)
c:/nxp/mcuxpressoide_10.2.0_759/ide/tools/bin/../lib/gcc/arm-none-eabi/7.2.1/../../../../arm-none-eabi/lib/thumb/v7e-m/fpv4-sp/hard\libcr_c.a(setvbuf.o)
                              c:/nxp/mcuxpressoide_10.2.0_759/ide/tools/bin/../lib/gcc/arm-none-eabi/7.2.1/../../../../arm-none-eabi/lib/thumb/v7e-m/fpv4-sp/hard\libcr_c.a(initio.o) (setvbuf)
c:/nxp/mcuxpressoide_10.2.0_759/ide/tools/bin/../lib/gcc/arm-none-eabi/7.2.1/../../../../arm-none-eabi/lib/thumb/v7e-m/fpv4-sp/hard\libcr_c.a(_fdopen.o)
                              c:/nxp/mcuxpressoide_10.2.0_759/ide/tools/bin/../lib/gcc/arm-none-eabi/7.2.1/../../../../arm-none-eabi/lib/thumb/v7e-m/fpv4-sp/hard\libcr_c.a(initio.o) (_fdopen)
c:/nxp/mcuxpressoide_10.2.0_759/ide/tools/bin/../lib/gcc/arm-none-eabi/7.2.1/../../../../arm-none-eabi/lib/thumb/v7e-m/fpv4-sp/hard\libcr_c.a(fclose.o)
                              c:/nxp/mcuxpressoide_10.2.0_759/ide/tools/bin/../lib/gcc/arm-none-eabi/7.2.1/../../../../arm-none-eabi/lib/thumb/v7e-m/fpv4-sp/hard\libcr_c.a(initio.o) (fclose)
c:/nxp/mcuxpressoide_10.2.0_759/ide/tools/bin/../lib/gcc/arm-none-eabi/7.2.1/../../../../arm-none-eabi/lib/thumb/v7e-m/fpv4-sp/hard\libcr_c.a(fflush.o)
                              c:/nxp/mcuxpressoide_10.2.0_759/ide/tools/bin/../lib/gcc/arm-none-eabi/7.2.1/../../../../arm-none-eabi/lib/thumb/v7e-m/fpv4-sp/hard\libcr_c.a(fclose.o) (fflush)
c:/nxp/mcuxpressoide_10.2.0_759/ide/tools/bin/../lib/gcc/arm-none-eabi/7.2.1/../../../../arm-none-eabi/lib/thumb/v7e-m/fpv4-sp/hard\libcr_c.a(fseek.o)
                              c:/nxp/mcuxpressoide_10.2.0_759/ide/tools/bin/../lib/gcc/arm-none-eabi/7.2.1/../../../../arm-none-eabi/lib/thumb/v7e-m/fpv4-sp/hard\libcr_c.a(_fdopen.o) (fseek)
c:/nxp/mcuxpressoide_10.2.0_759/ide/tools/bin/../lib/gcc/arm-none-eabi/7.2.1/../../../../arm-none-eabi/lib/thumb/v7e-m/fpv4-sp/hard\libcr_c.a(ftell.o)
                              c:/nxp/mcuxpressoide_10.2.0_759/ide/tools/bin/../lib/gcc/arm-none-eabi/7.2.1/../../../../arm-none-eabi/lib/thumb/v7e-m/fpv4-sp/hard\libcr_c.a(fseek.o) (ftell)
c:/nxp/mcuxpressoide_10.2.0_759/ide/tools/bin/../lib/gcc/arm-none-eabi/7.2.1/../../../../arm-none-eabi/lib/thumb/v7e-m/fpv4-sp/hard\libcr_c.a(remove.o)
                              c:/nxp/mcuxpressoide_10.2.0_759/ide/tools/bin/../lib/gcc/arm-none-eabi/7.2.1/../../../../arm-none-eabi/lib/thumb/v7e-m/fpv4-sp/hard\libcr_c.a(fclose.o) (remove)
c:/nxp/mcuxpressoide_10.2.0_759/ide/tools/bin/../lib/gcc/arm-none-eabi/7.2.1/../../../../arm-none-eabi/lib/thumb/v7e-m/fpv4-sp/hard\libcr_c.a(strlen.o)
                              c:/nxp/mcuxpressoide_10.2.0_759/ide/tools/bin/../lib/gcc/arm-none-eabi/7.2.1/../../../../arm-none-eabi/lib/thumb/v7e-m/fpv4-sp/hard\libcr_c.a(remove.o) (strlen)
c:/nxp/mcuxpressoide_10.2.0_759/ide/tools/bin/../lib/gcc/arm-none-eabi/7.2.1/../../../../arm-none-eabi/lib/thumb/v7e-m/fpv4-sp/hard\libcr_c.a(memset.o)
                              c:/nxp/mcuxpressoide_10.2.0_759/ide/tools/bin/../lib/gcc/arm-none-eabi/7.2.1/../../../../arm-none-eabi/lib/thumb/v7e-m/fpv4-sp/hard\libcr_c.a(fclose.o) (memset)
c:/nxp/mcuxpressoide_10.2.0_759/ide/tools/bin/../lib/gcc/arm-none-eabi/7.2.1/../../../../arm-none-eabi/lib/thumb/v7e-m/fpv4-sp/hard\libcr_c.a(_do_fflush.o)
                              c:/nxp/mcuxpressoide_10.2.0_759/ide/tools/bin/../lib/gcc/arm-none-eabi/7.2.1/../../../../arm-none-eabi/lib/thumb/v7e-m/fpv4-sp/hard\libcr_c.a(fflush.o) (_do_fflush)
c:/nxp/mcuxpressoide_10.2.0_759/ide/tools/bin/../lib/gcc/arm-none-eabi/7.2.1/../../../../arm-none-eabi/lib/thumb/v7e-m/fpv4-sp/hard\libcr_c.a(_fflush.o)
                              c:/nxp/mcuxpressoide_10.2.0_759/ide/tools/bin/../lib/gcc/arm-none-eabi/7.2.1/../../../../arm-none-eabi/lib/thumb/v7e-m/fpv4-sp/hard\libcr_c.a(_do_fflush.o) (_fflush)
c:/nxp/mcuxpressoide_10.2.0_759/ide/tools/bin/../lib/gcc/arm-none-eabi/7.2.1/../../../../arm-none-eabi/lib/thumb/v7e-m/fpv4-sp/hard\libcr_c.a(_writebuf.o)
[...]
Memory Configuration

Name             Origin             Length             Attributes
PROGRAM_FLASH    0x00000000         0x00100000         xr
SRAM_UPPER       0x20000000         0x00030000         xrw
SRAM_LOWER       0x1fff0000         0x00010000         xrw
FLEX_RAM         0x14000000         0x00001000         xrw
*default*        0x00000000         0xffffffff

Linker script and memory map

LOAD ./source/startup/hardware.o
LOAD ./source/startup/main.o
LOAD ./source/startup/semihost_hardfault.o
LOAD ./source/startup/startup_mk64f12.o
LOAD ./source/App.o
LOAD ./source/Led.o
LOAD ./source/SysTick.o
LOAD ./source/Timer.o
LOAD ./CMSIS/system_MK64F12.o
LOAD C:/Users/pabli/Documents/MCUXpressoIDE_10.2.0_759/workspace/MultipleSystickCallbacks/source/gpio.o
START GROUP
LOAD c:/nxp/mcuxpressoide_10.2.0_759/ide/tools/bin/../lib/gcc/arm-none-eabi/7.2.1/../../../../arm-none-eabi/lib/thumb/v7e-m/fpv4-sp/hard\libcr_semihost_nf.a
LOAD c:/nxp/mcuxpressoide_10.2.0_759/ide/tools/bin/../lib/gcc/arm-none-eabi/7.2.1/../../../../arm-none-eabi/lib/thumb/v7e-m/fpv4-sp/hard\libcr_c.a
LOAD c:/nxp/mcuxpressoide_10.2.0_759/ide/tools/bin/../lib/gcc/arm-none-eabi/7.2.1/thumb/v7e-m/fpv4-sp/hard\libcr_eabihelpers.a
END GROUP
                0x00000000                __base_PROGRAM_FLASH = 0x0
                0x00000000                __base_Flash = 0x0
                0x00100000                __top_PROGRAM_FLASH = 0x100000
                0x00100000                __top_Flash = 0x100000
                0x20000000                __base_SRAM_UPPER = 0x20000000
                0x20000000                __base_RAM = 0x20000000
                0x20030000                __top_SRAM_UPPER = 0x20030000
                0x20030000                __top_RAM = 0x20030000
                0x1fff0000                __base_SRAM_LOWER = 0x1fff0000
                0x1fff0000                __base_RAM2 = 0x1fff0000
                0x20000000                __top_SRAM_LOWER = 0x20000000
                0x20000000                __top_RAM2 = 0x20000000
                0x14000000                __base_FLEX_RAM = 0x14000000
                0x14000000                __base_RAM3 = 0x14000000
                0x14001000                __top_FLEX_RAM = 0x14001000
                0x14001000                __top_RAM3 = 0x14001000

.text           0x00000000     0x1bf0
 FILL mask 0xff
                0x00000000                __vectors_start__ = ABSOLUTE (.)
 *(SORT_BY_ALIGNMENT(.isr_vector))
 .isr_vector    0x00000000      0x198 ./source/startup/startup_mk64f12.o
                0x00000000                g_pfnVectors
                0x00000000                __Vectors
                0x00000198                . = ALIGN (0x4)
                0x00000198                __section_table_start = .
                0x00000198                __data_section_table = .
                0x00000198        0x4 LONG 0x1bf0 LOADADDR (.data)
                0x0000019c        0x4 LONG 0x20000000 ADDR (.data)
                0x000001a0        0x4 LONG 0x0 SIZEOF (.data)
                0x000001a4        0x4 LONG 0x1bf0 LOADADDR (.data_RAM2)
                0x000001a8        0x4 LONG 0x1fff0000 ADDR (.data_RAM2)
                0x000001ac        0x4 LONG 0x0 SIZEOF (.data_RAM2)
                0x000001b0        0x4 LONG 0x1bf0 LOADADDR (.data_RAM3)
                0x000001b4        0x4 LONG 0x14000000 ADDR (.data_RAM3)
                0x000001b8        0x4 LONG 0x0 SIZEOF (.data_RAM3)
                0x000001bc                __data_section_table_end = .
                0x000001bc                __bss_section_table = .
                0x000001bc        0x4 LONG 0x20000000 ADDR (.bss)
                0x000001c0        0x4 LONG 0x500 SIZEOF (.bss)
                0x000001c4        0x4 LONG 0x1fff0000 ADDR (.bss_RAM2)
                0x000001c8        0x4 LONG 0x0 SIZEOF (.bss_RAM2)
                0x000001cc        0x4 LONG 0x14000000 ADDR (.bss_RAM3)
                0x000001d0        0x4 LONG 0x0 SIZEOF (.bss_RAM3)
                0x000001d4                __bss_section_table_end = .
                0x000001d4                __section_table_end = .
 *(SORT_BY_ALIGNMENT(.after_vectors*))
 .after_vectors.reset
                0x000001d4       0x4c ./source/startup/startup_mk64f12.o
                0x000001d4                ResetISR
 .after_vectors.init_data
                0x00000220       0x1e ./source/startup/startup_mk64f12.o
                0x00000220                data_init
 .after_vectors.init_bss
                0x0000023e       0x12 ./source/startup/startup_mk64f12.o
                0x0000023e                bss_init
 .after_vectors
                0x00000250       0x14 ./source/startup/startup_mk64f12.o
                0x00000250                NMI_Handler
                0x00000254                MemManage_Handler
                0x00000256                BusFault_Handler
                0x00000258                UsageFault_Handler
                0x0000025a                SVC_Handler
                0x0000025c                DebugMon_Handler
                0x0000025e                PendSV_Handler
                0x00000262                DMA_Error_DriverIRQHandler
                0x00000262                LPTMR0_DriverIRQHandler
                0x00000262                FTM1_DriverIRQHandler
                0x00000262                FTM2_DriverIRQHandler
                0x00000262                PIT2_DriverIRQHandler
                0x00000262                SDHC_DriverIRQHandler
                0x00000262                I2S0_Tx_DriverIRQHandler
                0x00000262                RTC_Seconds_DriverIRQHandler
                0x00000262                DMA6_DriverIRQHandler
                0x00000262                LLWU_DriverIRQHandler
                0x00000262                MCM_DriverIRQHandler
                0x00000262                MCG_DriverIRQHandler
                0x00000262                ENET_1588_Timer_DriverIRQHandler
                0x00000262                I2C2_DriverIRQHandler
                0x00000262                DAC1_DriverIRQHandler
                0x00000262                SPI1_DriverIRQHandler
                0x00000262                CMP1_DriverIRQHandler
                0x00000262                UART5_RX_TX_DriverIRQHandler
                0x00000262                FTM0_DriverIRQHandler
                0x00000262                IntDefaultHandler
                0x00000262                USB0_DriverIRQHandler
                0x00000262                UART5_ERR_DriverIRQHandler
                0x00000262                PORTC_DriverIRQHandler
                0x00000262                DMA11_DriverIRQHandler
                0x00000262                DAC0_DriverIRQHandler
                0x00000262                DMA10_DriverIRQHandler
                0x00000262                CMP2_DriverIRQHandler
                0x00000262                UART2_ERR_DriverIRQHandler
                0x00000262                SPI2_DriverIRQHandler
                0x00000262                LVD_LVW_DriverIRQHandler
                0x00000262                PIT0_DriverIRQHandler
                0x00000262                RNG_DriverIRQHandler
                0x00000262                DMA5_DriverIRQHandler
                0x00000262                DMA12_DriverIRQHandler
                0x00000262                UART2_RX_TX_DriverIRQHandler
                0x00000262                USBDCD_DriverIRQHandler
                0x00000262                UART3_ERR_DriverIRQHandler
                0x00000262                DMA3_DriverIRQHandler
                0x00000262                DMA8_DriverIRQHandler
                0x00000262                DMA9_DriverIRQHandler
                0x00000262                UART0_ERR_DriverIRQHandler
                0x00000262                CMT_DriverIRQHandler
                0x00000262                Reserved71_DriverIRQHandler
                0x00000262                ADC1_DriverIRQHandler
                0x00000262                PORTA_DriverIRQHandler
                0x00000262                DMA14_DriverIRQHandler
                0x00000262                PIT3_DriverIRQHandler
                0x00000262                PIT1_DriverIRQHandler
                0x00000262                WDOG_EWM_DriverIRQHandler
                0x00000262                PDB0_DriverIRQHandler
                0x00000262                RTC_DriverIRQHandler
                0x00000262                I2S0_Rx_DriverIRQHandler
                0x00000262                Read_Collision_DriverIRQHandler
                0x00000262                SWI_DriverIRQHandler
                0x00000262                UART4_RX_TX_DriverIRQHandler
                0x00000262                UART4_ERR_DriverIRQHandler
                0x00000262                PORTB_DriverIRQHandler
                0x00000262                UART0_LON_DriverIRQHandler
                0x00000262                DMA0_DriverIRQHandler
                0x00000262                DMA1_DriverIRQHandler
                0x00000262                I2C1_DriverIRQHandler
                0x00000262                UART3_RX_TX_DriverIRQHandler
                0x00000262                ENET_Receive_DriverIRQHandler
                0x00000262                DMA13_DriverIRQHandler
                0x00000262                ENET_Error_DriverIRQHandler
                0x00000262                DMA15_DriverIRQHandler
                0x00000262                UART0_RX_TX_DriverIRQHandler
                0x00000262                SPI0_DriverIRQHandler
                0x00000262                ADC0_DriverIRQHandler
                0x00000262                CMP0_DriverIRQHandler
                0x00000262                CAN0_DriverIRQHandler
                0x00000262                FTM3_DriverIRQHandler
                0x00000262                DMA4_DriverIRQHandler
                0x00000262                UART1_ERR_DriverIRQHandler
                0x00000262                DMA2_DriverIRQHandler
                0x00000262                ENET_Transmit_DriverIRQHandler
                0x00000262                PORTD_DriverIRQHandler
                0x00000262                PORTE_DriverIRQHandler
                0x00000262                FTFE_DriverIRQHandler
                0x00000262                I2C0_DriverIRQHandler
                0x00000262                DMA7_DriverIRQHandler
                0x00000262                UART1_RX_TX_DriverIRQHandler
                0x00000400                . = 0x400
 *fill*         0x00000264      0x19c ff
                0x00000400                PROVIDE (__FLASH_CONFIG_START__, .)
 *(SORT_BY_ALIGNMENT(.FlashConfig))
 .FlashConfig   0x00000400       0x10 ./source/startup/startup_mk64f12.o
                0x00000400                Flash_Config
                0x00000410                PROVIDE (__FLASH_CONFIG_END__, .)
                0x00000001                ASSERT (! ((__FLASH_CONFIG_START__ == __FLASH_CONFIG_END__)), Linker Flash Config Support Enabled, but no .FlashConfig section provided within application)
 *(SORT_BY_ALIGNMENT(.text*))
 .text.hw_Init  0x00000410      0x10c ./source/startup/hardware.o
                0x00000410                hw_Init
 .text.hw_EnableInterrupts
                0x0000051c       0x30 ./source/startup/hardware.o
                0x0000051c                hw_EnableInterrupts
 .text.hw_DisableInterrupts
                0x0000054c       0x20 ./source/startup/hardware.o
                0x0000054c                hw_DisableInterrupts
 .text.Led_Init
                0x0000056c      0x18c ./source/Led.o
                0x0000056c                Led_Init
 .text.Led_OnForDefinedTime
                0x000006f8       0xc4 ./source/Led.o
                0x000006f8                Led_OnForDefinedTime
 .text.Led_CustomBlink
                0x000007bc      0x114 ./source/Led.o
                0x000007bc                Led_CustomBlink
 .text.Led_InfiniteBlink
                0x000008d0       0x80 ./source/Led.o
                0x000008d0                Led_InfiniteBlink
 .text.findLedIndexByID
                0x00000950       0x4c ./source/Led.o
 .text.Led_PISR
                0x0000099c      0x3cc ./source/Led.o
 .text.SysTick_Init
                0x00000d68       0x3c ./source/SysTick.o
                0x00000d68                SysTick_Init
 .text.SysTick_AddCallback
                0x00000da4       0x7c ./source/SysTick.o
                0x00000da4                SysTick_AddCallback
 .text.SysTick_Handler
                0x00000e20       0xb0 ./source/SysTick.o
                0x00000e20                SysTick_Handler
 .text.Timer_Init
                0x00000ed0       0x30 ./source/Timer.o
                0x00000ed0                Timer_Init
 .text.Timer_AddCallback
                0x00000f00       0x7c ./source/Timer.o
                0x00000f00                Timer_AddCallback
 .text.Timer_PISR
                0x00000f7c       0xa4 ./source/Timer.o
 .text.SystemInit
                0x00001020       0x3c ./CMSIS/system_MK64F12.o
                0x00001020                SystemInit
 .text.gpioMode
                0x0000105c       0x98 C:/Users/pabli/Documents/MCUXpressoIDE_10.2.0_759/workspace/MultipleSystickCallbacks/source/gpio.o
                0x0000105c                gpioMode
 .text.gpioWrite
                0x000010f4       0x5c C:/Users/pabli/Documents/MCUXpressoIDE_10.2.0_759/workspace/MultipleSystickCallbacks/source/gpio.o
                0x000010f4                gpioWrite
 .text.gpioToggle
                0x00001150       0x48 C:/Users/pabli/Documents/MCUXpressoIDE_10.2.0_759/workspace/MultipleSystickCallbacks/source/gpio.o
                0x00001150                gpioToggle
 .text._initio  0x00001198       0x78 c:/nxp/mcuxpressoide_10.2.0_759/ide/tools/bin/../lib/gcc/arm-none-eabi/7.2.1/../../../../arm-none-eabi/lib/thumb/v7e-m/fpv4-sp/hard\libcr_c.a(initio.o)
                0x00001198                _initio
 .text.setvbuf  0x00001210       0x40 c:/nxp/mcuxpressoide_10.2.0_759/ide/tools/bin/../lib/gcc/arm-none-eabi/7.2.1/../../../../arm-none-eabi/lib/thumb/v7e-m/fpv4-sp/hard\libcr_c.a(setvbuf.o)
                0x00001210                setvbuf
 .text.fflush   0x00001250       0x44 c:/nxp/mcuxpressoide_10.2.0_759/ide/tools/bin/../lib/gcc/arm-none-eabi/7.2.1/../../../../arm-none-eabi/lib/thumb/v7e-m/fpv4-sp/hard\libcr_c.a(fflush.o)
                0x00001250                fflush
 .text.fseek    0x00001294      0x100 c:/nxp/mcuxpressoide_10.2.0_759/ide/tools/bin/../lib/gcc/arm-none-eabi/7.2.1/../../../../arm-none-eabi/lib/thumb/v7e-m/fpv4-sp/hard\libcr_c.a(fseek.o)
                0x00001294                fseek
 .text.ftell    0x00001394       0x44 c:/nxp/mcuxpressoide_10.2.0_759/ide/tools/bin/../lib/gcc/arm-none-eabi/7.2.1/../../../../arm-none-eabi/lib/thumb/v7e-m/fpv4-sp/hard\libcr_c.a(ftell.o)
                0x00001394                ftell
 .text._Cwritebuf
                0x000013d8       0x6c c:/nxp/mcuxpressoide_10.2.0_759/ide/tools/bin/../lib/gcc/arm-none-eabi/7.2.1/../../../../arm-none-eabi/lib/thumb/v7e-m/fpv4-sp/hard\libcr_c.a(_writebuf.o)
                0x000013d8                _Cwritebuf
 .text.main     0x00001444       0x1a ./source/startup/main.o
                0x00001444                main
 .text.HardFault_Handler
                0x0000145e       0x2c ./source/startup/semihost_hardfault.o
                0x0000145e                HardFault_Handler
 .text.DMA0_IRQHandler
                0x0000148a        0x8 ./source/startup/startup_mk64f12.o
                0x0000148a                DMA0_IRQHandler
 .text.DMA1_IRQHandler
                0x00001492        0x8 ./source/startup/startup_mk64f12.o
                0x00001492                DMA1_IRQHandler
 .text.DMA2_IRQHandler
                0x0000149a        0x8 ./source/startup/startup_mk64f12.o
                0x0000149a                DMA2_IRQHandler
 .text.DMA3_IRQHandler
                0x000014a2        0x8 ./source/startup/startup_mk64f12.o
                0x000014a2                DMA3_IRQHandler
 .text.DMA4_IRQHandler
                0x000014aa        0x8 ./source/startup/startup_mk64f12.o
                0x000014aa                DMA4_IRQHandler
 .text.DMA5_IRQHandler
                0x000014b2        0x8 ./source/startup/startup_mk64f12.o
                0x000014b2                DMA5_IRQHandler
 .text.DMA6_IRQHandler
                0x000014ba        0x8 ./source/startup/startup_mk64f12.o
                0x000014ba                DMA6_IRQHandler
 .text.DMA7_IRQHandler
                0x000014c2        0x8 ./source/startup/startup_mk64f12.o
                0x000014c2                DMA7_IRQHandler
 .text.DMA8_IRQHandler
                0x000014ca        0x8 ./source/startup/startup_mk64f12.o
                0x000014ca                DMA8_IRQHandler
 .text.DMA9_IRQHandler
                0x000014d2        0x8 ./source/startup/startup_mk64f12.o
                0x000014d2                DMA9_IRQHandler
 .text.DMA10_IRQHandler
                0x000014da        0x8 ./source/startup/startup_mk64f12.o
                0x000014da                DMA10_IRQHandler
 .text.DMA11_IRQHandler
                0x000014e2        0x8 ./source/startup/startup_mk64f12.o
                0x000014e2                DMA11_IRQHandler
 .text.DMA12_IRQHandler
                0x000014ea        0x8 ./source/startup/startup_mk64f12.o
                0x000014ea                DMA12_IRQHandler
 .text.DMA13_IRQHandler
                0x000014f2        0x8 ./source/startup/startup_mk64f12.o
                0x000014f2                DMA13_IRQHandler
 .text.DMA14_IRQHandler
                0x000014fa        0x8 ./source/startup/startup_mk64f12.o
                0x000014fa                DMA14_IRQHandler
 .text.DMA15_IRQHandler
                0x00001502        0x8 ./source/startup/startup_mk64f12.o
                0x00001502                DMA15_IRQHandler
 .text.DMA_Error_IRQHandler
                0x0000150a        0x8 ./source/startup/startup_mk64f12.o
                0x0000150a                DMA_Error_IRQHandler
 .text.MCM_IRQHandler
                0x00001512        0x8 ./source/startup/startup_mk64f12.o
                0x00001512                MCM_IRQHandler
 .text.FTFE_IRQHandler
                0x0000151a        0x8 ./source/startup/startup_mk64f12.o
                0x0000151a                FTFE_IRQHandler
 .text.Read_Collision_IRQHandler
                0x00001522        0x8 ./source/startup/startup_mk64f12.o
                0x00001522                Read_Collision_IRQHandler
 .text.LVD_LVW_IRQHandler
                0x0000152a        0x8 ./source/startup/startup_mk64f12.o
                0x0000152a                LVD_LVW_IRQHandler
 .text.LLWU_IRQHandler
                0x00001532        0x8 ./source/startup/startup_mk64f12.o
                0x00001532                LLWU_IRQHandler
 .text.WDOG_EWM_IRQHandler
                0x0000153a        0x8 ./source/startup/startup_mk64f12.o
                0x0000153a                WDOG_EWM_IRQHandler
 .text.RNG_IRQHandler
                0x00001542        0x8 ./source/startup/startup_mk64f12.o
                0x00001542                RNG_IRQHandler
 .text.I2C0_IRQHandler
                0x0000154a        0x8 ./source/startup/startup_mk64f12.o
                0x0000154a                I2C0_IRQHandler
 .text.I2C1_IRQHandler
                0x00001552        0x8 ./source/startup/startup_mk64f12.o
                0x00001552                I2C1_IRQHandler
 .text.SPI0_IRQHandler
                0x0000155a        0x8 ./source/startup/startup_mk64f12.o
                0x0000155a                SPI0_IRQHandler
 .text.SPI1_IRQHandler
                0x00001562        0x8 ./source/startup/startup_mk64f12.o
                0x00001562                SPI1_IRQHandler
 .text.I2S0_Tx_IRQHandler
                0x0000156a        0x8 ./source/startup/startup_mk64f12.o
                0x0000156a                I2S0_Tx_IRQHandler
 .text.I2S0_Rx_IRQHandler
                0x00001572        0x8 ./source/startup/startup_mk64f12.o
                0x00001572                I2S0_Rx_IRQHandler
 .text.UART0_LON_IRQHandler
                0x0000157a        0x8 ./source/startup/startup_mk64f12.o
                0x0000157a                UART0_LON_IRQHandler
 .text.UART0_RX_TX_IRQHandler
                0x00001582        0x8 ./source/startup/startup_mk64f12.o
                0x00001582                UART0_RX_TX_IRQHandler
 .text.UART0_ERR_IRQHandler
                0x0000158a        0x8 ./source/startup/startup_mk64f12.o
                0x0000158a                UART0_ERR_IRQHandler
 .text.UART1_RX_TX_IRQHandler
                0x00001592        0x8 ./source/startup/startup_mk64f12.o
                0x00001592                UART1_RX_TX_IRQHandler
 .text.UART1_ERR_IRQHandler
                0x0000159a        0x8 ./source/startup/startup_mk64f12.o
                0x0000159a                UART1_ERR_IRQHandler
 .text.UART2_RX_TX_IRQHandler
                0x000015a2        0x8 ./source/startup/startup_mk64f12.o
                0x000015a2                UART2_RX_TX_IRQHandler
 .text.UART2_ERR_IRQHandler
                0x000015aa        0x8 ./source/startup/startup_mk64f12.o
                0x000015aa                UART2_ERR_IRQHandler
 .text.UART3_RX_TX_IRQHandler
                0x000015b2        0x8 ./source/startup/startup_mk64f12.o
                0x000015b2                UART3_RX_TX_IRQHandler
 .text.UART3_ERR_IRQHandler
                0x000015ba        0x8 ./source/startup/startup_mk64f12.o
                0x000015ba                UART3_ERR_IRQHandler
 .text.ADC0_IRQHandler
                0x000015c2        0x8 ./source/startup/startup_mk64f12.o
                0x000015c2                ADC0_IRQHandler
 .text.CMP0_IRQHandler
                0x000015ca        0x8 ./source/startup/startup_mk64f12.o
                0x000015ca                CMP0_IRQHandler
 .text.CMP1_IRQHandler
                0x000015d2        0x8 ./source/startup/startup_mk64f12.o
                0x000015d2                CMP1_IRQHandler
 .text.FTM0_IRQHandler
                0x000015da        0x8 ./source/startup/startup_mk64f12.o
                0x000015da                FTM0_IRQHandler
 .text.FTM1_IRQHandler
                0x000015e2        0x8 ./source/startup/startup_mk64f12.o
                0x000015e2                FTM1_IRQHandler
 .text.FTM2_IRQHandler
                0x000015ea        0x8 ./source/startup/startup_mk64f12.o
                0x000015ea                FTM2_IRQHandler
 .text.CMT_IRQHandler
                0x000015f2        0x8 ./source/startup/startup_mk64f12.o
                0x000015f2                CMT_IRQHandler
 .text.RTC_IRQHandler
                0x000015fa        0x8 ./source/startup/startup_mk64f12.o
                0x000015fa                RTC_IRQHandler
 .text.RTC_Seconds_IRQHandler
                0x00001602        0x8 ./source/startup/startup_mk64f12.o
                0x00001602                RTC_Seconds_IRQHandler
 .text.PIT0_IRQHandler
                0x0000160a        0x8 ./source/startup/startup_mk64f12.o
                0x0000160a                PIT0_IRQHandler
 .text.PIT1_IRQHandler
                0x00001612        0x8 ./source/startup/startup_mk64f12.o
                0x00001612                PIT1_IRQHandler
 .text.PIT2_IRQHandler
                0x0000161a        0x8 ./source/startup/startup_mk64f12.o
                0x0000161a                PIT2_IRQHandler
 .text.PIT3_IRQHandler
                0x00001622        0x8 ./source/startup/startup_mk64f12.o
                0x00001622                PIT3_IRQHandler
 .text.PDB0_IRQHandler
                0x0000162a        0x8 ./source/startup/startup_mk64f12.o
                0x0000162a                PDB0_IRQHandler
 .text.USB0_IRQHandler
                0x00001632        0x8 ./source/startup/startup_mk64f12.o
                0x00001632                USB0_IRQHandler
 .text.USBDCD_IRQHandler
                0x0000163a        0x8 ./source/startup/startup_mk64f12.o
                0x0000163a                USBDCD_IRQHandler
 .text.Reserved71_IRQHandler
                0x00001642        0x8 ./source/startup/startup_mk64f12.o
                0x00001642                Reserved71_IRQHandler
 .text.DAC0_IRQHandler
                0x0000164a        0x8 ./source/startup/startup_mk64f12.o
                0x0000164a                DAC0_IRQHandler
 .text.MCG_IRQHandler
                0x00001652        0x8 ./source/startup/startup_mk64f12.o
                0x00001652                MCG_IRQHandler
 .text.LPTMR0_IRQHandler
                0x0000165a        0x8 ./source/startup/startup_mk64f12.o
                0x0000165a                LPTMR0_IRQHandler
 .text.PORTA_IRQHandler
                0x00001662        0x8 ./source/startup/startup_mk64f12.o
                0x00001662                PORTA_IRQHandler
 .text.PORTB_IRQHandler
                0x0000166a        0x8 ./source/startup/startup_mk64f12.o
                0x0000166a                PORTB_IRQHandler
 .text.PORTC_IRQHandler
                0x00001672        0x8 ./source/startup/startup_mk64f12.o
                0x00001672                PORTC_IRQHandler
 .text.PORTD_IRQHandler
                0x0000167a        0x8 ./source/startup/startup_mk64f12.o
                0x0000167a                PORTD_IRQHandler
 .text.PORTE_IRQHandler
                0x00001682        0x8 ./source/startup/startup_mk64f12.o
                0x00001682                PORTE_IRQHandler
 .text.SWI_IRQHandler
                0x0000168a        0x8 ./source/startup/startup_mk64f12.o
                0x0000168a                SWI_IRQHandler
 .text.SPI2_IRQHandler
                0x00001692        0x8 ./source/startup/startup_mk64f12.o
                0x00001692                SPI2_IRQHandler
 .text.UART4_RX_TX_IRQHandler
                0x0000169a        0x8 ./source/startup/startup_mk64f12.o
                0x0000169a                UART4_RX_TX_IRQHandler
 .text.UART4_ERR_IRQHandler
                0x000016a2        0x8 ./source/startup/startup_mk64f12.o
                0x000016a2                UART4_ERR_IRQHandler
 .text.UART5_RX_TX_IRQHandler
                0x000016aa        0x8 ./source/startup/startup_mk64f12.o
                0x000016aa                UART5_RX_TX_IRQHandler
 .text.UART5_ERR_IRQHandler
                0x000016b2        0x8 ./source/startup/startup_mk64f12.o
                0x000016b2                UART5_ERR_IRQHandler
 .text.CMP2_IRQHandler
                0x000016ba        0x8 ./source/startup/startup_mk64f12.o
                0x000016ba                CMP2_IRQHandler
 .text.FTM3_IRQHandler
                0x000016c2        0x8 ./source/startup/startup_mk64f12.o
                0x000016c2                FTM3_IRQHandler
 .text.DAC1_IRQHandler
                0x000016ca        0x8 ./source/startup/startup_mk64f12.o
                0x000016ca                DAC1_IRQHandler
 .text.ADC1_IRQHandler
                0x000016d2        0x8 ./source/startup/startup_mk64f12.o
                0x000016d2                ADC1_IRQHandler
 .text.I2C2_IRQHandler
                0x000016da        0x8 ./source/startup/startup_mk64f12.o
                0x000016da                I2C2_IRQHandler
 .text.CAN0_ORed_Message_buffer_IRQHandler
                0x000016e2        0x8 ./source/startup/startup_mk64f12.o
                0x000016e2                CAN0_ORed_Message_buffer_IRQHandler
 .text.CAN0_Bus_Off_IRQHandler
                0x000016ea        0x8 ./source/startup/startup_mk64f12.o
                0x000016ea                CAN0_Bus_Off_IRQHandler
 .text.CAN0_Error_IRQHandler
                0x000016f2        0x8 ./source/startup/startup_mk64f12.o
                0x000016f2                CAN0_Error_IRQHandler
 .text.CAN0_Tx_Warning_IRQHandler
                0x000016fa        0x8 ./source/startup/startup_mk64f12.o
                0x000016fa                CAN0_Tx_Warning_IRQHandler
 .text.CAN0_Rx_Warning_IRQHandler
                0x00001702        0x8 ./source/startup/startup_mk64f12.o
                0x00001702                CAN0_Rx_Warning_IRQHandler
 .text.CAN0_Wake_Up_IRQHandler
                0x0000170a        0x8 ./source/startup/startup_mk64f12.o
                0x0000170a                CAN0_Wake_Up_IRQHandler
 .text.SDHC_IRQHandler
                0x00001712        0x8 ./source/startup/startup_mk64f12.o
                0x00001712                SDHC_IRQHandler
 .text.ENET_1588_Timer_IRQHandler
                0x0000171a        0x8 ./source/startup/startup_mk64f12.o
                0x0000171a                ENET_1588_Timer_IRQHandler
 .text.ENET_Transmit_IRQHandler
                0x00001722        0x8 ./source/startup/startup_mk64f12.o
                0x00001722                ENET_Transmit_IRQHandler
 .text.ENET_Receive_IRQHandler
                0x0000172a        0x8 ./source/startup/startup_mk64f12.o
                0x0000172a                ENET_Receive_IRQHandler
 .text.ENET_Error_IRQHandler
                0x00001732        0x8 ./source/startup/startup_mk64f12.o
                0x00001732                ENET_Error_IRQHandler
 .text.App_Init
                0x0000173a       0x28 ./source/App.o
                0x0000173a                App_Init
 .text.App_Run  0x00001762        0xe ./source/App.o
                0x00001762                App_Run
 .text.Led_On   0x00001770       0x1c ./source/Led.o
                0x00001770                Led_On
 .text.Led_Off  0x0000178c       0x1c ./source/Led.o
                0x0000178c                Led_Off
 .text.Led_Toggle
                0x000017a8       0x1a ./source/Led.o
                0x000017a8                Led_Toggle
 .text.getArrayEffectiveLength
                0x000017c2       0x54 ./source/SysTick.o
 .text.getArrayEffectiveLength
                0x00001816       0x54 ./source/Timer.o
 .text.SystemInitHook
                0x0000186a        0xe ./CMSIS/system_MK64F12.o
                0x0000186a                SystemInitHook
 .text.parsePin
                0x00001878       0x42 C:/Users/pabli/Documents/MCUXpressoIDE_10.2.0_759/workspace/MultipleSystickCallbacks/source/gpio.o
 .text.__main   0x000018ba        0xe c:/nxp/mcuxpressoide_10.2.0_759/ide/tools/bin/../lib/gcc/arm-none-eabi/7.2.1/../../../../arm-none-eabi/lib/thumb/v7e-m/fpv4-sp/hard\libcr_semihost_nf.a(_cr__main.o)
                0x000018ba                __CR_SEMIHOST
                0x000018ba                __main
 .text.memcpy   0x000018c8        0x4 c:/nxp/mcuxpressoide_10.2.0_759/ide/tools/bin/../lib/gcc/arm-none-eabi/7.2.1/../../../../arm-none-eabi/lib/thumb/v7e-m/fpv4-sp/hard\libcr_c.a(memcpy.o)
                0x000018c8                memcpy
 .text._fdopen  0x000018cc       0x68 c:/nxp/mcuxpressoide_10.2.0_759/ide/tools/bin/../lib/gcc/arm-none-eabi/7.2.1/../../../../arm-none-eabi/lib/thumb/v7e-m/fpv4-sp/hard\libcr_c.a(_fdopen.o)
                0x000018cc                _fdopen
 .text.fclose   0x00001934       0x58 c:/nxp/mcuxpressoide_10.2.0_759/ide/tools/bin/../lib/gcc/arm-none-eabi/7.2.1/../../../../arm-none-eabi/lib/thumb/v7e-m/fpv4-sp/hard\libcr_c.a(fclose.o)
                0x00001934                fclose
 .text.remove   0x0000198c       0x14 c:/nxp/mcuxpressoide_10.2.0_759/ide/tools/bin/../lib/gcc/arm-none-eabi/7.2.1/../../../../arm-none-eabi/lib/thumb/v7e-m/fpv4-sp/hard\libcr_c.a(remove.o)
                0x0000198c                remove
 .text.strlen   0x000019a0       0x4a c:/nxp/mcuxpressoide_10.2.0_759/ide/tools/bin/../lib/gcc/arm-none-eabi/7.2.1/../../../../arm-none-eabi/lib/thumb/v7e-m/fpv4-sp/hard\libcr_c.a(strlen.o)
                0x000019a0                strlen
 .text.memset   0x000019ea        0x4 c:/nxp/mcuxpressoide_10.2.0_759/ide/tools/bin/../lib/gcc/arm-none-eabi/7.2.1/../../../../arm-none-eabi/lib/thumb/v7e-m/fpv4-sp/hard\libcr_c.a(memset.o)
                0x000019ea                memset
 .text._do_fflush
                0x000019ee       0x40 c:/nxp/mcuxpressoide_10.2.0_759/ide/tools/bin/../lib/gcc/arm-none-eabi/7.2.1/../../../../arm-none-eabi/lib/thumb/v7e-m/fpv4-sp/hard\libcr_c.a(_do_fflush.o)
                0x000019ee                _do_fflush
 .text._fflush  0x00001a2e       0x52 c:/nxp/mcuxpressoide_10.2.0_759/ide/tools/bin/../lib/gcc/arm-none-eabi/7.2.1/../../../../arm-none-eabi/lib/thumb/v7e-m/fpv4-sp/hard\libcr_c.a(_fflush.o)
                0x00001a2e                _fflush
 .text.free     0x00001a80       0x30 c:/nxp/mcuxpressoide_10.2.0_759/ide/tools/bin/../lib/gcc/arm-none-eabi/7.2.1/../../../../arm-none-eabi/lib/thumb/v7e-m/fpv4-sp/hard\libcr_c.a(alloc.o)
                0x00001a80                free
 .text._deferredlazyseek
                0x00001ab0       0x40 c:/nxp/mcuxpressoide_10.2.0_759/ide/tools/bin/../lib/gcc/arm-none-eabi/7.2.1/../../../../arm-none-eabi/lib/thumb/v7e-m/fpv4-sp/hard\libcr_c.a(_deferredlazyseek.o)
                0x00001ab0                _deferredlazyseek
 .text.__aeabi_memcpy
                0x00001af0       0x34 c:/nxp/mcuxpressoide_10.2.0_759/ide/tools/bin/../lib/gcc/arm-none-eabi/7.2.1/thumb/v7e-m/fpv4-sp/hard\libcr_eabihelpers.a(memcpy.o)
                0x00001af0                __aeabi_memcpy
                0x00001afa                __aeabi_memcpy8
                0x00001afa                __aeabi_memcpy4
 .text.__aeabi_memset_lowlevel
                0x00001b24       0x32 c:/nxp/mcuxpressoide_10.2.0_759/ide/tools/bin/../lib/gcc/arm-none-eabi/7.2.1/thumb/v7e-m/fpv4-sp/hard\libcr_eabihelpers.a(memcpy.o)
                0x00001b24                __aeabi_lowlevel_memset
 .text.__sys_close
                0x00001b56        0xc c:/nxp/mcuxpressoide_10.2.0_759/ide/tools/bin/../lib/gcc/arm-none-eabi/7.2.1/../../../../arm-none-eabi/lib/thumb/v7e-m/fpv4-sp/hard\libcr_semihost_nf.a(__sys_close.o)
                0x00001b56                __sys_close
 .text.__sys_flen
                0x00001b62        0xc c:/nxp/mcuxpressoide_10.2.0_759/ide/tools/bin/../lib/gcc/arm-none-eabi/7.2.1/../../../../arm-none-eabi/lib/thumb/v7e-m/fpv4-sp/hard\libcr_semihost_nf.a(__sys_flen.o)
                0x00001b62                __sys_flen
 .text.__sys_istty
                0x00001b6e        0xc c:/nxp/mcuxpressoide_10.2.0_759/ide/tools/bin/../lib/gcc/arm-none-eabi/7.2.1/../../../../arm-none-eabi/lib/thumb/v7e-m/fpv4-sp/hard\libcr_semihost_nf.a(__sys_istty.o)
                0x00001b6e                __sys_istty
 .text.__sys_remove
                0x00001b7a        0xc c:/nxp/mcuxpressoide_10.2.0_759/ide/tools/bin/../lib/gcc/arm-none-eabi/7.2.1/../../../../arm-none-eabi/lib/thumb/v7e-m/fpv4-sp/hard\libcr_semihost_nf.a(__sys_remove.o)
                0x00001b7a                __sys_remove
 .text.__sys_seek
                0x00001b86        0xc c:/nxp/mcuxpressoide_10.2.0_759/ide/tools/bin/../lib/gcc/arm-none-eabi/7.2.1/../../../../arm-none-eabi/lib/thumb/v7e-m/fpv4-sp/hard\libcr_semihost_nf.a(__sys_seek.o)
                0x00001b86                __sys_seek
 .text.__sys_tmpnam
                0x00001b92        0xc c:/nxp/mcuxpressoide_10.2.0_759/ide/tools/bin/../lib/gcc/arm-none-eabi/7.2.1/../../../../arm-none-eabi/lib/thumb/v7e-m/fpv4-sp/hard\libcr_semihost_nf.a(__sys_tmpnam.o)
                0x00001b92                __sys_tmpnam
 .text.__sys_write
                0x00001b9e        0xc c:/nxp/mcuxpressoide_10.2.0_759/ide/tools/bin/../lib/gcc/arm-none-eabi/7.2.1/../../../../arm-none-eabi/lib/thumb/v7e-m/fpv4-sp/hard\libcr_semihost_nf.a(__sys_write.o)
                0x00001b9e                __sys_write
 *(SORT_BY_ALIGNMENT(.rodata) SORT_BY_ALIGNMENT(.rodata.*) SORT_BY_ALIGNMENT(.constdata) SORT_BY_ALIGNMENT(.constdata.*))
 *fill*         0x00001baa        0x2 ff
 .rodata.portPtrList
                0x00001bac       0x14 C:/Users/pabli/Documents/MCUXpressoIDE_10.2.0_759/workspace/MultipleSystickCallbacks/source/gpio.o
 .rodata.gpioPtrList
                0x00001bc0       0x14 C:/Users/pabli/Documents/MCUXpressoIDE_10.2.0_759/workspace/MultipleSystickCallbacks/source/gpio.o
 .rodata.mode2pcr
                0x00001bd4       0x10 C:/Users/pabli/Documents/MCUXpressoIDE_10.2.0_759/workspace/MultipleSystickCallbacks/source/gpio.o
 .rodata.__num_Ciob_streams
                0x00001be4        0x4 c:/nxp/mcuxpressoide_10.2.0_759/ide/tools/bin/../lib/gcc/arm-none-eabi/7.2.1/../../../../arm-none-eabi/lib/thumb/v7e-m/fpv4-sp/hard\libcr_semihost_nf.a(__ciob.o)
                0x00001be4                __num_Ciob_streams
 .rodata._initio.str1.1
                0x00001be8        0x4 c:/nxp/mcuxpressoide_10.2.0_759/ide/tools/bin/../lib/gcc/arm-none-eabi/7.2.1/../../../../arm-none-eabi/lib/thumb/v7e-m/fpv4-sp/hard\libcr_c.a(initio.o)
                0x00001bf0                . = ALIGN (0x8)
 *fill*         0x00001bec        0x4 ff

.glue_7         0x00001bf0        0x0
 .glue_7        0x00001bf0        0x0 linker stubs

.glue_7t        0x00001bf0        0x0
 .glue_7t       0x00001bf0        0x0 linker stubs

.vfp11_veneer   0x00001bf0        0x0
 .vfp11_veneer  0x00001bf0        0x0 linker stubs

.v4_bx          0x00001bf0        0x0
 .v4_bx         0x00001bf0        0x0 linker stubs

.iplt           0x00001bf0        0x0
 .iplt          0x00001bf0        0x0 ./source/startup/hardware.o

.rel.dyn        0x00001bf0        0x0
 .rel.iplt      0x00001bf0        0x0 ./source/startup/hardware.o

.ARM.extab
 *(SORT_BY_ALIGNMENT(.ARM.extab*) SORT_BY_ALIGNMENT(.gnu.linkonce.armextab.*))
                0x00001bf0                __exidx_start = .

.ARM.exidx
 *(SORT_BY_ALIGNMENT(.ARM.exidx*) SORT_BY_ALIGNMENT(.gnu.linkonce.armexidx.*))
                0x00001bf0                __exidx_end = .
                0x00001bf0                _etext = .

.m_usb_data
 *(SORT_BY_ALIGNMENT(m_usb_bdt))

.data_RAM2      0x1fff0000        0x0 load address 0x00001bf0
 FILL mask 0xff
                [!provide]                PROVIDE (__start_data_RAM2, .)
 *(SORT_BY_ALIGNMENT(.ramfunc.$RAM2))
 *(SORT_BY_ALIGNMENT(.ramfunc.$SRAM_LOWER))
 *(SORT_BY_ALIGNMENT(.data.$RAM2*))
 *(SORT_BY_ALIGNMENT(.data.$SRAM_LOWER*))
                0x1fff0000                . = ALIGN (0x8)
                [!provide]                PROVIDE (__end_data_RAM2, .)

.data_RAM3      0x14000000        0x0 load address 0x00001bf0
 FILL mask 0xff
                [!provide]                PROVIDE (__start_data_RAM3, .)
 *(SORT_BY_ALIGNMENT(.ramfunc.$RAM3))
 *(SORT_BY_ALIGNMENT(.ramfunc.$FLEX_RAM))
 *(SORT_BY_ALIGNMENT(.data.$RAM3*))
 *(SORT_BY_ALIGNMENT(.data.$FLEX_RAM*))
                0x14000000                . = ALIGN (0x8)
                [!provide]                PROVIDE (__end_data_RAM3, .)

.uninit_RESERVED
                0x20000000        0x0
 *(SORT_BY_ALIGNMENT(.bss.$RESERVED*))
                0x20000000                . = ALIGN (0x4)
                0x20000000                _end_uninit_RESERVED = .

.data           0x20000000        0x0 load address 0x00001bf0
 FILL mask 0xff
                0x20000000                _data = .
 *(SORT_BY_ALIGNMENT(vtable))
 *(SORT_BY_ALIGNMENT(.ramfunc*))
 *(SORT_BY_ALIGNMENT(.data*))
                0x20000000                . = ALIGN (0x8)
                0x20000000                _edata = .

.igot.plt       0x20000000        0x0 load address 0x00001bf0
 .igot.plt      0x20000000        0x0 ./source/startup/hardware.o

.bss_RAM2       0x1fff0000        0x0
                [!provide]                PROVIDE (__start_bss_RAM2, .)
 *(SORT_BY_ALIGNMENT(.bss.$RAM2*))
 *(SORT_BY_ALIGNMENT(.bss.$SRAM_LOWER*))
                0x1fff0000                . = ALIGN ((. != 0x0)?0x8:0x1)
                [!provide]                PROVIDE (__end_bss_RAM2, .)

.bss_RAM3       0x14000000        0x0
                [!provide]                PROVIDE (__start_bss_RAM3, .)
 *(SORT_BY_ALIGNMENT(.bss.$RAM3*))
 *(SORT_BY_ALIGNMENT(.bss.$FLEX_RAM*))
                0x14000000                . = ALIGN ((. != 0x0)?0x8:0x1)
                [!provide]                PROVIDE (__end_bss_RAM3, .)

.bss            0x20000000      0x500
                0x20000000                _bss = .
 *(SORT_BY_ALIGNMENT(.bss*))
 .bss.__LDM_interruptDisableCount
                0x20000000        0x4 ./source/startup/hardware.o
 .bss.ledElements
                0x20000004       0xd8 ./source/Led.o
 .bss.defaultOnForDefinedTimeProperties
                0x200000dc        0xc ./source/Led.o
 .bss.defaultBlinkProperties
                0x200000e8       0x14 ./source/Led.o
 .bss.defaultInfiniteBlinkProperties
                0x200000fc        0xc ./source/Led.o
 .bss.defaultRepetitionBlinkProperties
                0x20000108       0x14 ./source/Led.o
 .bss.sysTickElements
                0x2000011c      0x190 ./source/SysTick.o
 .bss.idCounter
                0x200002ac        0x4 ./source/SysTick.o
 .bss.timerElements
                0x200002b0      0x190 ./source/Timer.o
 .bss.idCounter
                0x20000440        0x4 ./source/Timer.o
 .bss.errno     0x20000444        0x4 c:/nxp/mcuxpressoide_10.2.0_759/ide/tools/bin/../lib/gcc/arm-none-eabi/7.2.1/../../../../arm-none-eabi/lib/thumb/v7e-m/fpv4-sp/hard\libcr_c.a(errno.o)
                0x20000444                errno
 .bss.__Ciob    0x20000448       0xb4 c:/nxp/mcuxpressoide_10.2.0_759/ide/tools/bin/../lib/gcc/arm-none-eabi/7.2.1/../../../../arm-none-eabi/lib/thumb/v7e-m/fpv4-sp/hard\libcr_semihost_nf.a(__ciob.o)
                0x20000448                __Ciob
 *(SORT_BY_ALIGNMENT(COMMON))
                0x20000500                . = ALIGN (0x8)
 *fill*         0x200004fc        0x4 
                0x20000500                _ebss = .
                [!provide]                PROVIDE (end, .)

.noinit_RAM2    0x1fff0000        0x0
 *(SORT_BY_ALIGNMENT(.noinit.$RAM2*))
 *(SORT_BY_ALIGNMENT(.noinit.$SRAM_LOWER*))
                0x1fff0000                . = ALIGN (0x8)

.noinit_RAM3    0x14000000        0x0
 *(SORT_BY_ALIGNMENT(.noinit.$RAM3*))
 *(SORT_BY_ALIGNMENT(.noinit.$FLEX_RAM*))
                0x14000000                . = ALIGN (0x8)

.noinit         0x20000500        0x0
                0x20000500                _noinit = .
 *(SORT_BY_ALIGNMENT(.noinit*))
                0x20000500                . = ALIGN (0x8)
                0x20000500                _end_noinit = .
                0x00001000                _HeapSize = 0x1000

.heap           0x20000500     0x1000
                0x20000500                _pvHeapStart = .
                0x20001500                . = (. + _HeapSize)
 *fill*         0x20000500     0x1000 
                0x20001500                . = ALIGN (0x8)
                0x20001500                _pvHeapLimit = .
                0x00001000                _StackSize = 0x1000

.heap2stackfill
                0x20001500     0x1000
                0x20002500                . = (. + _StackSize)
 *fill*         0x20001500     0x1000 

.stack          0x2002f000        0x0
                0x2002f000                _vStackBase = .
                0x2002f000                . = ALIGN (0x8)
                0x20030000                _vStackTop = (. + _StackSize)
                0x00000000                _image_start = LOADADDR (.text)
                0x00001bf0                _image_end = (LOADADDR (.data) + SIZEOF (.data))
                0x00001bf0                _image_size = (_image_end - _image_start)
OUTPUT(MultipleSystickCallbacks.axf elf32-littlearm)

.debug_info     0x00000000     0x2f31
 .debug_info    0x00000000      0x6aa ./source/startup/hardware.o
 .debug_info    0x000006aa       0xec ./source/startup/main.o
 .debug_info    0x00000796       0x3b ./source/startup/semihost_hardfault.o
 .debug_info    0x000007d1      0x8b0 ./source/startup/startup_mk64f12.o
 .debug_info    0x00001081      0x264 ./source/App.o
 .debug_info    0x000012e5      0x7dd ./source/Led.o
 .debug_info    0x00001ac2      0x52b ./source/SysTick.o
 .debug_info    0x00001fed      0x487 ./source/Timer.o
 .debug_info    0x00002474      0x631 ./CMSIS/system_MK64F12.o
 .debug_info    0x00002aa5      0x48c C:/Users/pabli/Documents/MCUXpressoIDE_10.2.0_759/workspace/MultipleSystickCallbacks/source/gpio.o

.debug_abbrev   0x00000000      0xc16
 .debug_abbrev  0x00000000      0x14d ./source/startup/hardware.o
 .debug_abbrev  0x0000014d       0x9b ./source/startup/main.o
 .debug_abbrev  0x000001e8       0x2f ./source/startup/semihost_hardfault.o
 .debug_abbrev  0x00000217      0x15c ./source/startup/startup_mk64f12.o
 .debug_abbrev  0x00000373      0x118 ./source/App.o
 .debug_abbrev  0x0000048b      0x1b6 ./source/Led.o
 .debug_abbrev  0x00000641      0x1bb ./source/SysTick.o
 .debug_abbrev  0x000007fc      0x164 ./source/Timer.o
 .debug_abbrev  0x00000960      0x154 ./CMSIS/system_MK64F12.o
 .debug_abbrev  0x00000ab4      0x162 C:/Users/pabli/Documents/MCUXpressoIDE_10.2.0_759/workspace/MultipleSystickCallbacks/source/gpio.o

.debug_aranges  0x00000000      0x560
 .debug_aranges
                0x00000000       0x30 ./source/startup/hardware.o
 .debug_aranges
                0x00000030       0x20 ./source/startup/main.o
 .debug_aranges
                0x00000050       0x20 ./source/startup/semihost_hardfault.o
 .debug_aranges
                0x00000070      0x330 ./source/startup/startup_mk64f12.o
 .debug_aranges
                0x000003a0       0x28 ./source/App.o
 .debug_aranges
                0x000003c8       0x78 ./source/Led.o
 .debug_aranges
                0x00000440       0x58 ./source/SysTick.o
 .debug_aranges
                0x00000498       0x58 ./source/Timer.o
 .debug_aranges
                0x000004f0       0x30 ./CMSIS/system_MK64F12.o
 .debug_aranges
                0x00000520       0x40 C:/Users/pabli/Documents/MCUXpressoIDE_10.2.0_759/workspace/MultipleSystickCallbacks/source/gpio.o

.debug_ranges   0x00000000      0x4f0
 .debug_ranges  0x00000000       0x20 ./source/startup/hardware.o
 .debug_ranges  0x00000020       0x10 ./source/startup/main.o
 .debug_ranges  0x00000030       0x10 ./source/startup/semihost_hardfault.o
 .debug_ranges  0x00000040      0x320 ./source/startup/startup_mk64f12.o
 .debug_ranges  0x00000360       0x18 ./source/App.o
 .debug_ranges  0x00000378       0x68 ./source/Led.o
 .debug_ranges  0x000003e0       0x48 ./source/SysTick.o
 .debug_ranges  0x00000428       0x48 ./source/Timer.o
 .debug_ranges  0x00000470       0x20 ./CMSIS/system_MK64F12.o
 .debug_ranges  0x00000490       0x60 C:/Users/pabli/Documents/MCUXpressoIDE_10.2.0_759/workspace/MultipleSystickCallbacks/source/gpio.o

.debug_macro    0x00000000    0x12a6b
 .debug_macro   0x00000000       0xb4 ./source/startup/hardware.o
 .debug_macro   0x000000b4      0xa90 ./source/startup/hardware.o
 .debug_macro   0x00000b44       0x10 ./source/startup/hardware.o
 .debug_macro   0x00000b54      0x12d ./source/startup/hardware.o
 .debug_macro   0x00000c81      0x5b2 ./source/startup/hardware.o
 .debug_macro   0x00001233       0x22 ./source/startup/hardware.o
 .debug_macro   0x00001255       0x10 ./source/startup/hardware.o
 .debug_macro   0x00001265       0x5c ./source/startup/hardware.o
 .debug_macro   0x000012c1       0x1c ./source/startup/hardware.o
 .debug_macro   0x000012dd       0x22 ./source/startup/hardware.o
 .debug_macro   0x000012ff       0xdf ./source/startup/hardware.o
 .debug_macro   0x000013de      0xecf ./source/startup/hardware.o
 .debug_macro   0x000022ad       0x48 ./source/startup/hardware.o
 .debug_macro   0x000022f5     0xe07b ./source/startup/hardware.o
 .debug_macro   0x00010370     0x122b ./source/startup/hardware.o
 .debug_macro   0x0001159b       0x16 ./source/startup/hardware.o
 .debug_macro   0x000115b1       0xb4 ./source/startup/main.o
 .debug_macro   0x00011665       0x11 ./source/startup/semihost_hardfault.o
 .debug_macro   0x00011676       0x29 ./source/startup/startup_mk64f12.o
 .debug_macro   0x0001169f       0xba ./source/App.o
 .debug_macro   0x00011759       0x16 ./source/App.o
 .debug_macro   0x0001176f       0x1c ./source/App.o
 .debug_macro   0x0001178b       0xd2 ./source/App.o
 .debug_macro   0x0001185d       0x3a ./source/App.o
 .debug_macro   0x00011897       0x34 ./source/App.o
 .debug_macro   0x000118cb       0x16 ./source/App.o
 .debug_macro   0x000118e1       0x1c ./source/App.o
 .debug_macro   0x000118fd       0xae ./source/Led.o
 .debug_macro   0x000119ab       0xf6 ./source/SysTick.o
 .debug_macro   0x00011aa1       0x16 ./source/SysTick.o
 .debug_macro   0x00011ab7       0x7d ./source/Timer.o
 .debug_macro   0x00011b34       0x98 ./CMSIS/system_MK64F12.o
 .debug_macro   0x00011bcc       0xd5 C:/Users/pabli/Documents/MCUXpressoIDE_10.2.0_759/workspace/MultipleSystickCallbacks/source/gpio.o
 .debug_macro   0x00011ca1      0xa5a C:/Users/pabli/Documents/MCUXpressoIDE_10.2.0_759/workspace/MultipleSystickCallbacks/source/gpio.o
 .debug_macro   0x000126fb      0x34e C:/Users/pabli/Documents/MCUXpressoIDE_10.2.0_759/workspace/MultipleSystickCallbacks/source/gpio.o
 .debug_macro   0x00012a49       0x22 C:/Users/pabli/Documents/MCUXpressoIDE_10.2.0_759/workspace/MultipleSystickCallbacks/source/gpio.o

.debug_line     0x00000000     0x18ea
 .debug_line    0x00000000      0x221 ./source/startup/hardware.o
 .debug_line    0x00000221      0x1c2 ./source/startup/main.o
 .debug_line    0x000003e3       0x5c ./source/startup/semihost_hardfault.o
 .debug_line    0x0000043f      0x6db ./source/startup/startup_mk64f12.o
 .debug_line    0x00000b1a      0x166 ./source/App.o
 .debug_line    0x00000c80      0x2c5 ./source/Led.o
 .debug_line    0x00000f45      0x336 ./source/SysTick.o
 .debug_line    0x0000127b      0x272 ./source/Timer.o
 .debug_line    0x000014ed      0x211 ./CMSIS/system_MK64F12.o
 .debug_line    0x000016fe      0x1ec C:/Users/pabli/Documents/MCUXpressoIDE_10.2.0_759/workspace/MultipleSystickCallbacks/source/gpio.o

.debug_str      0x00000000    0x7a190
 .debug_str     0x00000000    0x77e48 ./source/startup/hardware.o
                              0x77ed6 (size before relaxing)
 .debug_str     0x00077e48       0x1e ./source/startup/main.o
                              0x77caa (size before relaxing)
 .debug_str     0x00077e66       0x39 ./source/startup/semihost_hardfault.o
                               0x2dcf (size before relaxing)
 .debug_str     0x00077e9f      0x83d ./source/startup/startup_mk64f12.o
                               0x363d (size before relaxing)
 .debug_str     0x000786dc      0x751 ./source/App.o
                               0x4bee (size before relaxing)
 .debug_str     0x00078e2d      0x42b ./source/Led.o
                               0x5038 (size before relaxing)
 .debug_str     0x00079258      0x208 ./source/SysTick.o
                              0x78326 (size before relaxing)
 .debug_str     0x00079460      0x103 ./source/Timer.o
                               0x3a64 (size before relaxing)
 .debug_str     0x00079563       0x5e ./CMSIS/system_MK64F12.o
                              0x77dde (size before relaxing)
 .debug_str     0x000795c1      0xbcf C:/Users/pabli/Documents/MCUXpressoIDE_10.2.0_759/workspace/MultipleSystickCallbacks/source/gpio.o
                              0x772d6 (size before relaxing)

.comment        0x00000000       0x7e
 .comment       0x00000000       0x7e ./source/startup/hardware.o
                                 0x7f (size before relaxing)
 .comment       0x0000007e       0x7f ./source/startup/main.o
 .comment       0x0000007e       0x7f ./source/startup/semihost_hardfault.o
 .comment       0x0000007e       0x7f ./source/startup/startup_mk64f12.o
 .comment       0x0000007e       0x7f ./source/App.o
 .comment       0x0000007e       0x7f ./source/Led.o
 .comment       0x0000007e       0x7f ./source/SysTick.o
 .comment       0x0000007e       0x7f ./source/Timer.o
 .comment       0x0000007e       0x7f ./CMSIS/system_MK64F12.o
 .comment       0x0000007e       0x7f C:/Users/pabli/Documents/MCUXpressoIDE_10.2.0_759/workspace/MultipleSystickCallbacks/source/gpio.o
 .comment       0x0000007e       0x7f c:/nxp/mcuxpressoide_10.2.0_759/ide/tools/bin/../lib/gcc/arm-none-eabi/7.2.1/../../../../arm-none-eabi/lib/thumb/v7e-m/fpv4-sp/hard\libcr_semihost_nf.a(_cr__main.o)
 .comment       0x0000007e       0x7f c:/nxp/mcuxpressoide_10.2.0_759/ide/tools/bin/../lib/gcc/arm-none-eabi/7.2.1/../../../../arm-none-eabi/lib/thumb/v7e-m/fpv4-sp/hard\libcr_c.a(memcpy.o)
 .comment       0x0000007e       0x7f c:/nxp/mcuxpressoide_10.2.0_759/ide/tools/bin/../lib/gcc/arm-none-eabi/7.2.1/../../../../arm-none-eabi/lib/thumb/v7e-m/fpv4-sp/hard\libcr_c.a(initio.o)
 .comment       0x0000007e       0x7f c:/nxp/mcuxpressoide_10.2.0_759/ide/tools/bin/../lib/gcc/arm-none-eabi/7.2.1/../../../../arm-none-eabi/lib/thumb/v7e-m/fpv4-sp/hard\libcr_c.a(setvbuf.o)
 .comment       0x0000007e       0x7f c:/nxp/mcuxpressoide_10.2.0_759/ide/tools/bin/../lib/gcc/arm-none-eabi/7.2.1/../../../../arm-none-eabi/lib/thumb/v7e-m/fpv4-sp/hard\libcr_c.a(_fdopen.o)
 .comment       0x0000007e       0x7f c:/nxp/mcuxpressoide_10.2.0_759/ide/tools/bin/../lib/gcc/arm-none-eabi/7.2.1/../../../../arm-none-eabi/lib/thumb/v7e-m/fpv4-sp/hard\libcr_c.a(fclose.o)
 .comment       0x0000007e       0x7f c:/nxp/mcuxpressoide_10.2.0_759/ide/tools/bin/../lib/gcc/arm-none-eabi/7.2.1/../../../../arm-none-eabi/lib/thumb/v7e-m/fpv4-sp/hard\libcr_c.a(fflush.o)
 .comment       0x0000007e       0x7f c:/nxp/mcuxpressoide_10.2.0_759/ide/tools/bin/../lib/gcc/arm-none-eabi/7.2.1/../../../../arm-none-eabi/lib/thumb/v7e-m/fpv4-sp/hard\libcr_c.a(fseek.o)
 .comment       0x0000007e       0x7f c:/nxp/mcuxpressoide_10.2.0_759/ide/tools/bin/../lib/gcc/arm-none-eabi/7.2.1/../../../../arm-none-eabi/lib/thumb/v7e-m/fpv4-sp/hard\libcr_c.a(ftell.o)
 .comment       0x0000007e       0x7f c:/nxp/mcuxpressoide_10.2.0_759/ide/tools/bin/../lib/gcc/arm-none-eabi/7.2.1/../../../../arm-none-eabi/lib/thumb/v7e-m/fpv4-sp/hard\libcr_c.a(remove.o)
 .comment       0x0000007e       0x7f c:/nxp/mcuxpressoide_10.2.0_759/ide/tools/bin/../lib/gcc/arm-none-eabi/7.2.1/../../../../arm-none-eabi/lib/thumb/v7e-m/fpv4-sp/hard\libcr_c.a(strlen.o)
 .comment       0x0000007e       0x7f c:/nxp/mcuxpressoide_10.2.0_759/ide/tools/bin/../lib/gcc/arm-none-eabi/7.2.1/../../../../arm-none-eabi/lib/thumb/v7e-m/fpv4-sp/hard\libcr_c.a(memset.o)
 .comment       0x0000007e       0x7f c:/nxp/mcuxpressoide_10.2.0_759/ide/tools/bin/../lib/gcc/arm-none-eabi/7.2.1/../../../../arm-none-eabi/lib/thumb/v7e-m/fpv4-sp/hard\libcr_c.a(_do_fflush.o)
 .comment       0x0000007e       0x7f c:/nxp/mcuxpressoide_10.2.0_759/ide/tools/bin/../lib/gcc/arm-none-eabi/7.2.1/../../../../arm-none-eabi/lib/thumb/v7e-m/fpv4-sp/hard\libcr_c.a(_fflush.o)
 .comment       0x0000007e       0x7f c:/nxp/mcuxpressoide_10.2.0_759/ide/tools/bin/../lib/gcc/arm-none-eabi/7.2.1/../../../../arm-none-eabi/lib/thumb/v7e-m/fpv4-sp/hard\libcr_c.a(_writebuf.o)
 .comment       0x0000007e       0x7f c:/nxp/mcuxpressoide_10.2.0_759/ide/tools/bin/../lib/gcc/arm-none-eabi/7.2.1/../../../../arm-none-eabi/lib/thumb/v7e-m/fpv4-sp/hard\libcr_c.a(alloc.o)
 .comment       0x0000007e       0x7f c:/nxp/mcuxpressoide_10.2.0_759/ide/tools/bin/../lib/gcc/arm-none-eabi/7.2.1/../../../../arm-none-eabi/lib/thumb/v7e-m/fpv4-sp/hard\libcr_c.a(errno.o)
 .comment       0x0000007e       0x7f c:/nxp/mcuxpressoide_10.2.0_759/ide/tools/bin/../lib/gcc/arm-none-eabi/7.2.1/../../../../arm-none-eabi/lib/thumb/v7e-m/fpv4-sp/hard\libcr_c.a(_deferredlazyseek.o)
 .comment       0x0000007e       0x7f c:/nxp/mcuxpressoide_10.2.0_759/ide/tools/bin/../lib/gcc/arm-none-eabi/7.2.1/../../../../arm-none-eabi/lib/thumb/v7e-m/fpv4-sp/hard\libcr_semihost_nf.a(__ciob.o)

.ARM.attributes
                0x00000000       0x37
 .ARM.attributes
                0x00000000       0x39 ./source/startup/hardware.o
 .ARM.attributes
                0x00000039       0x39 ./source/startup/main.o
 .ARM.attributes
                0x00000072       0x39 ./source/startup/semihost_hardfault.o
 .ARM.attributes
                0x000000ab       0x39 ./source/startup/startup_mk64f12.o
 .ARM.attributes
                0x000000e4       0x39 ./source/App.o
 .ARM.attributes
                0x0000011d       0x39 ./source/Led.o
 .ARM.attributes
                0x00000156       0x39 ./source/SysTick.o
 .ARM.attributes
                0x0000018f       0x39 ./source/Timer.o
 .ARM.attributes
                0x000001c8       0x39 ./CMSIS/system_MK64F12.o
 .ARM.attributes
                0x00000201       0x39 C:/Users/pabli/Documents/MCUXpressoIDE_10.2.0_759/workspace/MultipleSystickCallbacks/source/gpio.o
 .ARM.attributes
                0x0000023a       0x39 c:/nxp/mcuxpressoide_10.2.0_759/ide/tools/bin/../lib/gcc/arm-none-eabi/7.2.1/../../../../arm-none-eabi/lib/thumb/v7e-m/fpv4-sp/hard\libcr_semihost_nf.a(_cr__main.o)
 .ARM.attributes
                0x00000273       0x39 c:/nxp/mcuxpressoide_10.2.0_759/ide/tools/bin/../lib/gcc/arm-none-eabi/7.2.1/../../../../arm-none-eabi/lib/thumb/v7e-m/fpv4-sp/hard\libcr_c.a(memcpy.o)
 .ARM.attributes
                0x000002ac       0x39 c:/nxp/mcuxpressoide_10.2.0_759/ide/tools/bin/../lib/gcc/arm-none-eabi/7.2.1/../../../../arm-none-eabi/lib/thumb/v7e-m/fpv4-sp/hard\libcr_c.a(initio.o)
 .ARM.attributes
                0x000002e5       0x39 c:/nxp/mcuxpressoide_10.2.0_759/ide/tools/bin/../lib/gcc/arm-none-eabi/7.2.1/../../../../arm-none-eabi/lib/thumb/v7e-m/fpv4-sp/hard\libcr_c.a(setvbuf.o)
 .ARM.attributes
                0x0000031e       0x39 c:/nxp/mcuxpressoide_10.2.0_759/ide/tools/bin/../lib/gcc/arm-none-eabi/7.2.1/../../../../arm-none-eabi/lib/thumb/v7e-m/fpv4-sp/hard\libcr_c.a(_fdopen.o)
 .ARM.attributes
                0x00000357       0x39 c:/nxp/mcuxpressoide_10.2.0_759/ide/tools/bin/../lib/gcc/arm-none-eabi/7.2.1/../../../../arm-none-eabi/lib/thumb/v7e-m/fpv4-sp/hard\libcr_c.a(fclose.o)
 .ARM.attributes
                0x00000390       0x39 c:/nxp/mcuxpressoide_10.2.0_759/ide/tools/bin/../lib/gcc/arm-none-eabi/7.2.1/../../../../arm-none-eabi/lib/thumb/v7e-m/fpv4-sp/hard\libcr_c.a(fflush.o)
 .ARM.attributes
                0x000003c9       0x39 c:/nxp/mcuxpressoide_10.2.0_759/ide/tools/bin/../lib/gcc/arm-none-eabi/7.2.1/../../../../arm-none-eabi/lib/thumb/v7e-m/fpv4-sp/hard\libcr_c.a(fseek.o)
 .ARM.attributes
                0x00000402       0x39 c:/nxp/mcuxpressoide_10.2.0_759/ide/tools/bin/../lib/gcc/arm-none-eabi/7.2.1/../../../../arm-none-eabi/lib/thumb/v7e-m/fpv4-sp/hard\libcr_c.a(ftell.o)
 .ARM.attributes
                0x0000043b       0x39 c:/nxp/mcuxpressoide_10.2.0_759/ide/tools/bin/../lib/gcc/arm-none-eabi/7.2.1/../../../../arm-none-eabi/lib/thumb/v7e-m/fpv4-sp/hard\libcr_c.a(remove.o)
 .ARM.attributes
                0x00000474       0x39 c:/nxp/mcuxpressoide_10.2.0_759/ide/tools/bin/../lib/gcc/arm-none-eabi/7.2.1/../../../../arm-none-eabi/lib/thumb/v7e-m/fpv4-sp/hard\libcr_c.a(strlen.o)
 .ARM.attributes
                0x000004ad       0x39 c:/nxp/mcuxpressoide_10.2.0_759/ide/tools/bin/../lib/gcc/arm-none-eabi/7.2.1/../../../../arm-none-eabi/lib/thumb/v7e-m/fpv4-sp/hard\libcr_c.a(memset.o)
 .ARM.attributes
                0x000004e6       0x39 c:/nxp/mcuxpressoide_10.2.0_759/ide/tools/bin/../lib/gcc/arm-none-eabi/7.2.1/../../../../arm-none-eabi/lib/thumb/v7e-m/fpv4-sp/hard\libcr_c.a(_do_fflush.o)
 .ARM.attributes
                0x0000051f       0x39 c:/nxp/mcuxpressoide_10.2.0_759/ide/tools/bin/../lib/gcc/arm-none-eabi/7.2.1/../../../../arm-none-eabi/lib/thumb/v7e-m/fpv4-sp/hard\libcr_c.a(_fflush.o)
 .ARM.attributes
                0x00000558       0x39 c:/nxp/mcuxpressoide_10.2.0_759/ide/tools/bin/../lib/gcc/arm-none-eabi/7.2.1/../../../../arm-none-eabi/lib/thumb/v7e-m/fpv4-sp/hard\libcr_c.a(_writebuf.o)
 .ARM.attributes
                0x00000591       0x39 c:/nxp/mcuxpressoide_10.2.0_759/ide/tools/bin/../lib/gcc/arm-none-eabi/7.2.1/../../../../arm-none-eabi/lib/thumb/v7e-m/fpv4-sp/hard\libcr_c.a(alloc.o)
 .ARM.attributes
                0x000005ca       0x39 c:/nxp/mcuxpressoide_10.2.0_759/ide/tools/bin/../lib/gcc/arm-none-eabi/7.2.1/../../../../arm-none-eabi/lib/thumb/v7e-m/fpv4-sp/hard\libcr_c.a(errno.o)
 .ARM.attributes
                0x00000603       0x39 c:/nxp/mcuxpressoide_10.2.0_759/ide/tools/bin/../lib/gcc/arm-none-eabi/7.2.1/../../../../arm-none-eabi/lib/thumb/v7e-m/fpv4-sp/hard\libcr_c.a(_deferredlazyseek.o)
 .ARM.attributes
                0x0000063c       0x25 c:/nxp/mcuxpressoide_10.2.0_759/ide/tools/bin/../lib/gcc/arm-none-eabi/7.2.1/thumb/v7e-m/fpv4-sp/hard\libcr_eabihelpers.a(memcpy.o)
 .ARM.attributes
                0x00000661       0x39 c:/nxp/mcuxpressoide_10.2.0_759/ide/tools/bin/../lib/gcc/arm-none-eabi/7.2.1/../../../../arm-none-eabi/lib/thumb/v7e-m/fpv4-sp/hard\libcr_semihost_nf.a(__ciob.o)
 .ARM.attributes
                0x0000069a       0x25 c:/nxp/mcuxpressoide_10.2.0_759/ide/tools/bin/../lib/gcc/arm-none-eabi/7.2.1/../../../../arm-none-eabi/lib/thumb/v7e-m/fpv4-sp/hard\libcr_semihost_nf.a(__sys_close.o)
 .ARM.attributes
                0x000006bf       0x25 c:/nxp/mcuxpressoide_10.2.0_759/ide/tools/bin/../lib/gcc/arm-none-eabi/7.2.1/../../../../arm-none-eabi/lib/thumb/v7e-m/fpv4-sp/hard\libcr_semihost_nf.a(__sys_flen.o)
 .ARM.attributes
                0x000006e4       0x25 c:/nxp/mcuxpressoide_10.2.0_759/ide/tools/bin/../lib/gcc/arm-none-eabi/7.2.1/../../../../arm-none-eabi/lib/thumb/v7e-m/fpv4-sp/hard\libcr_semihost_nf.a(__sys_istty.o)
 .ARM.attributes
                0x00000709       0x25 c:/nxp/mcuxpressoide_10.2.0_759/ide/tools/bin/../lib/gcc/arm-none-eabi/7.2.1/../../../../arm-none-eabi/lib/thumb/v7e-m/fpv4-sp/hard\libcr_semihost_nf.a(__sys_remove.o)
 .ARM.attributes
                0x0000072e       0x25 c:/nxp/mcuxpressoide_10.2.0_759/ide/tools/bin/../lib/gcc/arm-none-eabi/7.2.1/../../../../arm-none-eabi/lib/thumb/v7e-m/fpv4-sp/hard\libcr_semihost_nf.a(__sys_seek.o)
 .ARM.attributes
                0x00000753       0x25 c:/nxp/mcuxpressoide_10.2.0_759/ide/tools/bin/../lib/gcc/arm-none-eabi/7.2.1/../../../../arm-none-eabi/lib/thumb/v7e-m/fpv4-sp/hard\libcr_semihost_nf.a(__sys_tmpnam.o)
 .ARM.attributes
                0x00000778       0x25 c:/nxp/mcuxpressoide_10.2.0_759/ide/tools/bin/../lib/gcc/arm-none-eabi/7.2.1/../../../../arm-none-eabi/lib/thumb/v7e-m/fpv4-sp/hard\libcr_semihost_nf.a(__sys_write.o)

.debug_frame    0x00000000      0xf9c
 .debug_frame   0x00000000       0x70 ./source/startup/hardware.o
 .debug_frame   0x00000070       0x2c ./source/startup/main.o
 .debug_frame   0x0000009c       0x20 ./source/startup/semihost_hardfault.o
 .debug_frame   0x000000bc      0x904 ./source/startup/startup_mk64f12.o
 .debug_frame   0x000009c0       0x4c ./source/App.o
 .debug_frame   0x00000a0c      0x1dc ./source/Led.o
 .debug_frame   0x00000be8      0x140 ./source/SysTick.o
 .debug_frame   0x00000d28      0x138 ./source/Timer.o
 .debug_frame   0x00000e60       0x74 ./CMSIS/system_MK64F12.o
 .debug_frame   0x00000ed4       0xc8 C:/Users/pabli/Documents/MCUXpressoIDE_10.2.0_759/workspace/MultipleSystickCallbacks/source/gpio.o
