Archive member included to satisfy reference by file (symbol)

c:/nxp/mcuxpressoide_10.2.0_759/ide/tools/bin/../lib/gcc/arm-none-eabi/7.2.1/../../../../arm-none-eabi/lib/thumb/v7e-m/fpv4-sp/hard\libcr_semihost_nf.a(_cr__main.o)
                              ./source/startup/startup_mk64f12.o (__main)
c:/nxp/mcuxpressoide_10.2.0_759/ide/tools/bin/../lib/gcc/arm-none-eabi/7.2.1/../../../../arm-none-eabi/lib/thumb/v7e-m/fpv4-sp/hard\libcr_c.a(initio.o)
                              c:/nxp/mcuxpressoide_10.2.0_759/ide/tools/bin/../lib/gcc/arm-none-eabi/7.2.1/../../../../arm-none-eabi/lib/thumb/v7e-m/fpv4-sp/hard\libcr_semihost_nf.a(_cr__main.o) (_initio)
c:/nxp/mcuxpressoide_10.2.0_759/ide/tools/bin/../lib/gcc/arm-none-eabi/7.2.1/../../../../arm-none-eabi/lib/thumb/v7e-m/fpv4-sp/hard\libcr_c.a(setvbuf.o)
                              c:/nxp/mcuxpressoide_10.2.0_759/ide/tools/bin/../lib/gcc/arm-none-eabi/7.2.1/../../../../arm-none-eabi/lib/thumb/v7e-m/fpv4-sp/hard\libcr_c.a(initio.o) (setvbuf)
c:/nxp/mcuxpressoide_10.2.0_759/ide/tools/bin/../lib/gcc/arm-none-eabi/7.2.1/../../../../arm-none-eabi/lib/thumb/v7e-m/fpv4-sp/hard\libcr_c.a(_fdopen.o)
                              c:/nxp/mcuxpressoide_10.2.0_759/ide/tools/bin/../lib/gcc/arm-none-eabi/7.2.1/../../../../arm-none-eabi/lib/thumb/v7e-m/fpv4-sp/hard\libcr_c.a(initio.o) (_fdopen)
c:/nxp/mcuxpressoide_10.2.0_759/ide/tools/bin/../lib/gcc/arm-none-eabi/7.2.1/../../../../arm-none-eabi/lib/thumb/v7e-m/fpv4-sp/hard\libcr_c.a(fclose.o)
                              c:/nxp/mcuxpressoide_10.2.0_759/ide/tools/bin/../lib/gcc/arm-none-eabi/7.2.1/../../../../arm-none-eabi/lib/thumb/v7e-m/fpv4-sp/hard\libcr_c.a(initio.o) (fclose)
c:/nxp/mcuxpressoide_10.2.0_759/ide/tools/bin/../lib/gcc/arm-none-eabi/7.2.1/../../../../arm-none-eabi/lib/thumb/v7e-m/fpv4-sp/hard\libcr_c.a(fflush.o)
                              c:/nxp/mcuxpressoide_10.2.0_759/ide/tools/bin/../lib/gcc/arm-none-eabi/7.2.1/../../../../arm-none-eabi/lib/thumb/v7e-m/fpv4-sp/hard\libcr_c.a(fclose.o) (fflush)
c:/nxp/mcuxpressoide_10.2.0_759/ide/tools/bin/../lib/gcc/arm-none-eabi/7.2.1/../../../../arm-none-eabi/lib/thumb/v7e-m/fpv4-sp/hard\libcr_c.a(fseek.o)
                              c:/nxp/mcuxpressoide_10.2.0_759/ide/tools/bin/../lib/gcc/arm-none-eabi/7.2.1/../../../../arm-none-eabi/lib/thumb/v7e-m/fpv4-sp/hard\libcr_c.a(_fdopen.o) (fseek)
c:/nxp/mcuxpressoide_10.2.0_759/ide/tools/bin/../lib/gcc/arm-none-eabi/7.2.1/../../../../arm-none-eabi/lib/thumb/v7e-m/fpv4-sp/hard\libcr_c.a(ftell.o)
                              c:/nxp/mcuxpressoide_10.2.0_759/ide/tools/bin/../lib/gcc/arm-none-eabi/7.2.1/../../../../arm-none-eabi/lib/thumb/v7e-m/fpv4-sp/hard\libcr_c.a(fseek.o) (ftell)
c:/nxp/mcuxpressoide_10.2.0_759/ide/tools/bin/../lib/gcc/arm-none-eabi/7.2.1/../../../../arm-none-eabi/lib/thumb/v7e-m/fpv4-sp/hard\libcr_c.a(remove.o)
                              c:/nxp/mcuxpressoide_10.2.0_759/ide/tools/bin/../lib/gcc/arm-none-eabi/7.2.1/../../../../arm-none-eabi/lib/thumb/v7e-m/fpv4-sp/hard\libcr_c.a(fclose.o) (remove)
c:/nxp/mcuxpressoide_10.2.0_759/ide/tools/bin/../lib/gcc/arm-none-eabi/7.2.1/../../../../arm-none-eabi/lib/thumb/v7e-m/fpv4-sp/hard\libcr_c.a(strlen.o)
                              c:/nxp/mcuxpressoide_10.2.0_759/ide/tools/bin/../lib/gcc/arm-none-eabi/7.2.1/../../../../arm-none-eabi/lib/thumb/v7e-m/fpv4-sp/hard\libcr_c.a(remove.o) (strlen)
c:/nxp/mcuxpressoide_10.2.0_759/ide/tools/bin/../lib/gcc/arm-none-eabi/7.2.1/../../../../arm-none-eabi/lib/thumb/v7e-m/fpv4-sp/hard\libcr_c.a(memset.o)
                              c:/nxp/mcuxpressoide_10.2.0_759/ide/tools/bin/../lib/gcc/arm-none-eabi/7.2.1/../../../../arm-none-eabi/lib/thumb/v7e-m/fpv4-sp/hard\libcr_c.a(fclose.o) (memset)
c:/nxp/mcuxpressoide_10.2.0_759/ide/tools/bin/../lib/gcc/arm-none-eabi/7.2.1/../../../../arm-none-eabi/lib/thumb/v7e-m/fpv4-sp/hard\libcr_c.a(_do_fflush.o)
                              c:/nxp/mcuxpressoide_10.2.0_759/ide/tools/bin/../lib/gcc/arm-none-eabi/7.2.1/../../../../arm-none-eabi/lib/thumb/v7e-m/fpv4-sp/hard\libcr_c.a(fflush.o) (_do_fflush)
c:/nxp/mcuxpressoide_10.2.0_759/ide/tools/bin/../lib/gcc/arm-none-eabi/7.2.1/../../../../arm-none-eabi/lib/thumb/v7e-m/fpv4-sp/hard\libcr_c.a(_fflush.o)
                              c:/nxp/mcuxpressoide_10.2.0_759/ide/tools/bin/../lib/gcc/arm-none-eabi/7.2.1/../../../../arm-none-eabi/lib/thumb/v7e-m/fpv4-sp/hard\libcr_c.a(_do_fflush.o) (_fflush)
c:/nxp/mcuxpressoide_10.2.0_759/ide/tools/bin/../lib/gcc/arm-none-eabi/7.2.1/../../../../arm-none-eabi/lib/thumb/v7e-m/fpv4-sp/hard\libcr_c.a(_writebuf.o)
                              c:/nxp/mcuxpressoide_10.2.0_759/ide/tools/bin/../lib/gcc/arm-none-eabi/7.2.1/../../../../arm-none-eabi/lib/thumb/v7e-m/fpv4-sp/hard\libcr_c.a(_fflush.o) (_Cwritebuf)
c:/nxp/mcuxpressoide_10.2.0_759/ide/tools/bin/../lib/gcc/arm-none-eabi/7.2.1/../../../../arm-none-eabi/lib/thumb/v7e-m/fpv4-sp/hard\libcr_c.a(alloc.o)
[...]
Memory Configuration

Name             Origin             Length             Attributes
PROGRAM_FLASH    0x00000000         0x00100000         xr
SRAM_UPPER       0x20000000         0x00030000         xrw
SRAM_LOWER       0x1fff0000         0x00010000         xrw
FLEX_RAM         0x14000000         0x00001000         xrw
*default*        0x00000000         0xffffffff

Linker script and memory map

LOAD ./source/startup/hardware.o
LOAD ./source/startup/main.o
LOAD ./source/startup/semihost_hardfault.o
LOAD ./source/startup/startup_mk64f12.o
LOAD ./source/App.o
LOAD ./source/SevenSegDisplay.o
LOAD ./source/SysTick.o
LOAD ./source/Timer.o
LOAD ./source/encoder.o
LOAD ./source/gpio.o
LOAD ./source/lector.o
LOAD ./CMSIS/system_MK64F12.o
START GROUP
LOAD c:/nxp/mcuxpressoide_10.2.0_759/ide/tools/bin/../lib/gcc/arm-none-eabi/7.2.1/../../../../arm-none-eabi/lib/thumb/v7e-m/fpv4-sp/hard\libcr_semihost_nf.a
LOAD c:/nxp/mcuxpressoide_10.2.0_759/ide/tools/bin/../lib/gcc/arm-none-eabi/7.2.1/../../../../arm-none-eabi/lib/thumb/v7e-m/fpv4-sp/hard\libcr_c.a
LOAD c:/nxp/mcuxpressoide_10.2.0_759/ide/tools/bin/../lib/gcc/arm-none-eabi/7.2.1/thumb/v7e-m/fpv4-sp/hard\libcr_eabihelpers.a
END GROUP
                0x00000000                __base_PROGRAM_FLASH = 0x0
                0x00000000                __base_Flash = 0x0
                0x00100000                __top_PROGRAM_FLASH = 0x100000
                0x00100000                __top_Flash = 0x100000
                0x20000000                __base_SRAM_UPPER = 0x20000000
                0x20000000                __base_RAM = 0x20000000
                0x20030000                __top_SRAM_UPPER = 0x20030000
                0x20030000                __top_RAM = 0x20030000
                0x1fff0000                __base_SRAM_LOWER = 0x1fff0000
                0x1fff0000                __base_RAM2 = 0x1fff0000
                0x20000000                __top_SRAM_LOWER = 0x20000000
                0x20000000                __top_RAM2 = 0x20000000
                0x14000000                __base_FLEX_RAM = 0x14000000
                0x14000000                __base_RAM3 = 0x14000000
                0x14001000                __top_FLEX_RAM = 0x14001000
                0x14001000                __top_RAM3 = 0x14001000

.text           0x00000000     0x20e8
 FILL mask 0xff
                0x00000000                __vectors_start__ = ABSOLUTE (.)
 *(SORT_BY_ALIGNMENT(.isr_vector))
 .isr_vector    0x00000000      0x198 ./source/startup/startup_mk64f12.o
                0x00000000                g_pfnVectors
                0x00000000                __Vectors
                0x00000198                . = ALIGN (0x4)
                0x00000198                __section_table_start = .
                0x00000198                __data_section_table = .
                0x00000198        0x4 LONG 0x20e8 LOADADDR (.data_RAM)
                0x0000019c        0x4 LONG 0x20000000 ADDR (.data_RAM)
                0x000001a0        0x4 LONG 0x0 SIZEOF (.data_RAM)
                0x000001a4        0x4 LONG 0x20e8 LOADADDR (.data)
                0x000001a8        0x4 LONG 0x1fff0000 ADDR (.data)
                0x000001ac        0x4 LONG 0x38 SIZEOF (.data)
                0x000001b0        0x4 LONG 0x20e8 LOADADDR (.data_RAM3)
                0x000001b4        0x4 LONG 0x14000000 ADDR (.data_RAM3)
                0x000001b8        0x4 LONG 0x0 SIZEOF (.data_RAM3)
                0x000001bc                __data_section_table_end = .
                0x000001bc                __bss_section_table = .
                0x000001bc        0x4 LONG 0x20000000 ADDR (.bss_RAM)
                0x000001c0        0x4 LONG 0x0 SIZEOF (.bss_RAM)
                0x000001c4        0x4 LONG 0x1fff0038 ADDR (.bss)
                0x000001c8        0x4 LONG 0x770 SIZEOF (.bss)
                0x000001cc        0x4 LONG 0x14000000 ADDR (.bss_RAM3)
                0x000001d0        0x4 LONG 0x0 SIZEOF (.bss_RAM3)
                0x000001d4                __bss_section_table_end = .
                0x000001d4                __section_table_end = .
 *(SORT_BY_ALIGNMENT(.after_vectors*))
 .after_vectors.reset
                0x000001d4       0x4c ./source/startup/startup_mk64f12.o
                0x000001d4                ResetISR
 .after_vectors.init_data
                0x00000220       0x1e ./source/startup/startup_mk64f12.o
                0x00000220                data_init
 .after_vectors.init_bss
                0x0000023e       0x12 ./source/startup/startup_mk64f12.o
                0x0000023e                bss_init
 .after_vectors
                0x00000250       0x14 ./source/startup/startup_mk64f12.o
                0x00000250                NMI_Handler
                0x00000254                MemManage_Handler
                0x00000256                BusFault_Handler
                0x00000258                UsageFault_Handler
                0x0000025a                SVC_Handler
                0x0000025c                DebugMon_Handler
                0x0000025e                PendSV_Handler
                0x00000262                DMA_Error_DriverIRQHandler
                0x00000262                LPTMR0_DriverIRQHandler
                0x00000262                FTM1_DriverIRQHandler
                0x00000262                FTM2_DriverIRQHandler
                0x00000262                PIT2_DriverIRQHandler
                0x00000262                SDHC_DriverIRQHandler
                0x00000262                I2S0_Tx_DriverIRQHandler
                0x00000262                RTC_Seconds_DriverIRQHandler
                0x00000262                DMA6_DriverIRQHandler
                0x00000262                LLWU_DriverIRQHandler
                0x00000262                MCM_DriverIRQHandler
                0x00000262                MCG_DriverIRQHandler
                0x00000262                ENET_1588_Timer_DriverIRQHandler
                0x00000262                I2C2_DriverIRQHandler
                0x00000262                DAC1_DriverIRQHandler
                0x00000262                SPI1_DriverIRQHandler
                0x00000262                CMP1_DriverIRQHandler
                0x00000262                UART5_RX_TX_DriverIRQHandler
                0x00000262                FTM0_DriverIRQHandler
                0x00000262                IntDefaultHandler
                0x00000262                USB0_DriverIRQHandler
                0x00000262                UART5_ERR_DriverIRQHandler
                0x00000262                PORTC_DriverIRQHandler
                0x00000262                DMA11_DriverIRQHandler
                0x00000262                DAC0_DriverIRQHandler
                0x00000262                DMA10_DriverIRQHandler
                0x00000262                CMP2_DriverIRQHandler
                0x00000262                UART2_ERR_DriverIRQHandler
                0x00000262                SPI2_DriverIRQHandler
                0x00000262                LVD_LVW_DriverIRQHandler
                0x00000262                PIT0_DriverIRQHandler
                0x00000262                RNG_DriverIRQHandler
                0x00000262                DMA5_DriverIRQHandler
                0x00000262                DMA12_DriverIRQHandler
                0x00000262                UART2_RX_TX_DriverIRQHandler
                0x00000262                USBDCD_DriverIRQHandler
                0x00000262                UART3_ERR_DriverIRQHandler
                0x00000262                DMA3_DriverIRQHandler
                0x00000262                DMA8_DriverIRQHandler
                0x00000262                DMA9_DriverIRQHandler
                0x00000262                UART0_ERR_DriverIRQHandler
                0x00000262                CMT_DriverIRQHandler
                0x00000262                Reserved71_DriverIRQHandler
                0x00000262                ADC1_DriverIRQHandler
                0x00000262                PORTA_DriverIRQHandler
                0x00000262                DMA14_DriverIRQHandler
                0x00000262                PIT3_DriverIRQHandler
                0x00000262                PIT1_DriverIRQHandler
                0x00000262                WDOG_EWM_DriverIRQHandler
                0x00000262                PDB0_DriverIRQHandler
                0x00000262                RTC_DriverIRQHandler
                0x00000262                I2S0_Rx_DriverIRQHandler
                0x00000262                Read_Collision_DriverIRQHandler
                0x00000262                SWI_DriverIRQHandler
                0x00000262                UART4_RX_TX_DriverIRQHandler
                0x00000262                UART4_ERR_DriverIRQHandler
                0x00000262                PORTB_DriverIRQHandler
                0x00000262                UART0_LON_DriverIRQHandler
                0x00000262                DMA0_DriverIRQHandler
                0x00000262                DMA1_DriverIRQHandler
                0x00000262                I2C1_DriverIRQHandler
                0x00000262                UART3_RX_TX_DriverIRQHandler
                0x00000262                ENET_Receive_DriverIRQHandler
                0x00000262                DMA13_DriverIRQHandler
                0x00000262                ENET_Error_DriverIRQHandler
                0x00000262                DMA15_DriverIRQHandler
                0x00000262                UART0_RX_TX_DriverIRQHandler
                0x00000262                SPI0_DriverIRQHandler
                0x00000262                ADC0_DriverIRQHandler
                0x00000262                CMP0_DriverIRQHandler
                0x00000262                CAN0_DriverIRQHandler
                0x00000262                FTM3_DriverIRQHandler
                0x00000262                DMA4_DriverIRQHandler
                0x00000262                UART1_ERR_DriverIRQHandler
                0x00000262                DMA2_DriverIRQHandler
                0x00000262                ENET_Transmit_DriverIRQHandler
                0x00000262                PORTD_DriverIRQHandler
                0x00000262                PORTE_DriverIRQHandler
                0x00000262                FTFE_DriverIRQHandler
                0x00000262                I2C0_DriverIRQHandler
                0x00000262                DMA7_DriverIRQHandler
                0x00000262                UART1_RX_TX_DriverIRQHandler
                0x00000400                . = 0x400
 *fill*         0x00000264      0x19c ff
                0x00000400                PROVIDE (__FLASH_CONFIG_START__, .)
 *(SORT_BY_ALIGNMENT(.FlashConfig))
 .FlashConfig   0x00000400       0x10 ./source/startup/startup_mk64f12.o
                0x00000400                Flash_Config
                0x00000410                PROVIDE (__FLASH_CONFIG_END__, .)
                0x00000001                ASSERT (! ((__FLASH_CONFIG_START__ == __FLASH_CONFIG_END__)), Linker Flash Config Support Enabled, but no .FlashConfig section provided within application)
 *(SORT_BY_ALIGNMENT(.text*))
 .text.hw_Init  0x00000410      0x10c ./source/startup/hardware.o
                0x00000410                hw_Init
 .text.hw_EnableInterrupts
                0x0000051c       0x30 ./source/startup/hardware.o
                0x0000051c                hw_EnableInterrupts
 .text.hw_DisableInterrupts
                0x0000054c       0x20 ./source/startup/hardware.o
                0x0000054c                hw_DisableInterrupts
 .text.App_Run  0x0000056c       0xf4 ./source/App.o
                0x0000056c                App_Run
 .text.SevenSegDisplay_Init
                0x00000660       0xd0 ./source/SevenSegDisplay.o
                0x00000660                SevenSegDisplay_Init
 .text.SevenSegDisplay_ChangeCharacter
                0x00000730       0x3c ./source/SevenSegDisplay.o
                0x00000730                SevenSegDisplay_ChangeCharacter
 .text.SevenSegDisplay_SetBright
                0x0000076c       0x20 ./source/SevenSegDisplay.o
                0x0000076c                SevenSegDisplay_SetBright
 .text.SevenSegDisplay_WriteBuffer
                0x0000078c       0x54 ./source/SevenSegDisplay.o
                0x0000078c                SevenSegDisplay_WriteBuffer
 .text.SevenSegDisplay_Swipe
                0x000007e0       0x50 ./source/SevenSegDisplay.o
                0x000007e0                SevenSegDisplay_Swipe
 .text.SevenSegDisplay_SetPos
                0x00000830       0x28 ./source/SevenSegDisplay.o
                0x00000830                SevenSegDisplay_SetPos
 .text.SevenSegDisplay_PrintCharacter
                0x00000858       0x50 ./source/SevenSegDisplay.o
                0x00000858                SevenSegDisplay_PrintCharacter
 .text.SevenSegDisplay_PISR
                0x000008a8      0x1fc ./source/SevenSegDisplay.o
                0x000008a8                SevenSegDisplay_PISR
 .text.SysTick_Init
                0x00000aa4       0x3c ./source/SysTick.o
                0x00000aa4                SysTick_Init
 .text.SysTick_AddCallback
                0x00000ae0       0x88 ./source/SysTick.o
                0x00000ae0                SysTick_AddCallback
 .text.SysTick_Handler
                0x00000b68       0xcc ./source/SysTick.o
                0x00000b68                SysTick_Handler
 .text.Encoder_Init
                0x00000c34       0x60 ./source/encoder.o
                0x00000c34                Encoder_Init
 .text.Encoder_GetMove
                0x00000c94       0x3c ./source/encoder.o
                0x00000c94                Encoder_GetMove
 .text.lookForMoves
                0x00000cd0       0xd0 ./source/encoder.o
                0x00000cd0                lookForMoves
 .text.__NVIC_EnableIRQ
                0x00000da0       0x3c ./source/gpio.o
 .text.__NVIC_GetEnableIRQ
                0x00000ddc       0x40 ./source/gpio.o
 .text.gpioMode
                0x00000e1c      0x17c ./source/gpio.o
                0x00000e1c                gpioMode
 .text.gpioRead
                0x00000f98       0x48 ./source/gpio.o
                0x00000f98                gpioRead
 .text.gpioWrite
                0x00000fe0       0x5c ./source/gpio.o
                0x00000fe0                gpioWrite
 .text.gpioIRQ  0x0000103c       0x90 ./source/gpio.o
                0x0000103c                gpioIRQ
 .text.interruptHandler
                0x000010cc       0x90 ./source/gpio.o
                0x000010cc                interruptHandler
 .text.Lector_Init
                0x0000115c       0x3c ./source/lector.o
                0x0000115c                Lector_Init
 .text.Lector_Event
                0x00001198       0x18 ./source/lector.o
                0x00001198                Lector_Event
 .text.Lector_GetData
                0x000011b0      0x328 ./source/lector.o
                0x000011b0                Lector_GetData
 .text.EnableIRQcallback
                0x000014d8       0x48 ./source/lector.o
                0x000014d8                EnableIRQcallback
 .text.ClockIRQcallback
                0x00001520       0x4c ./source/lector.o
                0x00001520                ClockIRQcallback
 .text.find_ss_fs_es
                0x0000156c       0xb8 ./source/lector.o
                0x0000156c                find_ss_fs_es
 .text.find_fs  0x00001624       0x84 ./source/lector.o
                0x00001624                find_fs
 .text.find_es  0x000016a8       0x84 ./source/lector.o
                0x000016a8                find_es
 .text.SystemInit
                0x0000172c       0x3c ./CMSIS/system_MK64F12.o
                0x0000172c                SystemInit
 .text._initio  0x00001768       0x78 c:/nxp/mcuxpressoide_10.2.0_759/ide/tools/bin/../lib/gcc/arm-none-eabi/7.2.1/../../../../arm-none-eabi/lib/thumb/v7e-m/fpv4-sp/hard\libcr_c.a(initio.o)
                0x00001768                _initio
 .text.setvbuf  0x000017e0       0x40 c:/nxp/mcuxpressoide_10.2.0_759/ide/tools/bin/../lib/gcc/arm-none-eabi/7.2.1/../../../../arm-none-eabi/lib/thumb/v7e-m/fpv4-sp/hard\libcr_c.a(setvbuf.o)
                0x000017e0                setvbuf
 .text.fflush   0x00001820       0x44 c:/nxp/mcuxpressoide_10.2.0_759/ide/tools/bin/../lib/gcc/arm-none-eabi/7.2.1/../../../../arm-none-eabi/lib/thumb/v7e-m/fpv4-sp/hard\libcr_c.a(fflush.o)
                0x00001820                fflush
 .text.fseek    0x00001864      0x100 c:/nxp/mcuxpressoide_10.2.0_759/ide/tools/bin/../lib/gcc/arm-none-eabi/7.2.1/../../../../arm-none-eabi/lib/thumb/v7e-m/fpv4-sp/hard\libcr_c.a(fseek.o)
                0x00001864                fseek
 .text.ftell    0x00001964       0x44 c:/nxp/mcuxpressoide_10.2.0_759/ide/tools/bin/../lib/gcc/arm-none-eabi/7.2.1/../../../../arm-none-eabi/lib/thumb/v7e-m/fpv4-sp/hard\libcr_c.a(ftell.o)
                0x00001964                ftell
 .text._Cwritebuf
                0x000019a8       0x6c c:/nxp/mcuxpressoide_10.2.0_759/ide/tools/bin/../lib/gcc/arm-none-eabi/7.2.1/../../../../arm-none-eabi/lib/thumb/v7e-m/fpv4-sp/hard\libcr_c.a(_writebuf.o)
                0x000019a8                _Cwritebuf
 .text.main     0x00001a14       0x1a ./source/startup/main.o
                0x00001a14                main
 .text.HardFault_Handler
                0x00001a2e       0x2c ./source/startup/semihost_hardfault.o
                0x00001a2e                HardFault_Handler
 .text.DMA0_IRQHandler
                0x00001a5a        0x8 ./source/startup/startup_mk64f12.o
                0x00001a5a                DMA0_IRQHandler
 .text.DMA1_IRQHandler
                0x00001a62        0x8 ./source/startup/startup_mk64f12.o
                0x00001a62                DMA1_IRQHandler
 .text.DMA2_IRQHandler
                0x00001a6a        0x8 ./source/startup/startup_mk64f12.o
                0x00001a6a                DMA2_IRQHandler
 .text.DMA3_IRQHandler
                0x00001a72        0x8 ./source/startup/startup_mk64f12.o
                0x00001a72                DMA3_IRQHandler
 .text.DMA4_IRQHandler
                0x00001a7a        0x8 ./source/startup/startup_mk64f12.o
                0x00001a7a                DMA4_IRQHandler
 .text.DMA5_IRQHandler
                0x00001a82        0x8 ./source/startup/startup_mk64f12.o
                0x00001a82                DMA5_IRQHandler
 .text.DMA6_IRQHandler
                0x00001a8a        0x8 ./source/startup/startup_mk64f12.o
                0x00001a8a                DMA6_IRQHandler
 .text.DMA7_IRQHandler
                0x00001a92        0x8 ./source/startup/startup_mk64f12.o
                0x00001a92                DMA7_IRQHandler
 .text.DMA8_IRQHandler
                0x00001a9a        0x8 ./source/startup/startup_mk64f12.o
                0x00001a9a                DMA8_IRQHandler
 .text.DMA9_IRQHandler
                0x00001aa2        0x8 ./source/startup/startup_mk64f12.o
                0x00001aa2                DMA9_IRQHandler
 .text.DMA10_IRQHandler
                0x00001aaa        0x8 ./source/startup/startup_mk64f12.o
                0x00001aaa                DMA10_IRQHandler
 .text.DMA11_IRQHandler
                0x00001ab2        0x8 ./source/startup/startup_mk64f12.o
                0x00001ab2                DMA11_IRQHandler
 .text.DMA12_IRQHandler
                0x00001aba        0x8 ./source/startup/startup_mk64f12.o
                0x00001aba                DMA12_IRQHandler
 .text.DMA13_IRQHandler
                0x00001ac2        0x8 ./source/startup/startup_mk64f12.o
                0x00001ac2                DMA13_IRQHandler
 .text.DMA14_IRQHandler
                0x00001aca        0x8 ./source/startup/startup_mk64f12.o
                0x00001aca                DMA14_IRQHandler
 .text.DMA15_IRQHandler
                0x00001ad2        0x8 ./source/startup/startup_mk64f12.o
                0x00001ad2                DMA15_IRQHandler
 .text.DMA_Error_IRQHandler
                0x00001ada        0x8 ./source/startup/startup_mk64f12.o
                0x00001ada                DMA_Error_IRQHandler
 .text.MCM_IRQHandler
                0x00001ae2        0x8 ./source/startup/startup_mk64f12.o
                0x00001ae2                MCM_IRQHandler
 .text.FTFE_IRQHandler
                0x00001aea        0x8 ./source/startup/startup_mk64f12.o
                0x00001aea                FTFE_IRQHandler
 .text.Read_Collision_IRQHandler
                0x00001af2        0x8 ./source/startup/startup_mk64f12.o
                0x00001af2                Read_Collision_IRQHandler
 .text.LVD_LVW_IRQHandler
                0x00001afa        0x8 ./source/startup/startup_mk64f12.o
                0x00001afa                LVD_LVW_IRQHandler
 .text.LLWU_IRQHandler
                0x00001b02        0x8 ./source/startup/startup_mk64f12.o
                0x00001b02                LLWU_IRQHandler
 .text.WDOG_EWM_IRQHandler
                0x00001b0a        0x8 ./source/startup/startup_mk64f12.o
                0x00001b0a                WDOG_EWM_IRQHandler
 .text.RNG_IRQHandler
                0x00001b12        0x8 ./source/startup/startup_mk64f12.o
                0x00001b12                RNG_IRQHandler
 .text.I2C0_IRQHandler
                0x00001b1a        0x8 ./source/startup/startup_mk64f12.o
                0x00001b1a                I2C0_IRQHandler
 .text.I2C1_IRQHandler
                0x00001b22        0x8 ./source/startup/startup_mk64f12.o
                0x00001b22                I2C1_IRQHandler
 .text.SPI0_IRQHandler
                0x00001b2a        0x8 ./source/startup/startup_mk64f12.o
                0x00001b2a                SPI0_IRQHandler
 .text.SPI1_IRQHandler
                0x00001b32        0x8 ./source/startup/startup_mk64f12.o
                0x00001b32                SPI1_IRQHandler
 .text.I2S0_Tx_IRQHandler
                0x00001b3a        0x8 ./source/startup/startup_mk64f12.o
                0x00001b3a                I2S0_Tx_IRQHandler
 .text.I2S0_Rx_IRQHandler
                0x00001b42        0x8 ./source/startup/startup_mk64f12.o
                0x00001b42                I2S0_Rx_IRQHandler
 .text.UART0_LON_IRQHandler
                0x00001b4a        0x8 ./source/startup/startup_mk64f12.o
                0x00001b4a                UART0_LON_IRQHandler
 .text.UART0_RX_TX_IRQHandler
                0x00001b52        0x8 ./source/startup/startup_mk64f12.o
                0x00001b52                UART0_RX_TX_IRQHandler
 .text.UART0_ERR_IRQHandler
                0x00001b5a        0x8 ./source/startup/startup_mk64f12.o
                0x00001b5a                UART0_ERR_IRQHandler
 .text.UART1_RX_TX_IRQHandler
                0x00001b62        0x8 ./source/startup/startup_mk64f12.o
                0x00001b62                UART1_RX_TX_IRQHandler
 .text.UART1_ERR_IRQHandler
                0x00001b6a        0x8 ./source/startup/startup_mk64f12.o
                0x00001b6a                UART1_ERR_IRQHandler
 .text.UART2_RX_TX_IRQHandler
                0x00001b72        0x8 ./source/startup/startup_mk64f12.o
                0x00001b72                UART2_RX_TX_IRQHandler
 .text.UART2_ERR_IRQHandler
                0x00001b7a        0x8 ./source/startup/startup_mk64f12.o
                0x00001b7a                UART2_ERR_IRQHandler
 .text.UART3_RX_TX_IRQHandler
                0x00001b82        0x8 ./source/startup/startup_mk64f12.o
                0x00001b82                UART3_RX_TX_IRQHandler
 .text.UART3_ERR_IRQHandler
                0x00001b8a        0x8 ./source/startup/startup_mk64f12.o
                0x00001b8a                UART3_ERR_IRQHandler
 .text.ADC0_IRQHandler
                0x00001b92        0x8 ./source/startup/startup_mk64f12.o
                0x00001b92                ADC0_IRQHandler
 .text.CMP0_IRQHandler
                0x00001b9a        0x8 ./source/startup/startup_mk64f12.o
                0x00001b9a                CMP0_IRQHandler
 .text.CMP1_IRQHandler
                0x00001ba2        0x8 ./source/startup/startup_mk64f12.o
                0x00001ba2                CMP1_IRQHandler
 .text.FTM0_IRQHandler
                0x00001baa        0x8 ./source/startup/startup_mk64f12.o
                0x00001baa                FTM0_IRQHandler
 .text.FTM1_IRQHandler
                0x00001bb2        0x8 ./source/startup/startup_mk64f12.o
                0x00001bb2                FTM1_IRQHandler
 .text.FTM2_IRQHandler
                0x00001bba        0x8 ./source/startup/startup_mk64f12.o
                0x00001bba                FTM2_IRQHandler
 .text.CMT_IRQHandler
                0x00001bc2        0x8 ./source/startup/startup_mk64f12.o
                0x00001bc2                CMT_IRQHandler
 .text.RTC_IRQHandler
                0x00001bca        0x8 ./source/startup/startup_mk64f12.o
                0x00001bca                RTC_IRQHandler
 .text.RTC_Seconds_IRQHandler
                0x00001bd2        0x8 ./source/startup/startup_mk64f12.o
                0x00001bd2                RTC_Seconds_IRQHandler
 .text.PIT0_IRQHandler
                0x00001bda        0x8 ./source/startup/startup_mk64f12.o
                0x00001bda                PIT0_IRQHandler
 .text.PIT1_IRQHandler
                0x00001be2        0x8 ./source/startup/startup_mk64f12.o
                0x00001be2                PIT1_IRQHandler
 .text.PIT2_IRQHandler
                0x00001bea        0x8 ./source/startup/startup_mk64f12.o
                0x00001bea                PIT2_IRQHandler
 .text.PIT3_IRQHandler
                0x00001bf2        0x8 ./source/startup/startup_mk64f12.o
                0x00001bf2                PIT3_IRQHandler
 .text.PDB0_IRQHandler
                0x00001bfa        0x8 ./source/startup/startup_mk64f12.o
                0x00001bfa                PDB0_IRQHandler
 .text.USB0_IRQHandler
                0x00001c02        0x8 ./source/startup/startup_mk64f12.o
                0x00001c02                USB0_IRQHandler
 .text.USBDCD_IRQHandler
                0x00001c0a        0x8 ./source/startup/startup_mk64f12.o
                0x00001c0a                USBDCD_IRQHandler
 .text.Reserved71_IRQHandler
                0x00001c12        0x8 ./source/startup/startup_mk64f12.o
                0x00001c12                Reserved71_IRQHandler
 .text.DAC0_IRQHandler
                0x00001c1a        0x8 ./source/startup/startup_mk64f12.o
                0x00001c1a                DAC0_IRQHandler
 .text.MCG_IRQHandler
                0x00001c22        0x8 ./source/startup/startup_mk64f12.o
                0x00001c22                MCG_IRQHandler
 .text.LPTMR0_IRQHandler
                0x00001c2a        0x8 ./source/startup/startup_mk64f12.o
                0x00001c2a                LPTMR0_IRQHandler
 .text.SWI_IRQHandler
                0x00001c32        0x8 ./source/startup/startup_mk64f12.o
                0x00001c32                SWI_IRQHandler
 .text.SPI2_IRQHandler
                0x00001c3a        0x8 ./source/startup/startup_mk64f12.o
                0x00001c3a                SPI2_IRQHandler
 .text.UART4_RX_TX_IRQHandler
                0x00001c42        0x8 ./source/startup/startup_mk64f12.o
                0x00001c42                UART4_RX_TX_IRQHandler
 .text.UART4_ERR_IRQHandler
                0x00001c4a        0x8 ./source/startup/startup_mk64f12.o
                0x00001c4a                UART4_ERR_IRQHandler
 .text.UART5_RX_TX_IRQHandler
                0x00001c52        0x8 ./source/startup/startup_mk64f12.o
                0x00001c52                UART5_RX_TX_IRQHandler
 .text.UART5_ERR_IRQHandler
                0x00001c5a        0x8 ./source/startup/startup_mk64f12.o
                0x00001c5a                UART5_ERR_IRQHandler
 .text.CMP2_IRQHandler
                0x00001c62        0x8 ./source/startup/startup_mk64f12.o
                0x00001c62                CMP2_IRQHandler
 .text.FTM3_IRQHandler
                0x00001c6a        0x8 ./source/startup/startup_mk64f12.o
                0x00001c6a                FTM3_IRQHandler
 .text.DAC1_IRQHandler
                0x00001c72        0x8 ./source/startup/startup_mk64f12.o
                0x00001c72                DAC1_IRQHandler
 .text.ADC1_IRQHandler
                0x00001c7a        0x8 ./source/startup/startup_mk64f12.o
                0x00001c7a                ADC1_IRQHandler
 .text.I2C2_IRQHandler
                0x00001c82        0x8 ./source/startup/startup_mk64f12.o
                0x00001c82                I2C2_IRQHandler
 .text.CAN0_ORed_Message_buffer_IRQHandler
                0x00001c8a        0x8 ./source/startup/startup_mk64f12.o
                0x00001c8a                CAN0_ORed_Message_buffer_IRQHandler
 .text.CAN0_Bus_Off_IRQHandler
                0x00001c92        0x8 ./source/startup/startup_mk64f12.o
                0x00001c92                CAN0_Bus_Off_IRQHandler
 .text.CAN0_Error_IRQHandler
                0x00001c9a        0x8 ./source/startup/startup_mk64f12.o
                0x00001c9a                CAN0_Error_IRQHandler
 .text.CAN0_Tx_Warning_IRQHandler
                0x00001ca2        0x8 ./source/startup/startup_mk64f12.o
                0x00001ca2                CAN0_Tx_Warning_IRQHandler
 .text.CAN0_Rx_Warning_IRQHandler
                0x00001caa        0x8 ./source/startup/startup_mk64f12.o
                0x00001caa                CAN0_Rx_Warning_IRQHandler
 .text.CAN0_Wake_Up_IRQHandler
                0x00001cb2        0x8 ./source/startup/startup_mk64f12.o
                0x00001cb2                CAN0_Wake_Up_IRQHandler
 .text.SDHC_IRQHandler
                0x00001cba        0x8 ./source/startup/startup_mk64f12.o
                0x00001cba                SDHC_IRQHandler
 .text.ENET_1588_Timer_IRQHandler
                0x00001cc2        0x8 ./source/startup/startup_mk64f12.o
                0x00001cc2                ENET_1588_Timer_IRQHandler
 .text.ENET_Transmit_IRQHandler
                0x00001cca        0x8 ./source/startup/startup_mk64f12.o
                0x00001cca                ENET_Transmit_IRQHandler
 .text.ENET_Receive_IRQHandler
                0x00001cd2        0x8 ./source/startup/startup_mk64f12.o
                0x00001cd2                ENET_Receive_IRQHandler
 .text.ENET_Error_IRQHandler
                0x00001cda        0x8 ./source/startup/startup_mk64f12.o
                0x00001cda                ENET_Error_IRQHandler
 .text.App_Init
                0x00001ce2       0x3e ./source/App.o
                0x00001ce2                App_Init
 .text.getArrayEffectiveLength
                0x00001d20       0x54 ./source/SysTick.o
 .text.PORTA_IRQHandler
                0x00001d74       0x1e ./source/gpio.o
                0x00001d74                PORTA_IRQHandler
 .text.PORTB_IRQHandler
                0x00001d92       0x1e ./source/gpio.o
                0x00001d92                PORTB_IRQHandler
 .text.PORTC_IRQHandler
                0x00001db0       0x1e ./source/gpio.o
                0x00001db0                PORTC_IRQHandler
 .text.PORTD_IRQHandler
                0x00001dce       0x1e ./source/gpio.o
                0x00001dce                PORTD_IRQHandler
 .text.PORTE_IRQHandler
                0x00001dec       0x1e ./source/gpio.o
                0x00001dec                PORTE_IRQHandler
 .text.SystemInitHook
                0x00001e0a        0xe ./CMSIS/system_MK64F12.o
                0x00001e0a                SystemInitHook
 .text.__main   0x00001e18        0xe c:/nxp/mcuxpressoide_10.2.0_759/ide/tools/bin/../lib/gcc/arm-none-eabi/7.2.1/../../../../arm-none-eabi/lib/thumb/v7e-m/fpv4-sp/hard\libcr_semihost_nf.a(_cr__main.o)
                0x00001e18                __CR_SEMIHOST
                0x00001e18                __main
 .text._fdopen  0x00001e26       0x68 c:/nxp/mcuxpressoide_10.2.0_759/ide/tools/bin/../lib/gcc/arm-none-eabi/7.2.1/../../../../arm-none-eabi/lib/thumb/v7e-m/fpv4-sp/hard\libcr_c.a(_fdopen.o)
                0x00001e26                _fdopen
 .text.fclose   0x00001e8e       0x58 c:/nxp/mcuxpressoide_10.2.0_759/ide/tools/bin/../lib/gcc/arm-none-eabi/7.2.1/../../../../arm-none-eabi/lib/thumb/v7e-m/fpv4-sp/hard\libcr_c.a(fclose.o)
                0x00001e8e                fclose
 .text.remove   0x00001ee6       0x14 c:/nxp/mcuxpressoide_10.2.0_759/ide/tools/bin/../lib/gcc/arm-none-eabi/7.2.1/../../../../arm-none-eabi/lib/thumb/v7e-m/fpv4-sp/hard\libcr_c.a(remove.o)
                0x00001ee6                remove
 .text.strlen   0x00001efa       0x4a c:/nxp/mcuxpressoide_10.2.0_759/ide/tools/bin/../lib/gcc/arm-none-eabi/7.2.1/../../../../arm-none-eabi/lib/thumb/v7e-m/fpv4-sp/hard\libcr_c.a(strlen.o)
                0x00001efa                strlen
 .text.memset   0x00001f44        0x4 c:/nxp/mcuxpressoide_10.2.0_759/ide/tools/bin/../lib/gcc/arm-none-eabi/7.2.1/../../../../arm-none-eabi/lib/thumb/v7e-m/fpv4-sp/hard\libcr_c.a(memset.o)
                0x00001f44                memset
 .text._do_fflush
                0x00001f48       0x40 c:/nxp/mcuxpressoide_10.2.0_759/ide/tools/bin/../lib/gcc/arm-none-eabi/7.2.1/../../../../arm-none-eabi/lib/thumb/v7e-m/fpv4-sp/hard\libcr_c.a(_do_fflush.o)
                0x00001f48                _do_fflush
 .text._fflush  0x00001f88       0x52 c:/nxp/mcuxpressoide_10.2.0_759/ide/tools/bin/../lib/gcc/arm-none-eabi/7.2.1/../../../../arm-none-eabi/lib/thumb/v7e-m/fpv4-sp/hard\libcr_c.a(_fflush.o)
                0x00001f88                _fflush
 .text.free     0x00001fda       0x30 c:/nxp/mcuxpressoide_10.2.0_759/ide/tools/bin/../lib/gcc/arm-none-eabi/7.2.1/../../../../arm-none-eabi/lib/thumb/v7e-m/fpv4-sp/hard\libcr_c.a(alloc.o)
                0x00001fda                free
 .text._deferredlazyseek
                0x0000200a       0x40 c:/nxp/mcuxpressoide_10.2.0_759/ide/tools/bin/../lib/gcc/arm-none-eabi/7.2.1/../../../../arm-none-eabi/lib/thumb/v7e-m/fpv4-sp/hard\libcr_c.a(_deferredlazyseek.o)
                0x0000200a                _deferredlazyseek
 .text.__aeabi_memset_lowlevel
                0x0000204a       0x32 c:/nxp/mcuxpressoide_10.2.0_759/ide/tools/bin/../lib/gcc/arm-none-eabi/7.2.1/thumb/v7e-m/fpv4-sp/hard\libcr_eabihelpers.a(memcpy.o)
                0x0000204a                __aeabi_lowlevel_memset
 .text.__sys_close
                0x0000207c        0xc c:/nxp/mcuxpressoide_10.2.0_759/ide/tools/bin/../lib/gcc/arm-none-eabi/7.2.1/../../../../arm-none-eabi/lib/thumb/v7e-m/fpv4-sp/hard\libcr_semihost_nf.a(__sys_close.o)
                0x0000207c                __sys_close
 .text.__sys_flen
                0x00002088        0xc c:/nxp/mcuxpressoide_10.2.0_759/ide/tools/bin/../lib/gcc/arm-none-eabi/7.2.1/../../../../arm-none-eabi/lib/thumb/v7e-m/fpv4-sp/hard\libcr_semihost_nf.a(__sys_flen.o)
                0x00002088                __sys_flen
 .text.__sys_istty
                0x00002094        0xc c:/nxp/mcuxpressoide_10.2.0_759/ide/tools/bin/../lib/gcc/arm-none-eabi/7.2.1/../../../../arm-none-eabi/lib/thumb/v7e-m/fpv4-sp/hard\libcr_semihost_nf.a(__sys_istty.o)
                0x00002094                __sys_istty
 .text.__sys_remove
                0x000020a0        0xc c:/nxp/mcuxpressoide_10.2.0_759/ide/tools/bin/../lib/gcc/arm-none-eabi/7.2.1/../../../../arm-none-eabi/lib/thumb/v7e-m/fpv4-sp/hard\libcr_semihost_nf.a(__sys_remove.o)
                0x000020a0                __sys_remove
 .text.__sys_seek
                0x000020ac        0xc c:/nxp/mcuxpressoide_10.2.0_759/ide/tools/bin/../lib/gcc/arm-none-eabi/7.2.1/../../../../arm-none-eabi/lib/thumb/v7e-m/fpv4-sp/hard\libcr_semihost_nf.a(__sys_seek.o)
                0x000020ac                __sys_seek
 .text.__sys_tmpnam
                0x000020b8        0xc c:/nxp/mcuxpressoide_10.2.0_759/ide/tools/bin/../lib/gcc/arm-none-eabi/7.2.1/../../../../arm-none-eabi/lib/thumb/v7e-m/fpv4-sp/hard\libcr_semihost_nf.a(__sys_tmpnam.o)
                0x000020b8                __sys_tmpnam
 .text.__sys_write
                0x000020c4        0xc c:/nxp/mcuxpressoide_10.2.0_759/ide/tools/bin/../lib/gcc/arm-none-eabi/7.2.1/../../../../arm-none-eabi/lib/thumb/v7e-m/fpv4-sp/hard\libcr_semihost_nf.a(__sys_write.o)
                0x000020c4                __sys_write
 *(SORT_BY_ALIGNMENT(.rodata) SORT_BY_ALIGNMENT(.rodata.*) SORT_BY_ALIGNMENT(.constdata) SORT_BY_ALIGNMENT(.constdata.*))
 .rodata.nums.5192
                0x000020d0        0xa ./source/App.o
 *fill*         0x000020da        0x2 ff
 .rodata.__num_Ciob_streams
                0x000020dc        0x4 c:/nxp/mcuxpressoide_10.2.0_759/ide/tools/bin/../lib/gcc/arm-none-eabi/7.2.1/../../../../arm-none-eabi/lib/thumb/v7e-m/fpv4-sp/hard\libcr_semihost_nf.a(__ciob.o)
                0x000020dc                __num_Ciob_streams
 .rodata._initio.str1.1
                0x000020e0        0x4 c:/nxp/mcuxpressoide_10.2.0_759/ide/tools/bin/../lib/gcc/arm-none-eabi/7.2.1/../../../../arm-none-eabi/lib/thumb/v7e-m/fpv4-sp/hard\libcr_c.a(initio.o)
                0x000020e8                . = ALIGN (0x8)
 *fill*         0x000020e4        0x4 ff

.glue_7         0x000020e8        0x0
 .glue_7        0x000020e8        0x0 linker stubs

.glue_7t        0x000020e8        0x0
 .glue_7t       0x000020e8        0x0 linker stubs

.vfp11_veneer   0x000020e8        0x0
 .vfp11_veneer  0x000020e8        0x0 linker stubs

.v4_bx          0x000020e8        0x0
 .v4_bx         0x000020e8        0x0 linker stubs

.iplt           0x000020e8        0x0
 .iplt          0x000020e8        0x0 ./source/startup/hardware.o

.rel.dyn        0x000020e8        0x0
 .rel.iplt      0x000020e8        0x0 ./source/startup/hardware.o

.ARM.extab
 *(SORT_BY_ALIGNMENT(.ARM.extab*) SORT_BY_ALIGNMENT(.gnu.linkonce.armextab.*))
                0x000020e8                __exidx_start = .

.ARM.exidx
 *(SORT_BY_ALIGNMENT(.ARM.exidx*) SORT_BY_ALIGNMENT(.gnu.linkonce.armexidx.*))
                0x000020e8                __exidx_end = .
                0x000020e8                _etext = .

.m_usb_data
 *(SORT_BY_ALIGNMENT(m_usb_bdt))

.data_RAM       0x20000000        0x0 load address 0x000020e8
 FILL mask 0xff
                [!provide]                PROVIDE (__start_data_RAM, .)
 *(SORT_BY_ALIGNMENT(.ramfunc.$RAM))
 *(SORT_BY_ALIGNMENT(.ramfunc.$SRAM_UPPER))
 *(SORT_BY_ALIGNMENT(.data.$RAM*))
 *(SORT_BY_ALIGNMENT(.data.$SRAM_UPPER*))
                0x20000000                . = ALIGN (0x8)
                [!provide]                PROVIDE (__end_data_RAM, .)

.data_RAM3      0x14000000        0x0 load address 0x000020e8
 FILL mask 0xff
                [!provide]                PROVIDE (__start_data_RAM3, .)
 *(SORT_BY_ALIGNMENT(.ramfunc.$RAM3))
 *(SORT_BY_ALIGNMENT(.ramfunc.$FLEX_RAM))
 *(SORT_BY_ALIGNMENT(.data.$RAM3*))
 *(SORT_BY_ALIGNMENT(.data.$FLEX_RAM*))
                0x14000000                . = ALIGN (0x8)
                [!provide]                PROVIDE (__end_data_RAM3, .)

.uninit_RESERVED
                0x1fff0000        0x0
 *(SORT_BY_ALIGNMENT(.bss.$RESERVED*))
                0x1fff0000                . = ALIGN (0x4)
                0x1fff0000                _end_uninit_RESERVED = .

.data           0x1fff0000       0x38 load address 0x000020e8
 FILL mask 0xff
                0x1fff0000                _data = .
 *(SORT_BY_ALIGNMENT(vtable))
 *(SORT_BY_ALIGNMENT(.ramfunc*))
 *(SORT_BY_ALIGNMENT(.data*))
 .data.displayPins
                0x1fff0000        0x8 ./source/SevenSegDisplay.o
 .data.selectPins
                0x1fff0008        0x2 ./source/SevenSegDisplay.o
 *fill*         0x1fff000a        0x2 ff
 .data.ports    0x1fff000c       0x14 ./source/gpio.o
 .data.gpioPorts
                0x1fff0020       0x14 ./source/gpio.o
 .data.brightness
                0x1fff0034        0x1 ./source/SevenSegDisplay.o
 .data.currBright.5272
                0x1fff0035        0x1 ./source/SevenSegDisplay.o
 .data.window.5273
                0x1fff0036        0x1 ./source/SevenSegDisplay.o
                0x1fff0038                . = ALIGN (0x8)
 *fill*         0x1fff0037        0x1 ff
                0x1fff0038                _edata = .

.igot.plt       0x1fff0038        0x0 load address 0x00002120
 .igot.plt      0x1fff0038        0x0 ./source/startup/hardware.o

.bss_RAM        0x20000000        0x0
                [!provide]                PROVIDE (__start_bss_RAM, .)
 *(SORT_BY_ALIGNMENT(.bss.$RAM*))
 *(SORT_BY_ALIGNMENT(.bss.$SRAM_UPPER*))
                0x20000000                . = ALIGN ((. != 0x0)?0x8:0x1)
                [!provide]                PROVIDE (__end_bss_RAM, .)

.bss_RAM3       0x14000000        0x0
                [!provide]                PROVIDE (__start_bss_RAM3, .)
 *(SORT_BY_ALIGNMENT(.bss.$RAM3*))
 *(SORT_BY_ALIGNMENT(.bss.$FLEX_RAM*))
                0x14000000                . = ALIGN ((. != 0x0)?0x8:0x1)
                [!provide]                PROVIDE (__end_bss_RAM3, .)

.bss            0x1fff0038      0x770
                0x1fff0038                _bss = .
 *(SORT_BY_ALIGNMENT(.bss*))
 .bss.__LDM_interruptDisableCount
                0x1fff0038        0x4 ./source/startup/hardware.o
 .bss.my_message.5191
                0x1fff003c       0x32 ./source/App.o
 *fill*         0x1fff006e        0x2 
 .bss.screen    0x1fff0070       0xc8 ./source/SevenSegDisplay.o
 .bss.sysTickElements
                0x1fff0138      0x190 ./source/SysTick.o
 .bss.idCounter
                0x1fff02c8        0x4 ./source/SysTick.o
 .bss.moves     0x1fff02cc        0x4 ./source/encoder.o
 .bss.callbacks
                0x1fff02d0      0x280 ./source/gpio.o
 .bss.message   0x1fff0550      0x190 ./source/lector.o
 .bss.errno     0x1fff06e0        0x4 c:/nxp/mcuxpressoide_10.2.0_759/ide/tools/bin/../lib/gcc/arm-none-eabi/7.2.1/../../../../arm-none-eabi/lib/thumb/v7e-m/fpv4-sp/hard\libcr_c.a(errno.o)
                0x1fff06e0                errno
 .bss.__Ciob    0x1fff06e4       0xb4 c:/nxp/mcuxpressoide_10.2.0_759/ide/tools/bin/../lib/gcc/arm-none-eabi/7.2.1/../../../../arm-none-eabi/lib/thumb/v7e-m/fpv4-sp/hard\libcr_semihost_nf.a(__ciob.o)
                0x1fff06e4                __Ciob
 .bss.moving_counter
                0x1fff0798        0x2 ./source/SevenSegDisplay.o
 .bss.bit       0x1fff079a        0x2 ./source/lector.o
 .bss.pos       0x1fff079c        0x1 ./source/SevenSegDisplay.o
 .bss.moves_remainig
                0x1fff079d        0x1 ./source/SevenSegDisplay.o
 .bss.isInit.5212
                0x1fff079e        0x1 ./source/SevenSegDisplay.o
 .bss.displayCounter.5271
                0x1fff079f        0x1 ./source/SevenSegDisplay.o
 .bss.existingEvent
                0x1fff07a0        0x1 ./source/encoder.o
 .bss.statusA   0x1fff07a1        0x1 ./source/encoder.o
 .bss.statusB   0x1fff07a2        0x1 ./source/encoder.o
 .bss.init.5150
                0x1fff07a3        0x1 ./source/encoder.o
 .bss.enable    0x1fff07a4        0x1 ./source/lector.o
 .bss.event     0x1fff07a5        0x1 ./source/lector.o
 *(SORT_BY_ALIGNMENT(COMMON))
                0x1fff07a8                . = ALIGN (0x8)
 *fill*         0x1fff07a6        0x2 
                0x1fff07a8                _ebss = .
                [!provide]                PROVIDE (end, .)

.noinit_RAM     0x20000000        0x0
 *(SORT_BY_ALIGNMENT(.noinit.$RAM*))
 *(SORT_BY_ALIGNMENT(.noinit.$SRAM_UPPER*))
                0x20000000                . = ALIGN (0x8)

.noinit_RAM3    0x14000000        0x0
 *(SORT_BY_ALIGNMENT(.noinit.$RAM3*))
 *(SORT_BY_ALIGNMENT(.noinit.$FLEX_RAM*))
                0x14000000                . = ALIGN (0x8)

.noinit         0x1fff07a8        0x0
                0x1fff07a8                _noinit = .
 *(SORT_BY_ALIGNMENT(.noinit*))
                0x1fff07a8                . = ALIGN (0x8)
                0x1fff07a8                _end_noinit = .
                0x00001000                _HeapSize = 0x1000

.heap           0x20000000     0x1000
                0x20000000                _pvHeapStart = .
                0x20001000                . = (. + _HeapSize)
 *fill*         0x20000000     0x1000 
                0x20001000                . = ALIGN (0x8)
                0x20001000                _pvHeapLimit = .
                0x00001000                _StackSize = 0x1000

.heap2stackfill
                0x20001000     0x1000
                0x20002000                . = (. + _StackSize)
 *fill*         0x20001000     0x1000 

.stack          0x2002f000        0x0
                0x2002f000                _vStackBase = .
                0x2002f000                . = ALIGN (0x8)
                0x20030000                _vStackTop = (. + _StackSize)
                0x00000000                _image_start = LOADADDR (.text)
                0x00002120                _image_end = (LOADADDR (.data) + SIZEOF (.data))
                0x00002120                _image_size = (_image_end - _image_start)
OUTPUT(7SegDisplay.axf elf32-littlearm)

.debug_info     0x00000000     0x335d
 .debug_info    0x00000000      0x6aa ./source/startup/hardware.o
 .debug_info    0x000006aa       0xec ./source/startup/main.o
 .debug_info    0x00000796       0x3b ./source/startup/semihost_hardfault.o
 .debug_info    0x000007d1      0x8b0 ./source/startup/startup_mk64f12.o
 .debug_info    0x00001081      0x244 ./source/App.o
 .debug_info    0x000012c5      0x4af ./source/SevenSegDisplay.o
 .debug_info    0x00001774      0x52b ./source/SysTick.o
 .debug_info    0x00001c9f      0x1b3 ./source/encoder.o
 .debug_info    0x00001e52      0xa99 ./source/gpio.o
 .debug_info    0x000028eb      0x441 ./source/lector.o
 .debug_info    0x00002d2c      0x631 ./CMSIS/system_MK64F12.o

.debug_abbrev   0x00000000      0xdfc
 .debug_abbrev  0x00000000      0x14d ./source/startup/hardware.o
 .debug_abbrev  0x0000014d       0x9b ./source/startup/main.o
 .debug_abbrev  0x000001e8       0x2f ./source/startup/semihost_hardfault.o
 .debug_abbrev  0x00000217      0x15c ./source/startup/startup_mk64f12.o
 .debug_abbrev  0x00000373      0x124 ./source/App.o
 .debug_abbrev  0x00000497      0x175 ./source/SevenSegDisplay.o
 .debug_abbrev  0x0000060c      0x1bb ./source/SysTick.o
 .debug_abbrev  0x000007c7      0x109 ./source/encoder.o
 .debug_abbrev  0x000008d0      0x221 ./source/gpio.o
 .debug_abbrev  0x00000af1      0x1b7 ./source/lector.o
 .debug_abbrev  0x00000ca8      0x154 ./CMSIS/system_MK64F12.o

.debug_aranges  0x00000000      0x5d0
 .debug_aranges
                0x00000000       0x30 ./source/startup/hardware.o
 .debug_aranges
                0x00000030       0x20 ./source/startup/main.o
 .debug_aranges
                0x00000050       0x20 ./source/startup/semihost_hardfault.o
 .debug_aranges
                0x00000070      0x330 ./source/startup/startup_mk64f12.o
 .debug_aranges
                0x000003a0       0x28 ./source/App.o
 .debug_aranges
                0x000003c8       0x70 ./source/SevenSegDisplay.o
 .debug_aranges
                0x00000438       0x58 ./source/SysTick.o
 .debug_aranges
                0x00000490       0x30 ./source/encoder.o
 .debug_aranges
                0x000004c0       0x88 ./source/gpio.o
 .debug_aranges
                0x00000548       0x58 ./source/lector.o
 .debug_aranges
                0x000005a0       0x30 ./CMSIS/system_MK64F12.o

.debug_ranges   0x00000000      0x520
 .debug_ranges  0x00000000       0x20 ./source/startup/hardware.o
 .debug_ranges  0x00000020       0x10 ./source/startup/main.o
 .debug_ranges  0x00000030       0x10 ./source/startup/semihost_hardfault.o
 .debug_ranges  0x00000040      0x320 ./source/startup/startup_mk64f12.o
 .debug_ranges  0x00000360       0x18 ./source/App.o
 .debug_ranges  0x00000378       0x60 ./source/SevenSegDisplay.o
 .debug_ranges  0x000003d8       0x48 ./source/SysTick.o
 .debug_ranges  0x00000420       0x20 ./source/encoder.o
 .debug_ranges  0x00000440       0x78 ./source/gpio.o
 .debug_ranges  0x000004b8       0x48 ./source/lector.o
 .debug_ranges  0x00000500       0x20 ./CMSIS/system_MK64F12.o

.debug_macro    0x00000000    0x11e48
 .debug_macro   0x00000000       0xb4 ./source/startup/hardware.o
 .debug_macro   0x000000b4      0xa90 ./source/startup/hardware.o
 .debug_macro   0x00000b44       0x10 ./source/startup/hardware.o
 .debug_macro   0x00000b54      0x12d ./source/startup/hardware.o
 .debug_macro   0x00000c81      0x5b2 ./source/startup/hardware.o
 .debug_macro   0x00001233       0x22 ./source/startup/hardware.o
 .debug_macro   0x00001255       0x10 ./source/startup/hardware.o
 .debug_macro   0x00001265       0x5c ./source/startup/hardware.o
 .debug_macro   0x000012c1       0x1c ./source/startup/hardware.o
 .debug_macro   0x000012dd       0x22 ./source/startup/hardware.o
 .debug_macro   0x000012ff       0xdf ./source/startup/hardware.o
 .debug_macro   0x000013de      0xecf ./source/startup/hardware.o
 .debug_macro   0x000022ad       0x48 ./source/startup/hardware.o
 .debug_macro   0x000022f5     0xe07b ./source/startup/hardware.o
 .debug_macro   0x00010370     0x122b ./source/startup/hardware.o
 .debug_macro   0x0001159b       0x16 ./source/startup/hardware.o
 .debug_macro   0x000115b1       0xb4 ./source/startup/main.o
 .debug_macro   0x00011665       0x11 ./source/startup/semihost_hardfault.o
 .debug_macro   0x00011676       0x29 ./source/startup/startup_mk64f12.o
 .debug_macro   0x0001169f       0x88 ./source/App.o
 .debug_macro   0x00011727       0x3a ./source/App.o
 .debug_macro   0x00011761       0x94 ./source/App.o
 .debug_macro   0x000117f5       0x70 ./source/App.o
 .debug_macro   0x00011865       0x16 ./source/App.o
 .debug_macro   0x0001187b       0x1c ./source/App.o
 .debug_macro   0x00011897       0x96 ./source/SevenSegDisplay.o
 .debug_macro   0x0001192d       0x6a ./source/SevenSegDisplay.o
 .debug_macro   0x00011997       0x40 ./source/SevenSegDisplay.o
 .debug_macro   0x000119d7       0x16 ./source/SevenSegDisplay.o
 .debug_macro   0x000119ed       0xf6 ./source/SysTick.o
 .debug_macro   0x00011ae3       0x16 ./source/SysTick.o
 .debug_macro   0x00011af9       0x1c ./source/SysTick.o
 .debug_macro   0x00011b15       0xd2 ./source/SysTick.o
 .debug_macro   0x00011be7       0x6a ./source/encoder.o
 .debug_macro   0x00011c51       0xd1 ./source/gpio.o
 .debug_macro   0x00011d22       0x7e ./source/lector.o
 .debug_macro   0x00011da0       0x10 ./source/lector.o
 .debug_macro   0x00011db0       0x98 ./CMSIS/system_MK64F12.o

.debug_line     0x00000000     0x1cc3
 .debug_line    0x00000000      0x221 ./source/startup/hardware.o
 .debug_line    0x00000221      0x1c2 ./source/startup/main.o
 .debug_line    0x000003e3       0x5c ./source/startup/semihost_hardfault.o
 .debug_line    0x0000043f      0x6db ./source/startup/startup_mk64f12.o
 .debug_line    0x00000b1a      0x19e ./source/App.o
 .debug_line    0x00000cb8      0x323 ./source/SevenSegDisplay.o
 .debug_line    0x00000fdb      0x337 ./source/SysTick.o
 .debug_line    0x00001312      0x1ab ./source/encoder.o
 .debug_line    0x000014bd      0x31d ./source/gpio.o
 .debug_line    0x000017da      0x2d8 ./source/lector.o
 .debug_line    0x00001ab2      0x211 ./CMSIS/system_MK64F12.o

.debug_str      0x00000000    0x79eae
 .debug_str     0x00000000    0x77e31 ./source/startup/hardware.o
                              0x77ebf (size before relaxing)
 .debug_str     0x00077e31       0x1e ./source/startup/main.o
                              0x77c93 (size before relaxing)
 .debug_str     0x00077e4f       0x39 ./source/startup/semihost_hardfault.o
                               0x2db8 (size before relaxing)
 .debug_str     0x00077e88      0x83d ./source/startup/startup_mk64f12.o
                               0x3626 (size before relaxing)
 .debug_str     0x000786c5      0x5e2 ./source/App.o
                               0x4ab4 (size before relaxing)
 .debug_str     0x00078ca7      0x2f8 ./source/SevenSegDisplay.o
                               0x4ce7 (size before relaxing)
 .debug_str     0x00078f9f      0x604 ./source/SysTick.o
                              0x78320 (size before relaxing)
 .debug_str     0x000795a3       0x66 ./source/encoder.o
                               0x48d8 (size before relaxing)
 .debug_str     0x00079609      0x659 ./source/gpio.o
                              0x784fc (size before relaxing)
 .debug_str     0x00079c62      0x1ee ./source/lector.o
                               0x4a5c (size before relaxing)
 .debug_str     0x00079e50       0x5e ./CMSIS/system_MK64F12.o
                              0x77dc7 (size before relaxing)

.comment        0x00000000       0x7e
 .comment       0x00000000       0x7e ./source/startup/hardware.o
                                 0x7f (size before relaxing)
 .comment       0x0000007e       0x7f ./source/startup/main.o
 .comment       0x0000007e       0x7f ./source/startup/semihost_hardfault.o
 .comment       0x0000007e       0x7f ./source/startup/startup_mk64f12.o
 .comment       0x0000007e       0x7f ./source/App.o
 .comment       0x0000007e       0x7f ./source/SevenSegDisplay.o
 .comment       0x0000007e       0x7f ./source/SysTick.o
 .comment       0x0000007e       0x7f ./source/encoder.o
 .comment       0x0000007e       0x7f ./source/gpio.o
 .comment       0x0000007e       0x7f ./source/lector.o
 .comment       0x0000007e       0x7f ./CMSIS/system_MK64F12.o
 .comment       0x0000007e       0x7f c:/nxp/mcuxpressoide_10.2.0_759/ide/tools/bin/../lib/gcc/arm-none-eabi/7.2.1/../../../../arm-none-eabi/lib/thumb/v7e-m/fpv4-sp/hard\libcr_semihost_nf.a(_cr__main.o)
 .comment       0x0000007e       0x7f c:/nxp/mcuxpressoide_10.2.0_759/ide/tools/bin/../lib/gcc/arm-none-eabi/7.2.1/../../../../arm-none-eabi/lib/thumb/v7e-m/fpv4-sp/hard\libcr_c.a(initio.o)
 .comment       0x0000007e       0x7f c:/nxp/mcuxpressoide_10.2.0_759/ide/tools/bin/../lib/gcc/arm-none-eabi/7.2.1/../../../../arm-none-eabi/lib/thumb/v7e-m/fpv4-sp/hard\libcr_c.a(setvbuf.o)
 .comment       0x0000007e       0x7f c:/nxp/mcuxpressoide_10.2.0_759/ide/tools/bin/../lib/gcc/arm-none-eabi/7.2.1/../../../../arm-none-eabi/lib/thumb/v7e-m/fpv4-sp/hard\libcr_c.a(_fdopen.o)
 .comment       0x0000007e       0x7f c:/nxp/mcuxpressoide_10.2.0_759/ide/tools/bin/../lib/gcc/arm-none-eabi/7.2.1/../../../../arm-none-eabi/lib/thumb/v7e-m/fpv4-sp/hard\libcr_c.a(fclose.o)
 .comment       0x0000007e       0x7f c:/nxp/mcuxpressoide_10.2.0_759/ide/tools/bin/../lib/gcc/arm-none-eabi/7.2.1/../../../../arm-none-eabi/lib/thumb/v7e-m/fpv4-sp/hard\libcr_c.a(fflush.o)
 .comment       0x0000007e       0x7f c:/nxp/mcuxpressoide_10.2.0_759/ide/tools/bin/../lib/gcc/arm-none-eabi/7.2.1/../../../../arm-none-eabi/lib/thumb/v7e-m/fpv4-sp/hard\libcr_c.a(fseek.o)
 .comment       0x0000007e       0x7f c:/nxp/mcuxpressoide_10.2.0_759/ide/tools/bin/../lib/gcc/arm-none-eabi/7.2.1/../../../../arm-none-eabi/lib/thumb/v7e-m/fpv4-sp/hard\libcr_c.a(ftell.o)
 .comment       0x0000007e       0x7f c:/nxp/mcuxpressoide_10.2.0_759/ide/tools/bin/../lib/gcc/arm-none-eabi/7.2.1/../../../../arm-none-eabi/lib/thumb/v7e-m/fpv4-sp/hard\libcr_c.a(remove.o)
 .comment       0x0000007e       0x7f c:/nxp/mcuxpressoide_10.2.0_759/ide/tools/bin/../lib/gcc/arm-none-eabi/7.2.1/../../../../arm-none-eabi/lib/thumb/v7e-m/fpv4-sp/hard\libcr_c.a(strlen.o)
 .comment       0x0000007e       0x7f c:/nxp/mcuxpressoide_10.2.0_759/ide/tools/bin/../lib/gcc/arm-none-eabi/7.2.1/../../../../arm-none-eabi/lib/thumb/v7e-m/fpv4-sp/hard\libcr_c.a(memset.o)
 .comment       0x0000007e       0x7f c:/nxp/mcuxpressoide_10.2.0_759/ide/tools/bin/../lib/gcc/arm-none-eabi/7.2.1/../../../../arm-none-eabi/lib/thumb/v7e-m/fpv4-sp/hard\libcr_c.a(_do_fflush.o)
 .comment       0x0000007e       0x7f c:/nxp/mcuxpressoide_10.2.0_759/ide/tools/bin/../lib/gcc/arm-none-eabi/7.2.1/../../../../arm-none-eabi/lib/thumb/v7e-m/fpv4-sp/hard\libcr_c.a(_fflush.o)
 .comment       0x0000007e       0x7f c:/nxp/mcuxpressoide_10.2.0_759/ide/tools/bin/../lib/gcc/arm-none-eabi/7.2.1/../../../../arm-none-eabi/lib/thumb/v7e-m/fpv4-sp/hard\libcr_c.a(_writebuf.o)
 .comment       0x0000007e       0x7f c:/nxp/mcuxpressoide_10.2.0_759/ide/tools/bin/../lib/gcc/arm-none-eabi/7.2.1/../../../../arm-none-eabi/lib/thumb/v7e-m/fpv4-sp/hard\libcr_c.a(alloc.o)
 .comment       0x0000007e       0x7f c:/nxp/mcuxpressoide_10.2.0_759/ide/tools/bin/../lib/gcc/arm-none-eabi/7.2.1/../../../../arm-none-eabi/lib/thumb/v7e-m/fpv4-sp/hard\libcr_c.a(errno.o)
 .comment       0x0000007e       0x7f c:/nxp/mcuxpressoide_10.2.0_759/ide/tools/bin/../lib/gcc/arm-none-eabi/7.2.1/../../../../arm-none-eabi/lib/thumb/v7e-m/fpv4-sp/hard\libcr_c.a(_deferredlazyseek.o)
 .comment       0x0000007e       0x7f c:/nxp/mcuxpressoide_10.2.0_759/ide/tools/bin/../lib/gcc/arm-none-eabi/7.2.1/../../../../arm-none-eabi/lib/thumb/v7e-m/fpv4-sp/hard\libcr_semihost_nf.a(__ciob.o)

.ARM.attributes
                0x00000000       0x37
 .ARM.attributes
                0x00000000       0x39 ./source/startup/hardware.o
 .ARM.attributes
                0x00000039       0x39 ./source/startup/main.o
 .ARM.attributes
                0x00000072       0x39 ./source/startup/semihost_hardfault.o
 .ARM.attributes
                0x000000ab       0x39 ./source/startup/startup_mk64f12.o
 .ARM.attributes
                0x000000e4       0x39 ./source/App.o
 .ARM.attributes
                0x0000011d       0x39 ./source/SevenSegDisplay.o
 .ARM.attributes
                0x00000156       0x39 ./source/SysTick.o
 .ARM.attributes
                0x0000018f       0x39 ./source/encoder.o
 .ARM.attributes
                0x000001c8       0x39 ./source/gpio.o
 .ARM.attributes
                0x00000201       0x39 ./source/lector.o
 .ARM.attributes
                0x0000023a       0x39 ./CMSIS/system_MK64F12.o
 .ARM.attributes
                0x00000273       0x39 c:/nxp/mcuxpressoide_10.2.0_759/ide/tools/bin/../lib/gcc/arm-none-eabi/7.2.1/../../../../arm-none-eabi/lib/thumb/v7e-m/fpv4-sp/hard\libcr_semihost_nf.a(_cr__main.o)
 .ARM.attributes
                0x000002ac       0x39 c:/nxp/mcuxpressoide_10.2.0_759/ide/tools/bin/../lib/gcc/arm-none-eabi/7.2.1/../../../../arm-none-eabi/lib/thumb/v7e-m/fpv4-sp/hard\libcr_c.a(initio.o)
 .ARM.attributes
                0x000002e5       0x39 c:/nxp/mcuxpressoide_10.2.0_759/ide/tools/bin/../lib/gcc/arm-none-eabi/7.2.1/../../../../arm-none-eabi/lib/thumb/v7e-m/fpv4-sp/hard\libcr_c.a(setvbuf.o)
 .ARM.attributes
                0x0000031e       0x39 c:/nxp/mcuxpressoide_10.2.0_759/ide/tools/bin/../lib/gcc/arm-none-eabi/7.2.1/../../../../arm-none-eabi/lib/thumb/v7e-m/fpv4-sp/hard\libcr_c.a(_fdopen.o)
 .ARM.attributes
                0x00000357       0x39 c:/nxp/mcuxpressoide_10.2.0_759/ide/tools/bin/../lib/gcc/arm-none-eabi/7.2.1/../../../../arm-none-eabi/lib/thumb/v7e-m/fpv4-sp/hard\libcr_c.a(fclose.o)
 .ARM.attributes
                0x00000390       0x39 c:/nxp/mcuxpressoide_10.2.0_759/ide/tools/bin/../lib/gcc/arm-none-eabi/7.2.1/../../../../arm-none-eabi/lib/thumb/v7e-m/fpv4-sp/hard\libcr_c.a(fflush.o)
 .ARM.attributes
                0x000003c9       0x39 c:/nxp/mcuxpressoide_10.2.0_759/ide/tools/bin/../lib/gcc/arm-none-eabi/7.2.1/../../../../arm-none-eabi/lib/thumb/v7e-m/fpv4-sp/hard\libcr_c.a(fseek.o)
 .ARM.attributes
                0x00000402       0x39 c:/nxp/mcuxpressoide_10.2.0_759/ide/tools/bin/../lib/gcc/arm-none-eabi/7.2.1/../../../../arm-none-eabi/lib/thumb/v7e-m/fpv4-sp/hard\libcr_c.a(ftell.o)
 .ARM.attributes
                0x0000043b       0x39 c:/nxp/mcuxpressoide_10.2.0_759/ide/tools/bin/../lib/gcc/arm-none-eabi/7.2.1/../../../../arm-none-eabi/lib/thumb/v7e-m/fpv4-sp/hard\libcr_c.a(remove.o)
 .ARM.attributes
                0x00000474       0x39 c:/nxp/mcuxpressoide_10.2.0_759/ide/tools/bin/../lib/gcc/arm-none-eabi/7.2.1/../../../../arm-none-eabi/lib/thumb/v7e-m/fpv4-sp/hard\libcr_c.a(strlen.o)
 .ARM.attributes
                0x000004ad       0x39 c:/nxp/mcuxpressoide_10.2.0_759/ide/tools/bin/../lib/gcc/arm-none-eabi/7.2.1/../../../../arm-none-eabi/lib/thumb/v7e-m/fpv4-sp/hard\libcr_c.a(memset.o)
 .ARM.attributes
                0x000004e6       0x39 c:/nxp/mcuxpressoide_10.2.0_759/ide/tools/bin/../lib/gcc/arm-none-eabi/7.2.1/../../../../arm-none-eabi/lib/thumb/v7e-m/fpv4-sp/hard\libcr_c.a(_do_fflush.o)
 .ARM.attributes
                0x0000051f       0x39 c:/nxp/mcuxpressoide_10.2.0_759/ide/tools/bin/../lib/gcc/arm-none-eabi/7.2.1/../../../../arm-none-eabi/lib/thumb/v7e-m/fpv4-sp/hard\libcr_c.a(_fflush.o)
 .ARM.attributes
                0x00000558       0x39 c:/nxp/mcuxpressoide_10.2.0_759/ide/tools/bin/../lib/gcc/arm-none-eabi/7.2.1/../../../../arm-none-eabi/lib/thumb/v7e-m/fpv4-sp/hard\libcr_c.a(_writebuf.o)
 .ARM.attributes
                0x00000591       0x39 c:/nxp/mcuxpressoide_10.2.0_759/ide/tools/bin/../lib/gcc/arm-none-eabi/7.2.1/../../../../arm-none-eabi/lib/thumb/v7e-m/fpv4-sp/hard\libcr_c.a(alloc.o)
 .ARM.attributes
                0x000005ca       0x39 c:/nxp/mcuxpressoide_10.2.0_759/ide/tools/bin/../lib/gcc/arm-none-eabi/7.2.1/../../../../arm-none-eabi/lib/thumb/v7e-m/fpv4-sp/hard\libcr_c.a(errno.o)
 .ARM.attributes
                0x00000603       0x39 c:/nxp/mcuxpressoide_10.2.0_759/ide/tools/bin/../lib/gcc/arm-none-eabi/7.2.1/../../../../arm-none-eabi/lib/thumb/v7e-m/fpv4-sp/hard\libcr_c.a(_deferredlazyseek.o)
 .ARM.attributes
                0x0000063c       0x25 c:/nxp/mcuxpressoide_10.2.0_759/ide/tools/bin/../lib/gcc/arm-none-eabi/7.2.1/thumb/v7e-m/fpv4-sp/hard\libcr_eabihelpers.a(memcpy.o)
 .ARM.attributes
                0x00000661       0x39 c:/nxp/mcuxpressoide_10.2.0_759/ide/tools/bin/../lib/gcc/arm-none-eabi/7.2.1/../../../../arm-none-eabi/lib/thumb/v7e-m/fpv4-sp/hard\libcr_semihost_nf.a(__ciob.o)
 .ARM.attributes
                0x0000069a       0x25 c:/nxp/mcuxpressoide_10.2.0_759/ide/tools/bin/../lib/gcc/arm-none-eabi/7.2.1/../../../../arm-none-eabi/lib/thumb/v7e-m/fpv4-sp/hard\libcr_semihost_nf.a(__sys_close.o)
 .ARM.attributes
                0x000006bf       0x25 c:/nxp/mcuxpressoide_10.2.0_759/ide/tools/bin/../lib/gcc/arm-none-eabi/7.2.1/../../../../arm-none-eabi/lib/thumb/v7e-m/fpv4-sp/hard\libcr_semihost_nf.a(__sys_flen.o)
 .ARM.attributes
                0x000006e4       0x25 c:/nxp/mcuxpressoide_10.2.0_759/ide/tools/bin/../lib/gcc/arm-none-eabi/7.2.1/../../../../arm-none-eabi/lib/thumb/v7e-m/fpv4-sp/hard\libcr_semihost_nf.a(__sys_istty.o)
 .ARM.attributes
                0x00000709       0x25 c:/nxp/mcuxpressoide_10.2.0_759/ide/tools/bin/../lib/gcc/arm-none-eabi/7.2.1/../../../../arm-none-eabi/lib/thumb/v7e-m/fpv4-sp/hard\libcr_semihost_nf.a(__sys_remove.o)
 .ARM.attributes
                0x0000072e       0x25 c:/nxp/mcuxpressoide_10.2.0_759/ide/tools/bin/../lib/gcc/arm-none-eabi/7.2.1/../../../../arm-none-eabi/lib/thumb/v7e-m/fpv4-sp/hard\libcr_semihost_nf.a(__sys_seek.o)
 .ARM.attributes
                0x00000753       0x25 c:/nxp/mcuxpressoide_10.2.0_759/ide/tools/bin/../lib/gcc/arm-none-eabi/7.2.1/../../../../arm-none-eabi/lib/thumb/v7e-m/fpv4-sp/hard\libcr_semihost_nf.a(__sys_tmpnam.o)
 .ARM.attributes
                0x00000778       0x25 c:/nxp/mcuxpressoide_10.2.0_759/ide/tools/bin/../lib/gcc/arm-none-eabi/7.2.1/../../../../arm-none-eabi/lib/thumb/v7e-m/fpv4-sp/hard\libcr_semihost_nf.a(__sys_write.o)

.debug_frame    0x00000000     0x1170
 .debug_frame   0x00000000       0x70 ./source/startup/hardware.o
 .debug_frame   0x00000070       0x2c ./source/startup/main.o
 .debug_frame   0x0000009c       0x20 ./source/startup/semihost_hardfault.o
 .debug_frame   0x000000bc      0x904 ./source/startup/startup_mk64f12.o
 .debug_frame   0x000009c0       0x50 ./source/App.o
 .debug_frame   0x00000a10      0x1bc ./source/SevenSegDisplay.o
 .debug_frame   0x00000bcc      0x140 ./source/SysTick.o
 .debug_frame   0x00000d0c       0x78 ./source/encoder.o
 .debug_frame   0x00000d84      0x24c ./source/gpio.o
 .debug_frame   0x00000fd0      0x12c ./source/lector.o
 .debug_frame   0x000010fc       0x74 ./CMSIS/system_MK64F12.o
